<?xml version="1.0"?>
<link_info>
   <banner>TI ARM Linker PC v16.9.4.LTS</banner>
   <copyright>Copyright (c) 1996-2017 Texas Instruments Incorporated</copyright>
   <link_time>0x5aded4ec</link_time>
   <link_errors>0x0</link_errors>
   <output_file>Gesture_sensor.out</output_file>
   <entry_point>
      <name>_c_int00</name>
      <address>0x466d</address>
   </entry_point>
   <input_file_list>
      <input_file id="fl-2">
         <path>.\</path>
         <kind>object</kind>
         <file>epi_workaround_ccs.obj</file>
         <name>epi_workaround_ccs.obj</name>
      </input_file>
      <input_file id="fl-3">
         <path>.\</path>
         <kind>object</kind>
         <file>gesture_sensor.obj</file>
         <name>gesture_sensor.obj</name>
      </input_file>
      <input_file id="fl-4">
         <path>.\</path>
         <kind>object</kind>
         <file>i2c_comm.obj</file>
         <name>i2c_comm.obj</name>
      </input_file>
      <input_file id="fl-5">
         <path>.\</path>
         <kind>object</kind>
         <file>main.obj</file>
         <name>main.obj</name>
      </input_file>
      <input_file id="fl-6">
         <path>.\</path>
         <kind>object</kind>
         <file>tm4c1294ncpdt_startup_ccs.obj</file>
         <name>tm4c1294ncpdt_startup_ccs.obj</name>
      </input_file>
      <input_file id="fl-7">
         <path>.\driverlib\</path>
         <kind>object</kind>
         <file>adc.obj</file>
         <name>adc.obj</name>
      </input_file>
      <input_file id="fl-8">
         <path>.\driverlib\</path>
         <kind>object</kind>
         <file>aes.obj</file>
         <name>aes.obj</name>
      </input_file>
      <input_file id="fl-9">
         <path>.\driverlib\</path>
         <kind>object</kind>
         <file>can.obj</file>
         <name>can.obj</name>
      </input_file>
      <input_file id="fl-a">
         <path>.\driverlib\</path>
         <kind>object</kind>
         <file>comp.obj</file>
         <name>comp.obj</name>
      </input_file>
      <input_file id="fl-b">
         <path>.\driverlib\</path>
         <kind>object</kind>
         <file>cpu.obj</file>
         <name>cpu.obj</name>
      </input_file>
      <input_file id="fl-c">
         <path>.\driverlib\</path>
         <kind>object</kind>
         <file>crc.obj</file>
         <name>crc.obj</name>
      </input_file>
      <input_file id="fl-d">
         <path>.\driverlib\</path>
         <kind>object</kind>
         <file>des.obj</file>
         <name>des.obj</name>
      </input_file>
      <input_file id="fl-e">
         <path>.\driverlib\</path>
         <kind>object</kind>
         <file>eeprom.obj</file>
         <name>eeprom.obj</name>
      </input_file>
      <input_file id="fl-f">
         <path>.\driverlib\</path>
         <kind>object</kind>
         <file>emac.obj</file>
         <name>emac.obj</name>
      </input_file>
      <input_file id="fl-10">
         <path>.\driverlib\</path>
         <kind>object</kind>
         <file>epi.obj</file>
         <name>epi.obj</name>
      </input_file>
      <input_file id="fl-11">
         <path>.\driverlib\</path>
         <kind>object</kind>
         <file>flash.obj</file>
         <name>flash.obj</name>
      </input_file>
      <input_file id="fl-12">
         <path>.\driverlib\</path>
         <kind>object</kind>
         <file>fpu.obj</file>
         <name>fpu.obj</name>
      </input_file>
      <input_file id="fl-13">
         <path>.\driverlib\</path>
         <kind>object</kind>
         <file>gpio.obj</file>
         <name>gpio.obj</name>
      </input_file>
      <input_file id="fl-14">
         <path>.\driverlib\</path>
         <kind>object</kind>
         <file>hibernate.obj</file>
         <name>hibernate.obj</name>
      </input_file>
      <input_file id="fl-15">
         <path>.\driverlib\</path>
         <kind>object</kind>
         <file>i2c.obj</file>
         <name>i2c.obj</name>
      </input_file>
      <input_file id="fl-16">
         <path>.\driverlib\</path>
         <kind>object</kind>
         <file>interrupt.obj</file>
         <name>interrupt.obj</name>
      </input_file>
      <input_file id="fl-17">
         <path>.\driverlib\</path>
         <kind>object</kind>
         <file>lcd.obj</file>
         <name>lcd.obj</name>
      </input_file>
      <input_file id="fl-18">
         <path>.\driverlib\</path>
         <kind>object</kind>
         <file>mpu.obj</file>
         <name>mpu.obj</name>
      </input_file>
      <input_file id="fl-19">
         <path>.\driverlib\</path>
         <kind>object</kind>
         <file>onewire.obj</file>
         <name>onewire.obj</name>
      </input_file>
      <input_file id="fl-1a">
         <path>.\driverlib\</path>
         <kind>object</kind>
         <file>pwm.obj</file>
         <name>pwm.obj</name>
      </input_file>
      <input_file id="fl-1b">
         <path>.\driverlib\</path>
         <kind>object</kind>
         <file>qei.obj</file>
         <name>qei.obj</name>
      </input_file>
      <input_file id="fl-1c">
         <path>.\driverlib\</path>
         <kind>object</kind>
         <file>shamd5.obj</file>
         <name>shamd5.obj</name>
      </input_file>
      <input_file id="fl-1d">
         <path>.\driverlib\</path>
         <kind>object</kind>
         <file>ssi.obj</file>
         <name>ssi.obj</name>
      </input_file>
      <input_file id="fl-1e">
         <path>.\driverlib\</path>
         <kind>object</kind>
         <file>sw_crc.obj</file>
         <name>sw_crc.obj</name>
      </input_file>
      <input_file id="fl-1f">
         <path>.\driverlib\</path>
         <kind>object</kind>
         <file>sysctl.obj</file>
         <name>sysctl.obj</name>
      </input_file>
      <input_file id="fl-20">
         <path>.\driverlib\</path>
         <kind>object</kind>
         <file>sysexc.obj</file>
         <name>sysexc.obj</name>
      </input_file>
      <input_file id="fl-21">
         <path>.\driverlib\</path>
         <kind>object</kind>
         <file>systick.obj</file>
         <name>systick.obj</name>
      </input_file>
      <input_file id="fl-22">
         <path>.\driverlib\</path>
         <kind>object</kind>
         <file>timer.obj</file>
         <name>timer.obj</name>
      </input_file>
      <input_file id="fl-23">
         <path>.\driverlib\</path>
         <kind>object</kind>
         <file>uart.obj</file>
         <name>uart.obj</name>
      </input_file>
      <input_file id="fl-24">
         <path>.\driverlib\</path>
         <kind>object</kind>
         <file>udma.obj</file>
         <name>udma.obj</name>
      </input_file>
      <input_file id="fl-25">
         <path>.\driverlib\</path>
         <kind>object</kind>
         <file>usb.obj</file>
         <name>usb.obj</name>
      </input_file>
      <input_file id="fl-26">
         <path>.\driverlib\</path>
         <kind>object</kind>
         <file>watchdog.obj</file>
         <name>watchdog.obj</name>
      </input_file>
      <input_file id="fl-27">
         <path>.\utils\</path>
         <kind>object</kind>
         <file>uartstdio.obj</file>
         <name>uartstdio.obj</name>
      </input_file>
      <input_file id="fl-28">
         <path>.\utils\</path>
         <kind>object</kind>
         <file>ustdlib.obj</file>
         <name>ustdlib.obj</name>
      </input_file>
      <input_file id="fl-30">
         <kind>object</kind>
         <file>&lt;internal&gt;</file>
         <name>&lt;internal&gt;</name>
      </input_file>
      <input_file id="fl-e6">
         <path>C:\ti\ccsv7\tools\compiler\ti-cgt-arm_16.9.4.LTS\lib\</path>
         <kind>archive</kind>
         <file>rtsv7M4_T_le_v4SPD16_eabi.lib</file>
         <name>boot.obj</name>
      </input_file>
      <input_file id="fl-e7">
         <path>C:\ti\ccsv7\tools\compiler\ti-cgt-arm_16.9.4.LTS\lib\</path>
         <kind>archive</kind>
         <file>rtsv7M4_T_le_v4SPD16_eabi.lib</file>
         <name>copy_decompress_lzss.obj</name>
      </input_file>
      <input_file id="fl-e8">
         <path>C:\ti\ccsv7\tools\compiler\ti-cgt-arm_16.9.4.LTS\lib\</path>
         <kind>archive</kind>
         <file>rtsv7M4_T_le_v4SPD16_eabi.lib</file>
         <name>copy_decompress_none.obj</name>
      </input_file>
      <input_file id="fl-e9">
         <path>C:\ti\ccsv7\tools\compiler\ti-cgt-arm_16.9.4.LTS\lib\</path>
         <kind>archive</kind>
         <file>rtsv7M4_T_le_v4SPD16_eabi.lib</file>
         <name>copy_zero_init.obj</name>
      </input_file>
      <input_file id="fl-ea">
         <path>C:\ti\ccsv7\tools\compiler\ti-cgt-arm_16.9.4.LTS\lib\</path>
         <kind>archive</kind>
         <file>rtsv7M4_T_le_v4SPD16_eabi.lib</file>
         <name>exit.obj</name>
      </input_file>
      <input_file id="fl-eb">
         <path>C:\ti\ccsv7\tools\compiler\ti-cgt-arm_16.9.4.LTS\lib\</path>
         <kind>archive</kind>
         <file>rtsv7M4_T_le_v4SPD16_eabi.lib</file>
         <name>memcpy_t2.obj</name>
      </input_file>
      <input_file id="fl-ec">
         <path>C:\ti\ccsv7\tools\compiler\ti-cgt-arm_16.9.4.LTS\lib\</path>
         <kind>archive</kind>
         <file>rtsv7M4_T_le_v4SPD16_eabi.lib</file>
         <name>memset_t2.obj</name>
      </input_file>
      <input_file id="fl-ed">
         <path>C:\ti\ccsv7\tools\compiler\ti-cgt-arm_16.9.4.LTS\lib\</path>
         <kind>archive</kind>
         <file>rtsv7M4_T_le_v4SPD16_eabi.lib</file>
         <name>mpu_init.obj</name>
      </input_file>
      <input_file id="fl-ee">
         <path>C:\ti\ccsv7\tools\compiler\ti-cgt-arm_16.9.4.LTS\lib\</path>
         <kind>archive</kind>
         <file>rtsv7M4_T_le_v4SPD16_eabi.lib</file>
         <name>pre_init.obj</name>
      </input_file>
      <input_file id="fl-ef">
         <path>C:\ti\ccsv7\tools\compiler\ti-cgt-arm_16.9.4.LTS\lib\</path>
         <kind>archive</kind>
         <file>rtsv7M4_T_le_v4SPD16_eabi.lib</file>
         <name>stkdepth_vars.obj</name>
      </input_file>
      <input_file id="fl-f0">
         <path>C:\ti\ccsv7\tools\compiler\ti-cgt-arm_16.9.4.LTS\lib\</path>
         <kind>archive</kind>
         <file>rtsv7M4_T_le_v4SPD16_eabi.lib</file>
         <name>u_divt2.obj</name>
      </input_file>
      <input_file id="fl-f1">
         <path>C:\ti\ccsv7\tools\compiler\ti-cgt-arm_16.9.4.LTS\lib\</path>
         <kind>archive</kind>
         <file>rtsv7M4_T_le_v4SPD16_eabi.lib</file>
         <name>_lock.obj</name>
      </input_file>
      <input_file id="fl-f2">
         <path>C:\ti\ccsv7\tools\compiler\ti-cgt-arm_16.9.4.LTS\lib\</path>
         <kind>archive</kind>
         <file>rtsv7M4_T_le_v4SPD16_eabi.lib</file>
         <name>args_main.obj</name>
      </input_file>
      <input_file id="fl-f3">
         <path>C:\ti\ccsv7\tools\compiler\ti-cgt-arm_16.9.4.LTS\lib\</path>
         <kind>archive</kind>
         <file>rtsv7M4_T_le_v4SPD16_eabi.lib</file>
         <name>autoinit.obj</name>
      </input_file>
      <input_file id="fl-f4">
         <path>C:\ti\ccsv7\tools\compiler\ti-cgt-arm_16.9.4.LTS\lib\</path>
         <kind>archive</kind>
         <file>rtsv7M4_T_le_v4SPD16_eabi.lib</file>
         <name>cpy_tbl.obj</name>
      </input_file>
      <input_file id="fl-f5">
         <path>C:\ti\ccsv7\tools\compiler\ti-cgt-arm_16.9.4.LTS\lib\</path>
         <kind>archive</kind>
         <file>rtsv7M4_T_le_v4SPD16_eabi.lib</file>
         <name>i_div0.obj</name>
      </input_file>
      <input_file id="fl-f6">
         <path>C:\ti\ccsv7\tools\compiler\ti-cgt-arm_16.9.4.LTS\lib\</path>
         <kind>archive</kind>
         <file>rtsv7M4_T_le_v4SPD16_eabi.lib</file>
         <name>startup.obj</name>
      </input_file>
   </input_file_list>
   <object_component_list>
      <object_component id="oc-f">
         <name>.intvecs</name>
         <load_address>0x0</load_address>
         <run_address>0x0</run_address>
         <size>0x208</size>
         <input_file_ref idref="fl-6"/>
      </object_component>
      <object_component id="oc-80">
         <name>.text</name>
         <load_address>0x208</load_address>
         <run_address>0x208</run_address>
         <size>0xf88</size>
         <input_file_ref idref="fl-1f"/>
      </object_component>
      <object_component id="oc-9e">
         <name>.text</name>
         <load_address>0x1190</load_address>
         <run_address>0x1190</run_address>
         <size>0xe3c</size>
         <input_file_ref idref="fl-3"/>
      </object_component>
      <object_component id="oc-86">
         <name>.text</name>
         <load_address>0x1fcc</load_address>
         <run_address>0x1fcc</run_address>
         <size>0xba0</size>
         <input_file_ref idref="fl-13"/>
      </object_component>
      <object_component id="oc-134">
         <name>.text</name>
         <load_address>0x2b6c</load_address>
         <run_address>0x2b6c</run_address>
         <size>0x704</size>
         <input_file_ref idref="fl-15"/>
      </object_component>
      <object_component id="oc-8c">
         <name>.text</name>
         <load_address>0x3270</load_address>
         <run_address>0x3270</run_address>
         <size>0x638</size>
         <input_file_ref idref="fl-23"/>
      </object_component>
      <object_component id="oc-92">
         <name>.text</name>
         <load_address>0x38a8</load_address>
         <run_address>0x38a8</run_address>
         <size>0x49c</size>
         <input_file_ref idref="fl-27"/>
      </object_component>
      <object_component id="oc-eb">
         <name>.text</name>
         <load_address>0x3d44</load_address>
         <run_address>0x3d44</run_address>
         <size>0x3c0</size>
         <input_file_ref idref="fl-16"/>
      </object_component>
      <object_component id="oc-98">
         <name>.text</name>
         <load_address>0x4104</load_address>
         <run_address>0x4104</run_address>
         <size>0x1e4</size>
         <input_file_ref idref="fl-4"/>
      </object_component>
      <object_component id="oc-31">
         <name>.text</name>
         <load_address>0x42e8</load_address>
         <run_address>0x42e8</run_address>
         <size>0x194</size>
         <input_file_ref idref="fl-5"/>
      </object_component>
      <object_component id="oc-45">
         <name>.text</name>
         <load_address>0x447c</load_address>
         <run_address>0x447c</run_address>
         <size>0x9c</size>
         <input_file_ref idref="fl-eb"/>
      </object_component>
      <object_component id="oc-51">
         <name>.text</name>
         <load_address>0x4518</load_address>
         <run_address>0x4518</run_address>
         <size>0x7a</size>
         <input_file_ref idref="fl-ec"/>
      </object_component>
      <object_component id="oc-1b3">
         <name>.text</name>
         <load_address>0x4592</load_address>
         <run_address>0x4592</run_address>
         <size>0x2</size>
         <input_file_ref idref="fl-f5"/>
      </object_component>
      <object_component id="oc-69">
         <name>.text</name>
         <load_address>0x4594</load_address>
         <run_address>0x4594</run_address>
         <size>0x70</size>
         <input_file_ref idref="fl-f3"/>
      </object_component>
      <object_component id="oc-12">
         <name>.text:decompress:lzss</name>
         <load_address>0x4604</load_address>
         <run_address>0x4604</run_address>
         <size>0x68</size>
         <input_file_ref idref="fl-e7"/>
      </object_component>
      <object_component id="oc-24">
         <name>.text</name>
         <load_address>0x466c</load_address>
         <run_address>0x466c</run_address>
         <size>0x54</size>
         <input_file_ref idref="fl-e6"/>
      </object_component>
      <object_component id="oc-75">
         <name>.text</name>
         <load_address>0x46c0</load_address>
         <run_address>0x46c0</run_address>
         <size>0x54</size>
         <input_file_ref idref="fl-ea"/>
      </object_component>
      <object_component id="oc-cd">
         <name>.text</name>
         <load_address>0x4714</load_address>
         <run_address>0x4714</run_address>
         <size>0x4c</size>
         <input_file_ref idref="fl-f4"/>
      </object_component>
      <object_component id="oc-125">
         <name>.text</name>
         <load_address>0x4760</load_address>
         <run_address>0x4760</run_address>
         <size>0x40</size>
         <input_file_ref idref="fl-f0"/>
      </object_component>
      <object_component id="oc-f1">
         <name>.text</name>
         <load_address>0x47a0</load_address>
         <run_address>0x47a0</run_address>
         <size>0x3e</size>
         <input_file_ref idref="fl-b"/>
      </object_component>
      <object_component id="oc-5d">
         <name>.text</name>
         <load_address>0x47de</load_address>
         <run_address>0x47de</run_address>
         <size>0x2</size>
         <input_file_ref idref="fl-ed"/>
      </object_component>
      <object_component id="oc-6f">
         <name>.text</name>
         <load_address>0x47e0</load_address>
         <run_address>0x47e0</run_address>
         <size>0x18</size>
         <input_file_ref idref="fl-f2"/>
      </object_component>
      <object_component id="oc-169">
         <name>.text</name>
         <load_address>0x47f8</load_address>
         <run_address>0x47f8</run_address>
         <size>0x14</size>
         <input_file_ref idref="fl-f1"/>
      </object_component>
      <object_component id="oc-18">
         <name>.text:decompress:none</name>
         <load_address>0x480c</load_address>
         <run_address>0x480c</run_address>
         <size>0xe</size>
         <input_file_ref idref="fl-e8"/>
      </object_component>
      <object_component id="oc-1e">
         <name>.text:decompress:ZI</name>
         <load_address>0x481a</load_address>
         <run_address>0x481a</run_address>
         <size>0xc</size>
         <input_file_ref idref="fl-e9"/>
      </object_component>
      <object_component id="oc-2b">
         <name>.text</name>
         <load_address>0x4826</load_address>
         <run_address>0x4826</run_address>
         <size>0xc</size>
         <input_file_ref idref="fl-6"/>
      </object_component>
      <object_component id="oc-100">
         <name>.text:SysCtlDelay</name>
         <load_address>0x4832</load_address>
         <run_address>0x4832</run_address>
         <size>0x6</size>
         <input_file_ref idref="fl-1f"/>
      </object_component>
      <object_component id="oc-63">
         <name>.text</name>
         <load_address>0x4838</load_address>
         <run_address>0x4838</run_address>
         <size>0x4</size>
         <input_file_ref idref="fl-ee"/>
      </object_component>
      <object_component id="oc-d3">
         <name>.text</name>
         <load_address>0x483c</load_address>
         <run_address>0x483c</run_address>
         <size>0x2</size>
         <input_file_ref idref="fl-f6"/>
      </object_component>
      <object_component id="oc-fd">
         <name>.const:g_pppui32XTALtoVCO</name>
         <load_address>0x4840</load_address>
         <run_address>0x4840</run_address>
         <size>0x1b0</size>
         <input_file_ref idref="fl-1f"/>
      </object_component>
      <object_component id="oc-109">
         <name>.const:g_ppui32GPIOIntMapSnowflake</name>
         <load_address>0x49f0</load_address>
         <run_address>0x49f0</run_address>
         <size>0xd8</size>
         <input_file_ref idref="fl-13"/>
      </object_component>
      <object_component id="oc-103">
         <name>.const:g_ppui32GPIOIntMapBlizzard</name>
         <load_address>0x4ac8</load_address>
         <run_address>0x4ac8</run_address>
         <size>0xc0</size>
         <input_file_ref idref="fl-13"/>
      </object_component>
      <object_component id="oc-17d">
         <name>.const:g_pui32Regs</name>
         <load_address>0x4b88</load_address>
         <run_address>0x4b88</run_address>
         <size>0x9c</size>
         <input_file_ref idref="fl-16"/>
      </object_component>
      <object_component id="oc-10c">
         <name>.const:g_pui32GPIOBaseAddrs</name>
         <load_address>0x4c24</load_address>
         <run_address>0x4c24</run_address>
         <size>0x90</size>
         <input_file_ref idref="fl-13"/>
      </object_component>
      <object_component id="oc-f7">
         <name>.const:g_pui32Xtals</name>
         <load_address>0x4cb4</load_address>
         <run_address>0x4cb4</run_address>
         <size>0x6c</size>
         <input_file_ref idref="fl-1f"/>
      </object_component>
      <object_component id="oc-1c5">
         <name>.const:g_ppui32I2CIntMapSnowflake</name>
         <load_address>0x4d20</load_address>
         <run_address>0x4d20</run_address>
         <size>0x50</size>
         <input_file_ref idref="fl-15"/>
      </object_component>
      <object_component id="oc-111">
         <name>.const:g_ppui32UARTIntMap</name>
         <load_address>0x4d70</load_address>
         <run_address>0x4d70</run_address>
         <size>0x40</size>
         <input_file_ref idref="fl-23"/>
      </object_component>
      <object_component id="oc-117">
         <name>.const:g_ppui32UARTIntMapSnowflake</name>
         <load_address>0x4db0</load_address>
         <run_address>0x4db0</run_address>
         <size>0x40</size>
         <input_file_ref idref="fl-23"/>
      </object_component>
      <object_component id="oc-1bf">
         <name>.const:g_ppui32I2CIntMap</name>
         <load_address>0x4df0</load_address>
         <run_address>0x4df0</run_address>
         <size>0x30</size>
         <input_file_ref idref="fl-15"/>
      </object_component>
      <object_component id="oc-e8">
         <name>.const:g_sXTALtoMEMTIM</name>
         <load_address>0x4e20</load_address>
         <run_address>0x4e20</run_address>
         <size>0x30</size>
         <input_file_ref idref="fl-1f"/>
      </object_component>
      <object_component id="oc-17a">
         <name>.const:g_pui32Priority</name>
         <load_address>0x4e50</load_address>
         <run_address>0x4e50</run_address>
         <size>0x20</size>
         <input_file_ref idref="fl-16"/>
      </object_component>
      <object_component id="oc-183">
         <name>.const:g_pui32Dii16Regs</name>
         <load_address>0x4e70</load_address>
         <run_address>0x4e70</run_address>
         <size>0x14</size>
         <input_file_ref idref="fl-16"/>
      </object_component>
      <object_component id="oc-180">
         <name>.const:g_pui32EnRegs</name>
         <load_address>0x4e84</load_address>
         <run_address>0x4e84</run_address>
         <size>0x14</size>
         <input_file_ref idref="fl-16"/>
      </object_component>
      <object_component id="oc-186">
         <name>.const:g_pui32PendRegs</name>
         <load_address>0x4e98</load_address>
         <run_address>0x4e98</run_address>
         <size>0x14</size>
         <input_file_ref idref="fl-16"/>
      </object_component>
      <object_component id="oc-189">
         <name>.const:g_pui32UnpendRegs</name>
         <load_address>0x4eac</load_address>
         <run_address>0x4eac</run_address>
         <size>0x14</size>
         <input_file_ref idref="fl-16"/>
      </object_component>
      <object_component id="oc-1ba">
         <name>.const:.string</name>
         <load_address>0x4ec0</load_address>
         <run_address>0x4ec0</run_address>
         <size>0x12</size>
         <input_file_ref idref="fl-27"/>
      </object_component>
      <object_component id="oc-122">
         <name>.const:g_ui32UARTBase</name>
         <load_address>0x4ed4</load_address>
         <run_address>0x4ed4</run_address>
         <size>0xc</size>
         <input_file_ref idref="fl-27"/>
      </object_component>
      <object_component id="oc-11c">
         <name>.const:g_ui32UARTPeriph</name>
         <load_address>0x4ee0</load_address>
         <run_address>0x4ee0</run_address>
         <size>0xc</size>
         <input_file_ref idref="fl-27"/>
      </object_component>
      <object_component id="oc-fa">
         <name>.const:g_pui32VCOFrequencies</name>
         <load_address>0x4eec</load_address>
         <run_address>0x4eec</run_address>
         <size>0x8</size>
         <input_file_ref idref="fl-1f"/>
      </object_component>
      <object_component id="oc-106">
         <name>.const</name>
         <load_address>0x4ef4</load_address>
         <run_address>0x4ef4</run_address>
         <size>0x8</size>
         <input_file_ref idref="fl-13"/>
      </object_component>
      <object_component id="oc-1c2">
         <name>.const</name>
         <load_address>0x4efc</load_address>
         <run_address>0x4efc</run_address>
         <size>0x8</size>
         <input_file_ref idref="fl-15"/>
      </object_component>
      <object_component id="oc-114">
         <name>.const</name>
         <load_address>0x4f04</load_address>
         <run_address>0x4f04</run_address>
         <size>0x8</size>
         <input_file_ref idref="fl-23"/>
      </object_component>
      <object_component id="oc-12a">
         <name>.const</name>
         <load_address>0x4f0c</load_address>
         <run_address>0x4f0c</run_address>
         <size>0x4</size>
         <input_file_ref idref="fl-27"/>
      </object_component>
      <object_component id="oc-218">
         <name>.cinit..data.load</name>
         <load_address>0x4f10</load_address>
         <run_address>0x4f10</run_address>
         <size>0x11</size>
      </object_component>
      <object_component id="oc-215">
         <name>__TI_handler_table</name>
         <load_address>0x4f24</load_address>
         <run_address>0x4f24</run_address>
         <size>0xc</size>
      </object_component>
      <object_component id="oc-219">
         <name>.cinit..bss.load</name>
         <load_address>0x4f30</load_address>
         <run_address>0x4f30</run_address>
         <size>0x8</size>
      </object_component>
      <object_component id="oc-217">
         <name>.cinit..vtable.load</name>
         <load_address>0x4f38</load_address>
         <run_address>0x4f38</run_address>
         <size>0x8</size>
      </object_component>
      <object_component id="oc-216">
         <name>__TI_cinit_table</name>
         <load_address>0x4f40</load_address>
         <run_address>0x4f40</run_address>
         <size>0x18</size>
      </object_component>
      <object_component id="oc-177">
         <name>.vtable</name>
         <uninitialized>true</uninitialized>
         <run_address>0x20000000</run_address>
         <size>0x26c</size>
         <input_file_ref idref="fl-16"/>
      </object_component>
      <object_component id="oc-11f">
         <name>.data</name>
         <load_address>0x2000052c</load_address>
         <run_address>0x2000052c</run_address>
         <size>0x5</size>
         <input_file_ref idref="fl-27"/>
      </object_component>
      <object_component id="oc-dd">
         <name>.data:$O1$$</name>
         <load_address>0x20000518</load_address>
         <run_address>0x20000518</run_address>
         <size>0xc</size>
         <input_file_ref idref="fl-ea"/>
      </object_component>
      <object_component id="oc-7b">
         <name>.data</name>
         <load_address>0x20000534</load_address>
         <run_address>0x20000534</run_address>
         <size>0x4</size>
         <input_file_ref idref="fl-ef"/>
      </object_component>
      <object_component id="oc-e0">
         <name>.data:$O1$$</name>
         <load_address>0x20000524</load_address>
         <run_address>0x20000524</run_address>
         <size>0x8</size>
         <input_file_ref idref="fl-f1"/>
      </object_component>
      <object_component id="oc-13c">
         <name>.common:gesture_data_</name>
         <uninitialized>true</uninitialized>
         <run_address>0x2000046c</run_address>
         <size>0x84</size>
      </object_component>
      <object_component id="oc-13f">
         <name>.common:gesture_ud_delta_</name>
         <uninitialized>true</uninitialized>
         <run_address>0x20000510</run_address>
         <size>0x4</size>
      </object_component>
      <object_component id="oc-140">
         <name>.common:gesture_lr_delta_</name>
         <uninitialized>true</uninitialized>
         <run_address>0x200004fc</run_address>
         <size>0x4</size>
      </object_component>
      <object_component id="oc-141">
         <name>.common:gesture_ud_count_</name>
         <uninitialized>true</uninitialized>
         <run_address>0x2000050c</run_address>
         <size>0x4</size>
      </object_component>
      <object_component id="oc-142">
         <name>.common:gesture_lr_count_</name>
         <uninitialized>true</uninitialized>
         <run_address>0x200004f8</run_address>
         <size>0x4</size>
      </object_component>
      <object_component id="oc-143">
         <name>.common:gesture_near_count_</name>
         <uninitialized>true</uninitialized>
         <run_address>0x20000504</run_address>
         <size>0x4</size>
      </object_component>
      <object_component id="oc-144">
         <name>.common:gesture_far_count_</name>
         <uninitialized>true</uninitialized>
         <run_address>0x200004f4</run_address>
         <size>0x4</size>
      </object_component>
      <object_component id="oc-145">
         <name>.common:gesture_state_</name>
         <uninitialized>true</uninitialized>
         <run_address>0x20000508</run_address>
         <size>0x4</size>
      </object_component>
      <object_component id="oc-146">
         <name>.common:gesture_motion_</name>
         <uninitialized>true</uninitialized>
         <run_address>0x20000500</run_address>
         <size>0x4</size>
      </object_component>
      <object_component id="oc-a4">
         <name>.common:int_status</name>
         <uninitialized>true</uninitialized>
         <run_address>0x20000514</run_address>
         <size>0x1</size>
      </object_component>
      <object_component id="oc-a7">
         <name>.common:g_ui32SysClock</name>
         <uninitialized>true</uninitialized>
         <run_address>0x200004f0</run_address>
         <size>0x4</size>
      </object_component>
      <object_component id="oc-2a">
         <name>.stack</name>
         <uninitialized>true</uninitialized>
         <run_address>0x2000026c</run_address>
         <size>0x0</size>
         <input_file_ref idref="fl-e6"/>
      </object_component>
      <object_component id="oc-21a">
         <name>.stack</name>
         <uninitialized>true</uninitialized>
         <run_address>0x2000026c</run_address>
         <size>0x0</size>
      </object_component>
      <object_component id="oc-13d">
         <name>.debug_info</name>
         <load_address>0x0</load_address>
         <run_address>0x0</run_address>
         <size>0x568</size>
         <input_file_ref idref="fl-3"/>
      </object_component>
      <object_component id="oc-9f">
         <name>.debug_info</name>
         <load_address>0x568</load_address>
         <run_address>0x568</run_address>
         <size>0x1870</size>
         <input_file_ref idref="fl-3"/>
      </object_component>
      <object_component id="oc-14a">
         <name>.debug_info</name>
         <load_address>0x1dd8</load_address>
         <run_address>0x1dd8</run_address>
         <size>0x15e</size>
         <input_file_ref idref="fl-3"/>
      </object_component>
      <object_component id="oc-a9">
         <name>.debug_info</name>
         <load_address>0x1f36</load_address>
         <run_address>0x1f36</run_address>
         <size>0x8b</size>
         <input_file_ref idref="fl-3"/>
      </object_component>
      <object_component id="oc-ae">
         <name>.debug_info</name>
         <load_address>0x1fc1</load_address>
         <run_address>0x1fc1</run_address>
         <size>0x18b</size>
         <input_file_ref idref="fl-3"/>
      </object_component>
      <object_component id="oc-12f">
         <name>.debug_info</name>
         <load_address>0x214c</load_address>
         <run_address>0x214c</run_address>
         <size>0x4e</size>
         <input_file_ref idref="fl-3"/>
      </object_component>
      <object_component id="oc-13b">
         <name>.debug_info</name>
         <load_address>0x219a</load_address>
         <run_address>0x219a</run_address>
         <size>0x576</size>
         <input_file_ref idref="fl-4"/>
      </object_component>
      <object_component id="oc-99">
         <name>.debug_info</name>
         <load_address>0x2710</load_address>
         <run_address>0x2710</run_address>
         <size>0x654</size>
         <input_file_ref idref="fl-4"/>
      </object_component>
      <object_component id="oc-a5">
         <name>.debug_info</name>
         <load_address>0x2d64</load_address>
         <run_address>0x2d64</run_address>
         <size>0x857</size>
         <input_file_ref idref="fl-5"/>
      </object_component>
      <object_component id="oc-32">
         <name>.debug_info</name>
         <load_address>0x35bb</load_address>
         <run_address>0x35bb</run_address>
         <size>0x49d</size>
         <input_file_ref idref="fl-5"/>
      </object_component>
      <object_component id="oc-39">
         <name>.debug_info</name>
         <load_address>0x3a58</load_address>
         <run_address>0x3a58</run_address>
         <size>0x2bf</size>
         <input_file_ref idref="fl-6"/>
      </object_component>
      <object_component id="oc-10">
         <name>.debug_info</name>
         <load_address>0x3d17</load_address>
         <run_address>0x3d17</run_address>
         <size>0xea</size>
         <input_file_ref idref="fl-6"/>
      </object_component>
      <object_component id="oc-2e">
         <name>.debug_info</name>
         <load_address>0x3e01</load_address>
         <run_address>0x3e01</run_address>
         <size>0x269</size>
         <input_file_ref idref="fl-6"/>
      </object_component>
      <object_component id="oc-40">
         <name>.debug_info</name>
         <load_address>0x406a</load_address>
         <run_address>0x406a</run_address>
         <size>0x84</size>
         <input_file_ref idref="fl-6"/>
      </object_component>
      <object_component id="oc-f2">
         <name>.debug_info</name>
         <load_address>0x40ee</load_address>
         <run_address>0x40ee</run_address>
         <size>0x336</size>
         <input_file_ref idref="fl-b"/>
      </object_component>
      <object_component id="oc-110">
         <name>.debug_info</name>
         <load_address>0x4424</load_address>
         <run_address>0x4424</run_address>
         <size>0x34d</size>
         <input_file_ref idref="fl-13"/>
      </object_component>
      <object_component id="oc-104">
         <name>.debug_info</name>
         <load_address>0x4771</load_address>
         <run_address>0x4771</run_address>
         <size>0xfa</size>
         <input_file_ref idref="fl-13"/>
      </object_component>
      <object_component id="oc-107">
         <name>.debug_info</name>
         <load_address>0x486b</load_address>
         <run_address>0x486b</run_address>
         <size>0x148</size>
         <input_file_ref idref="fl-13"/>
      </object_component>
      <object_component id="oc-10a">
         <name>.debug_info</name>
         <load_address>0x49b3</load_address>
         <run_address>0x49b3</run_address>
         <size>0xfc</size>
         <input_file_ref idref="fl-13"/>
      </object_component>
      <object_component id="oc-10d">
         <name>.debug_info</name>
         <load_address>0x4aaf</load_address>
         <run_address>0x4aaf</run_address>
         <size>0xee</size>
         <input_file_ref idref="fl-13"/>
      </object_component>
      <object_component id="oc-89">
         <name>.debug_info</name>
         <load_address>0x4b9d</load_address>
         <run_address>0x4b9d</run_address>
         <size>0x311d</size>
         <input_file_ref idref="fl-13"/>
      </object_component>
      <object_component id="oc-1c9">
         <name>.debug_info</name>
         <load_address>0x7cba</load_address>
         <run_address>0x7cba</run_address>
         <size>0x33e</size>
         <input_file_ref idref="fl-15"/>
      </object_component>
      <object_component id="oc-1c0">
         <name>.debug_info</name>
         <load_address>0x7ff8</load_address>
         <run_address>0x7ff8</run_address>
         <size>0xe7</size>
         <input_file_ref idref="fl-15"/>
      </object_component>
      <object_component id="oc-1c3">
         <name>.debug_info</name>
         <load_address>0x80df</load_address>
         <run_address>0x80df</run_address>
         <size>0x12b</size>
         <input_file_ref idref="fl-15"/>
      </object_component>
      <object_component id="oc-1c6">
         <name>.debug_info</name>
         <load_address>0x820a</load_address>
         <run_address>0x820a</run_address>
         <size>0xf9</size>
         <input_file_ref idref="fl-15"/>
      </object_component>
      <object_component id="oc-136">
         <name>.debug_info</name>
         <load_address>0x8303</load_address>
         <run_address>0x8303</run_address>
         <size>0x2b53</size>
         <input_file_ref idref="fl-15"/>
      </object_component>
      <object_component id="oc-18d">
         <name>.debug_info</name>
         <load_address>0xae56</load_address>
         <run_address>0xae56</run_address>
         <size>0x325</size>
         <input_file_ref idref="fl-16"/>
      </object_component>
      <object_component id="oc-17b">
         <name>.debug_info</name>
         <load_address>0xb17b</load_address>
         <run_address>0xb17b</run_address>
         <size>0xe9</size>
         <input_file_ref idref="fl-16"/>
      </object_component>
      <object_component id="oc-17e">
         <name>.debug_info</name>
         <load_address>0xb264</load_address>
         <run_address>0xb264</run_address>
         <size>0xe1</size>
         <input_file_ref idref="fl-16"/>
      </object_component>
      <object_component id="oc-181">
         <name>.debug_info</name>
         <load_address>0xb345</load_address>
         <run_address>0xb345</run_address>
         <size>0xe5</size>
         <input_file_ref idref="fl-16"/>
      </object_component>
      <object_component id="oc-184">
         <name>.debug_info</name>
         <load_address>0xb42a</load_address>
         <run_address>0xb42a</run_address>
         <size>0xeb</size>
         <input_file_ref idref="fl-16"/>
      </object_component>
      <object_component id="oc-187">
         <name>.debug_info</name>
         <load_address>0xb515</load_address>
         <run_address>0xb515</run_address>
         <size>0xe9</size>
         <input_file_ref idref="fl-16"/>
      </object_component>
      <object_component id="oc-18a">
         <name>.debug_info</name>
         <load_address>0xb5fe</load_address>
         <run_address>0xb5fe</run_address>
         <size>0xed</size>
         <input_file_ref idref="fl-16"/>
      </object_component>
      <object_component id="oc-178">
         <name>.debug_info</name>
         <load_address>0xb6eb</load_address>
         <run_address>0xb6eb</run_address>
         <size>0xea</size>
         <input_file_ref idref="fl-16"/>
      </object_component>
      <object_component id="oc-ed">
         <name>.debug_info</name>
         <load_address>0xb7d5</load_address>
         <run_address>0xb7d5</run_address>
         <size>0xcea</size>
         <input_file_ref idref="fl-16"/>
      </object_component>
      <object_component id="oc-102">
         <name>.debug_info</name>
         <load_address>0xc4bf</load_address>
         <run_address>0xc4bf</run_address>
         <size>0x3aa</size>
         <input_file_ref idref="fl-1f"/>
      </object_component>
      <object_component id="oc-f8">
         <name>.debug_info</name>
         <load_address>0xc869</load_address>
         <run_address>0xc869</run_address>
         <size>0xe0</size>
         <input_file_ref idref="fl-1f"/>
      </object_component>
      <object_component id="oc-fe">
         <name>.debug_info</name>
         <load_address>0xc949</load_address>
         <run_address>0xc949</run_address>
         <size>0xec</size>
         <input_file_ref idref="fl-1f"/>
      </object_component>
      <object_component id="oc-e9">
         <name>.debug_info</name>
         <load_address>0xca35</load_address>
         <run_address>0xca35</run_address>
         <size>0xe6</size>
         <input_file_ref idref="fl-1f"/>
      </object_component>
      <object_component id="oc-fb">
         <name>.debug_info</name>
         <load_address>0xcb1b</load_address>
         <run_address>0xcb1b</run_address>
         <size>0xf3</size>
         <input_file_ref idref="fl-1f"/>
      </object_component>
      <object_component id="oc-81">
         <name>.debug_info</name>
         <load_address>0xcc0e</load_address>
         <run_address>0xcc0e</run_address>
         <size>0x2b30</size>
         <input_file_ref idref="fl-1f"/>
      </object_component>
      <object_component id="oc-197">
         <name>.debug_info</name>
         <load_address>0xf73e</load_address>
         <run_address>0xf73e</run_address>
         <size>0x51</size>
         <input_file_ref idref="fl-1f"/>
      </object_component>
      <object_component id="oc-11b">
         <name>.debug_info</name>
         <load_address>0xf78f</load_address>
         <run_address>0xf78f</run_address>
         <size>0x32f</size>
         <input_file_ref idref="fl-23"/>
      </object_component>
      <object_component id="oc-112">
         <name>.debug_info</name>
         <load_address>0xfabe</load_address>
         <run_address>0xfabe</run_address>
         <size>0xea</size>
         <input_file_ref idref="fl-23"/>
      </object_component>
      <object_component id="oc-115">
         <name>.debug_info</name>
         <load_address>0xfba8</load_address>
         <run_address>0xfba8</run_address>
         <size>0x134</size>
         <input_file_ref idref="fl-23"/>
      </object_component>
      <object_component id="oc-118">
         <name>.debug_info</name>
         <load_address>0xfcdc</load_address>
         <run_address>0xfcdc</run_address>
         <size>0xfc</size>
         <input_file_ref idref="fl-23"/>
      </object_component>
      <object_component id="oc-90">
         <name>.debug_info</name>
         <load_address>0xfdd8</load_address>
         <run_address>0xfdd8</run_address>
         <size>0x26fc</size>
         <input_file_ref idref="fl-23"/>
      </object_component>
      <object_component id="oc-12e">
         <name>.debug_info</name>
         <load_address>0x124d4</load_address>
         <run_address>0x124d4</run_address>
         <size>0x3d8</size>
         <input_file_ref idref="fl-27"/>
      </object_component>
      <object_component id="oc-120">
         <name>.debug_info</name>
         <load_address>0x128ac</load_address>
         <run_address>0x128ac</run_address>
         <size>0xdb</size>
         <input_file_ref idref="fl-27"/>
      </object_component>
      <object_component id="oc-12b">
         <name>.debug_info</name>
         <load_address>0x12987</load_address>
         <run_address>0x12987</run_address>
         <size>0xd5</size>
         <input_file_ref idref="fl-27"/>
      </object_component>
      <object_component id="oc-123">
         <name>.debug_info</name>
         <load_address>0x12a5c</load_address>
         <run_address>0x12a5c</run_address>
         <size>0xe3</size>
         <input_file_ref idref="fl-27"/>
      </object_component>
      <object_component id="oc-11d">
         <name>.debug_info</name>
         <load_address>0x12b3f</load_address>
         <run_address>0x12b3f</run_address>
         <size>0xe7</size>
         <input_file_ref idref="fl-27"/>
      </object_component>
      <object_component id="oc-93">
         <name>.debug_info</name>
         <load_address>0x12c26</load_address>
         <run_address>0x12c26</run_address>
         <size>0x7cc</size>
         <input_file_ref idref="fl-27"/>
      </object_component>
      <object_component id="oc-25">
         <name>.debug_info</name>
         <load_address>0x133f2</load_address>
         <run_address>0x133f2</run_address>
         <size>0x160</size>
         <input_file_ref idref="fl-e6"/>
      </object_component>
      <object_component id="oc-ba">
         <name>.debug_info</name>
         <load_address>0x13552</load_address>
         <run_address>0x13552</run_address>
         <size>0x293</size>
         <input_file_ref idref="fl-e7"/>
      </object_component>
      <object_component id="oc-13">
         <name>.debug_info</name>
         <load_address>0x137e5</load_address>
         <run_address>0x137e5</run_address>
         <size>0x245</size>
         <input_file_ref idref="fl-e7"/>
      </object_component>
      <object_component id="oc-3b">
         <name>.debug_info</name>
         <load_address>0x13a2a</load_address>
         <run_address>0x13a2a</run_address>
         <size>0x60</size>
         <input_file_ref idref="fl-e7"/>
      </object_component>
      <object_component id="oc-b5">
         <name>.debug_info</name>
         <load_address>0x13a8a</load_address>
         <run_address>0x13a8a</run_address>
         <size>0x46</size>
         <input_file_ref idref="fl-e7"/>
      </object_component>
      <object_component id="oc-50">
         <name>.debug_info</name>
         <load_address>0x13ad0</load_address>
         <run_address>0x13ad0</run_address>
         <size>0x2da</size>
         <input_file_ref idref="fl-e8"/>
      </object_component>
      <object_component id="oc-19">
         <name>.debug_info</name>
         <load_address>0x13daa</load_address>
         <run_address>0x13daa</run_address>
         <size>0x1df</size>
         <input_file_ref idref="fl-e8"/>
      </object_component>
      <object_component id="oc-4b">
         <name>.debug_info</name>
         <load_address>0x13f89</load_address>
         <run_address>0x13f89</run_address>
         <size>0x46</size>
         <input_file_ref idref="fl-e8"/>
      </object_component>
      <object_component id="oc-bc">
         <name>.debug_info</name>
         <load_address>0x13fcf</load_address>
         <run_address>0x13fcf</run_address>
         <size>0x2c</size>
         <input_file_ref idref="fl-e8"/>
      </object_component>
      <object_component id="oc-5c">
         <name>.debug_info</name>
         <load_address>0x13ffb</load_address>
         <run_address>0x13ffb</run_address>
         <size>0x2c9</size>
         <input_file_ref idref="fl-e9"/>
      </object_component>
      <object_component id="oc-1f">
         <name>.debug_info</name>
         <load_address>0x142c4</load_address>
         <run_address>0x142c4</run_address>
         <size>0x1aa</size>
         <input_file_ref idref="fl-e9"/>
      </object_component>
      <object_component id="oc-57">
         <name>.debug_info</name>
         <load_address>0x1446e</load_address>
         <run_address>0x1446e</run_address>
         <size>0x46</size>
         <input_file_ref idref="fl-e9"/>
      </object_component>
      <object_component id="oc-c4">
         <name>.debug_info</name>
         <load_address>0x144b4</load_address>
         <run_address>0x144b4</run_address>
         <size>0x2c</size>
         <input_file_ref idref="fl-e9"/>
      </object_component>
      <object_component id="oc-e4">
         <name>.debug_info</name>
         <load_address>0x144e0</load_address>
         <run_address>0x144e0</run_address>
         <size>0x3ce</size>
         <input_file_ref idref="fl-ea"/>
      </object_component>
      <object_component id="oc-de">
         <name>.debug_info</name>
         <load_address>0x148ae</load_address>
         <run_address>0x148ae</run_address>
         <size>0x185</size>
         <input_file_ref idref="fl-ea"/>
      </object_component>
      <object_component id="oc-76">
         <name>.debug_info</name>
         <load_address>0x14a33</load_address>
         <run_address>0x14a33</run_address>
         <size>0x214</size>
         <input_file_ref idref="fl-ea"/>
      </object_component>
      <object_component id="oc-47">
         <name>.debug_info</name>
         <load_address>0x14c47</load_address>
         <run_address>0x14c47</run_address>
         <size>0x111</size>
         <input_file_ref idref="fl-eb"/>
      </object_component>
      <object_component id="oc-52">
         <name>.debug_info</name>
         <load_address>0x14d58</load_address>
         <run_address>0x14d58</run_address>
         <size>0x13f</size>
         <input_file_ref idref="fl-ec"/>
      </object_component>
      <object_component id="oc-5f">
         <name>.debug_info</name>
         <load_address>0x14e97</load_address>
         <run_address>0x14e97</run_address>
         <size>0x138</size>
         <input_file_ref idref="fl-ed"/>
      </object_component>
      <object_component id="oc-64">
         <name>.debug_info</name>
         <load_address>0x14fcf</load_address>
         <run_address>0x14fcf</run_address>
         <size>0x148</size>
         <input_file_ref idref="fl-ee"/>
      </object_component>
      <object_component id="oc-7c">
         <name>.debug_info</name>
         <load_address>0x15117</load_address>
         <run_address>0x15117</run_address>
         <size>0x109</size>
         <input_file_ref idref="fl-ef"/>
      </object_component>
      <object_component id="oc-126">
         <name>.debug_info</name>
         <load_address>0x15220</load_address>
         <run_address>0x15220</run_address>
         <size>0x13a</size>
         <input_file_ref idref="fl-f0"/>
      </object_component>
      <object_component id="oc-171">
         <name>.debug_info</name>
         <load_address>0x1535a</load_address>
         <run_address>0x1535a</run_address>
         <size>0x2be</size>
         <input_file_ref idref="fl-f1"/>
      </object_component>
      <object_component id="oc-e1">
         <name>.debug_info</name>
         <load_address>0x15618</load_address>
         <run_address>0x15618</run_address>
         <size>0x113</size>
         <input_file_ref idref="fl-f1"/>
      </object_component>
      <object_component id="oc-16a">
         <name>.debug_info</name>
         <load_address>0x1572b</load_address>
         <run_address>0x1572b</run_address>
         <size>0x21f</size>
         <input_file_ref idref="fl-f1"/>
      </object_component>
      <object_component id="oc-dc">
         <name>.debug_info</name>
         <load_address>0x1594a</load_address>
         <run_address>0x1594a</run_address>
         <size>0x300</size>
         <input_file_ref idref="fl-f2"/>
      </object_component>
      <object_component id="oc-71">
         <name>.debug_info</name>
         <load_address>0x15c4a</load_address>
         <run_address>0x15c4a</run_address>
         <size>0x167</size>
         <input_file_ref idref="fl-f2"/>
      </object_component>
      <object_component id="oc-162">
         <name>.debug_info</name>
         <load_address>0x15db1</load_address>
         <run_address>0x15db1</run_address>
         <size>0x5e</size>
         <input_file_ref idref="fl-f2"/>
      </object_component>
      <object_component id="oc-da">
         <name>.debug_info</name>
         <load_address>0x15e0f</load_address>
         <run_address>0x15e0f</run_address>
         <size>0x483</size>
         <input_file_ref idref="fl-f3"/>
      </object_component>
      <object_component id="oc-6b">
         <name>.debug_info</name>
         <load_address>0x16292</load_address>
         <run_address>0x16292</run_address>
         <size>0x190</size>
         <input_file_ref idref="fl-f3"/>
      </object_component>
      <object_component id="oc-156">
         <name>.debug_info</name>
         <load_address>0x16422</load_address>
         <run_address>0x16422</run_address>
         <size>0x39</size>
         <input_file_ref idref="fl-f3"/>
      </object_component>
      <object_component id="oc-1d5">
         <name>.debug_info</name>
         <load_address>0x1645b</load_address>
         <run_address>0x1645b</run_address>
         <size>0x39</size>
         <input_file_ref idref="fl-f3"/>
      </object_component>
      <object_component id="oc-15b">
         <name>.debug_info</name>
         <load_address>0x16494</load_address>
         <run_address>0x16494</run_address>
         <size>0xcd</size>
         <input_file_ref idref="fl-f3"/>
      </object_component>
      <object_component id="oc-152">
         <name>.debug_info</name>
         <load_address>0x16561</load_address>
         <run_address>0x16561</run_address>
         <size>0x37a</size>
         <input_file_ref idref="fl-f4"/>
      </object_component>
      <object_component id="oc-d1">
         <name>.debug_info</name>
         <load_address>0x168db</load_address>
         <run_address>0x168db</run_address>
         <size>0x183</size>
         <input_file_ref idref="fl-f4"/>
      </object_component>
      <object_component id="oc-1d0">
         <name>.debug_info</name>
         <load_address>0x16a5e</load_address>
         <run_address>0x16a5e</run_address>
         <size>0x2c</size>
         <input_file_ref idref="fl-f4"/>
      </object_component>
      <object_component id="oc-1b5">
         <name>.debug_info</name>
         <load_address>0x16a8a</load_address>
         <run_address>0x16a8a</run_address>
         <size>0x147</size>
         <input_file_ref idref="fl-f5"/>
      </object_component>
      <object_component id="oc-d5">
         <name>.debug_info</name>
         <load_address>0x16bd1</load_address>
         <run_address>0x16bd1</run_address>
         <size>0x145</size>
         <input_file_ref idref="fl-f6"/>
      </object_component>
      <object_component id="oc-21b">
         <name>.debug_info</name>
         <load_address>0x16d16</load_address>
         <run_address>0x16d16</run_address>
         <size>0x9f</size>
      </object_component>
      <object_component id="oc-1cd">
         <name>.debug_line</name>
         <load_address>0x0</load_address>
         <run_address>0x0</run_address>
         <size>0xb7</size>
         <input_file_ref idref="fl-3"/>
      </object_component>
      <object_component id="oc-a2">
         <name>.debug_line</name>
         <load_address>0xb7</load_address>
         <run_address>0xb7</run_address>
         <size>0x69c</size>
         <input_file_ref idref="fl-3"/>
      </object_component>
      <object_component id="oc-14d">
         <name>.debug_line</name>
         <load_address>0x753</load_address>
         <run_address>0x753</run_address>
         <size>0x37</size>
         <input_file_ref idref="fl-3"/>
      </object_component>
      <object_component id="oc-ac">
         <name>.debug_line</name>
         <load_address>0x78a</load_address>
         <run_address>0x78a</run_address>
         <size>0x20</size>
         <input_file_ref idref="fl-3"/>
      </object_component>
      <object_component id="oc-b1">
         <name>.debug_line</name>
         <load_address>0x7aa</load_address>
         <run_address>0x7aa</run_address>
         <size>0x65</size>
         <input_file_ref idref="fl-3"/>
      </object_component>
      <object_component id="oc-132">
         <name>.debug_line</name>
         <load_address>0x80f</load_address>
         <run_address>0x80f</run_address>
         <size>0x65</size>
         <input_file_ref idref="fl-3"/>
      </object_component>
      <object_component id="oc-1cb">
         <name>.debug_line</name>
         <load_address>0x874</load_address>
         <run_address>0x874</run_address>
         <size>0xd4</size>
         <input_file_ref idref="fl-4"/>
      </object_component>
      <object_component id="oc-9c">
         <name>.debug_line</name>
         <load_address>0x948</load_address>
         <run_address>0x948</run_address>
         <size>0xeb</size>
         <input_file_ref idref="fl-4"/>
      </object_component>
      <object_component id="oc-149">
         <name>.debug_line</name>
         <load_address>0xa33</load_address>
         <run_address>0xa33</run_address>
         <size>0x130</size>
         <input_file_ref idref="fl-5"/>
      </object_component>
      <object_component id="oc-35">
         <name>.debug_line</name>
         <load_address>0xb63</load_address>
         <run_address>0xb63</run_address>
         <size>0xc8</size>
         <input_file_ref idref="fl-5"/>
      </object_component>
      <object_component id="oc-b4">
         <name>.debug_line</name>
         <load_address>0xc2b</load_address>
         <run_address>0xc2b</run_address>
         <size>0x42</size>
         <input_file_ref idref="fl-6"/>
      </object_component>
      <object_component id="oc-38">
         <name>.debug_line</name>
         <load_address>0xc6d</load_address>
         <run_address>0xc6d</run_address>
         <size>0x42</size>
         <input_file_ref idref="fl-6"/>
      </object_component>
      <object_component id="oc-2c">
         <name>.debug_line</name>
         <load_address>0xcaf</load_address>
         <run_address>0xcaf</run_address>
         <size>0xa2</size>
         <input_file_ref idref="fl-6"/>
      </object_component>
      <object_component id="oc-43">
         <name>.debug_line</name>
         <load_address>0xd51</load_address>
         <run_address>0xd51</run_address>
         <size>0x20</size>
         <input_file_ref idref="fl-6"/>
      </object_component>
      <object_component id="oc-f5">
         <name>.debug_line</name>
         <load_address>0xd71</load_address>
         <run_address>0xd71</run_address>
         <size>0xd9</size>
         <input_file_ref idref="fl-b"/>
      </object_component>
      <object_component id="oc-1a4">
         <name>.debug_line</name>
         <load_address>0xe4a</load_address>
         <run_address>0xe4a</run_address>
         <size>0x64</size>
         <input_file_ref idref="fl-13"/>
      </object_component>
      <object_component id="oc-19c">
         <name>.debug_line</name>
         <load_address>0xeae</load_address>
         <run_address>0xeae</run_address>
         <size>0x37</size>
         <input_file_ref idref="fl-13"/>
      </object_component>
      <object_component id="oc-19e">
         <name>.debug_line</name>
         <load_address>0xee5</load_address>
         <run_address>0xee5</run_address>
         <size>0x37</size>
         <input_file_ref idref="fl-13"/>
      </object_component>
      <object_component id="oc-1a0">
         <name>.debug_line</name>
         <load_address>0xf1c</load_address>
         <run_address>0xf1c</run_address>
         <size>0x37</size>
         <input_file_ref idref="fl-13"/>
      </object_component>
      <object_component id="oc-1a2">
         <name>.debug_line</name>
         <load_address>0xf53</load_address>
         <run_address>0xf53</run_address>
         <size>0x37</size>
         <input_file_ref idref="fl-13"/>
      </object_component>
      <object_component id="oc-87">
         <name>.debug_line</name>
         <load_address>0xf8a</load_address>
         <run_address>0xf8a</run_address>
         <size>0x632</size>
         <input_file_ref idref="fl-13"/>
      </object_component>
      <object_component id="oc-1f5">
         <name>.debug_line</name>
         <load_address>0x15bc</load_address>
         <run_address>0x15bc</run_address>
         <size>0x64</size>
         <input_file_ref idref="fl-15"/>
      </object_component>
      <object_component id="oc-1ef">
         <name>.debug_line</name>
         <load_address>0x1620</load_address>
         <run_address>0x1620</run_address>
         <size>0x36</size>
         <input_file_ref idref="fl-15"/>
      </object_component>
      <object_component id="oc-1f1">
         <name>.debug_line</name>
         <load_address>0x1656</load_address>
         <run_address>0x1656</run_address>
         <size>0x36</size>
         <input_file_ref idref="fl-15"/>
      </object_component>
      <object_component id="oc-1f3">
         <name>.debug_line</name>
         <load_address>0x168c</load_address>
         <run_address>0x168c</run_address>
         <size>0x36</size>
         <input_file_ref idref="fl-15"/>
      </object_component>
      <object_component id="oc-135">
         <name>.debug_line</name>
         <load_address>0x16c2</load_address>
         <run_address>0x16c2</run_address>
         <size>0x699</size>
         <input_file_ref idref="fl-15"/>
      </object_component>
      <object_component id="oc-1ec">
         <name>.debug_line</name>
         <load_address>0x1d5b</load_address>
         <run_address>0x1d5b</run_address>
         <size>0x5e</size>
         <input_file_ref idref="fl-16"/>
      </object_component>
      <object_component id="oc-1e0">
         <name>.debug_line</name>
         <load_address>0x1db9</load_address>
         <run_address>0x1db9</run_address>
         <size>0x3c</size>
         <input_file_ref idref="fl-16"/>
      </object_component>
      <object_component id="oc-1e2">
         <name>.debug_line</name>
         <load_address>0x1df5</load_address>
         <run_address>0x1df5</run_address>
         <size>0x3c</size>
         <input_file_ref idref="fl-16"/>
      </object_component>
      <object_component id="oc-1e4">
         <name>.debug_line</name>
         <load_address>0x1e31</load_address>
         <run_address>0x1e31</run_address>
         <size>0x3c</size>
         <input_file_ref idref="fl-16"/>
      </object_component>
      <object_component id="oc-1e6">
         <name>.debug_line</name>
         <load_address>0x1e6d</load_address>
         <run_address>0x1e6d</run_address>
         <size>0x3c</size>
         <input_file_ref idref="fl-16"/>
      </object_component>
      <object_component id="oc-1e8">
         <name>.debug_line</name>
         <load_address>0x1ea9</load_address>
         <run_address>0x1ea9</run_address>
         <size>0x3c</size>
         <input_file_ref idref="fl-16"/>
      </object_component>
      <object_component id="oc-1ea">
         <name>.debug_line</name>
         <load_address>0x1ee5</load_address>
         <run_address>0x1ee5</run_address>
         <size>0x3c</size>
         <input_file_ref idref="fl-16"/>
      </object_component>
      <object_component id="oc-1de">
         <name>.debug_line</name>
         <load_address>0x1f21</load_address>
         <run_address>0x1f21</run_address>
         <size>0x3c</size>
         <input_file_ref idref="fl-16"/>
      </object_component>
      <object_component id="oc-ec">
         <name>.debug_line</name>
         <load_address>0x1f5d</load_address>
         <run_address>0x1f5d</run_address>
         <size>0x2ed</size>
         <input_file_ref idref="fl-16"/>
      </object_component>
      <object_component id="oc-196">
         <name>.debug_line</name>
         <load_address>0x224a</load_address>
         <run_address>0x224a</run_address>
         <size>0xe3</size>
         <input_file_ref idref="fl-1f"/>
      </object_component>
      <object_component id="oc-190">
         <name>.debug_line</name>
         <load_address>0x232d</load_address>
         <run_address>0x232d</run_address>
         <size>0x39</size>
         <input_file_ref idref="fl-1f"/>
      </object_component>
      <object_component id="oc-194">
         <name>.debug_line</name>
         <load_address>0x2366</load_address>
         <run_address>0x2366</run_address>
         <size>0x39</size>
         <input_file_ref idref="fl-1f"/>
      </object_component>
      <object_component id="oc-176">
         <name>.debug_line</name>
         <load_address>0x239f</load_address>
         <run_address>0x239f</run_address>
         <size>0x39</size>
         <input_file_ref idref="fl-1f"/>
      </object_component>
      <object_component id="oc-192">
         <name>.debug_line</name>
         <load_address>0x23d8</load_address>
         <run_address>0x23d8</run_address>
         <size>0x39</size>
         <input_file_ref idref="fl-1f"/>
      </object_component>
      <object_component id="oc-85">
         <name>.debug_line</name>
         <load_address>0x2411</load_address>
         <run_address>0x2411</run_address>
         <size>0x9b0</size>
         <input_file_ref idref="fl-1f"/>
      </object_component>
      <object_component id="oc-199">
         <name>.debug_line</name>
         <load_address>0x2dc1</load_address>
         <run_address>0x2dc1</run_address>
         <size>0x39</size>
         <input_file_ref idref="fl-1f"/>
      </object_component>
      <object_component id="oc-1ac">
         <name>.debug_line</name>
         <load_address>0x2dfa</load_address>
         <run_address>0x2dfa</run_address>
         <size>0x64</size>
         <input_file_ref idref="fl-23"/>
      </object_component>
      <object_component id="oc-1a6">
         <name>.debug_line</name>
         <load_address>0x2e5e</load_address>
         <run_address>0x2e5e</run_address>
         <size>0x37</size>
         <input_file_ref idref="fl-23"/>
      </object_component>
      <object_component id="oc-1a8">
         <name>.debug_line</name>
         <load_address>0x2e95</load_address>
         <run_address>0x2e95</run_address>
         <size>0x37</size>
         <input_file_ref idref="fl-23"/>
      </object_component>
      <object_component id="oc-1aa">
         <name>.debug_line</name>
         <load_address>0x2ecc</load_address>
         <run_address>0x2ecc</run_address>
         <size>0x37</size>
         <input_file_ref idref="fl-23"/>
      </object_component>
      <object_component id="oc-8f">
         <name>.debug_line</name>
         <load_address>0x2f03</load_address>
         <run_address>0x2f03</run_address>
         <size>0x5b6</size>
         <input_file_ref idref="fl-23"/>
      </object_component>
      <object_component id="oc-1be">
         <name>.debug_line</name>
         <load_address>0x34b9</load_address>
         <run_address>0x34b9</run_address>
         <size>0x8e</size>
         <input_file_ref idref="fl-27"/>
      </object_component>
      <object_component id="oc-1b0">
         <name>.debug_line</name>
         <load_address>0x3547</load_address>
         <run_address>0x3547</run_address>
         <size>0x38</size>
         <input_file_ref idref="fl-27"/>
      </object_component>
      <object_component id="oc-1bc">
         <name>.debug_line</name>
         <load_address>0x357f</load_address>
         <run_address>0x357f</run_address>
         <size>0x38</size>
         <input_file_ref idref="fl-27"/>
      </object_component>
      <object_component id="oc-1b2">
         <name>.debug_line</name>
         <load_address>0x35b7</load_address>
         <run_address>0x35b7</run_address>
         <size>0x38</size>
         <input_file_ref idref="fl-27"/>
      </object_component>
      <object_component id="oc-1ae">
         <name>.debug_line</name>
         <load_address>0x35ef</load_address>
         <run_address>0x35ef</run_address>
         <size>0x38</size>
         <input_file_ref idref="fl-27"/>
      </object_component>
      <object_component id="oc-97">
         <name>.debug_line</name>
         <load_address>0x3627</load_address>
         <run_address>0x3627</run_address>
         <size>0x289</size>
         <input_file_ref idref="fl-27"/>
      </object_component>
      <object_component id="oc-28">
         <name>.debug_line</name>
         <load_address>0x38b0</load_address>
         <run_address>0x38b0</run_address>
         <size>0x53</size>
         <input_file_ref idref="fl-e6"/>
      </object_component>
      <object_component id="oc-150">
         <name>.debug_line</name>
         <load_address>0x3903</load_address>
         <run_address>0x3903</run_address>
         <size>0x20</size>
         <input_file_ref idref="fl-e7"/>
      </object_component>
      <object_component id="oc-17">
         <name>.debug_line</name>
         <load_address>0x3923</load_address>
         <run_address>0x3923</run_address>
         <size>0xa9</size>
         <input_file_ref idref="fl-e7"/>
      </object_component>
      <object_component id="oc-3e">
         <name>.debug_line</name>
         <load_address>0x39cc</load_address>
         <run_address>0x39cc</run_address>
         <size>0x3a</size>
         <input_file_ref idref="fl-e7"/>
      </object_component>
      <object_component id="oc-b8">
         <name>.debug_line</name>
         <load_address>0x3a06</load_address>
         <run_address>0x3a06</run_address>
         <size>0x8a</size>
         <input_file_ref idref="fl-e7"/>
      </object_component>
      <object_component id="oc-c2">
         <name>.debug_line</name>
         <load_address>0x3a90</load_address>
         <run_address>0x3a90</run_address>
         <size>0x8a</size>
         <input_file_ref idref="fl-e8"/>
      </object_component>
      <object_component id="oc-1d">
         <name>.debug_line</name>
         <load_address>0x3b1a</load_address>
         <run_address>0x3b1a</run_address>
         <size>0x55</size>
         <input_file_ref idref="fl-e8"/>
      </object_component>
      <object_component id="oc-4e">
         <name>.debug_line</name>
         <load_address>0x3b6f</load_address>
         <run_address>0x3b6f</run_address>
         <size>0x3a</size>
         <input_file_ref idref="fl-e8"/>
      </object_component>
      <object_component id="oc-bf">
         <name>.debug_line</name>
         <load_address>0x3ba9</load_address>
         <run_address>0x3ba9</run_address>
         <size>0x8a</size>
         <input_file_ref idref="fl-e8"/>
      </object_component>
      <object_component id="oc-ca">
         <name>.debug_line</name>
         <load_address>0x3c33</load_address>
         <run_address>0x3c33</run_address>
         <size>0x8a</size>
         <input_file_ref idref="fl-e9"/>
      </object_component>
      <object_component id="oc-22">
         <name>.debug_line</name>
         <load_address>0x3cbd</load_address>
         <run_address>0x3cbd</run_address>
         <size>0x4f</size>
         <input_file_ref idref="fl-e9"/>
      </object_component>
      <object_component id="oc-5a">
         <name>.debug_line</name>
         <load_address>0x3d0c</load_address>
         <run_address>0x3d0c</run_address>
         <size>0x34</size>
         <input_file_ref idref="fl-e9"/>
      </object_component>
      <object_component id="oc-c7">
         <name>.debug_line</name>
         <load_address>0x3d40</load_address>
         <run_address>0x3d40</run_address>
         <size>0x8a</size>
         <input_file_ref idref="fl-e9"/>
      </object_component>
      <object_component id="oc-174">
         <name>.debug_line</name>
         <load_address>0x3dca</load_address>
         <run_address>0x3dca</run_address>
         <size>0xf2</size>
         <input_file_ref idref="fl-ea"/>
      </object_component>
      <object_component id="oc-168">
         <name>.debug_line</name>
         <load_address>0x3ebc</load_address>
         <run_address>0x3ebc</run_address>
         <size>0x2a</size>
         <input_file_ref idref="fl-ea"/>
      </object_component>
      <object_component id="oc-79">
         <name>.debug_line</name>
         <load_address>0x3ee6</load_address>
         <run_address>0x3ee6</run_address>
         <size>0x86</size>
         <input_file_ref idref="fl-ea"/>
      </object_component>
      <object_component id="oc-46">
         <name>.debug_line</name>
         <load_address>0x3f6c</load_address>
         <run_address>0x3f6c</run_address>
         <size>0x88</size>
         <input_file_ref idref="fl-eb"/>
      </object_component>
      <object_component id="oc-55">
         <name>.debug_line</name>
         <load_address>0x3ff4</load_address>
         <run_address>0x3ff4</run_address>
         <size>0x79</size>
         <input_file_ref idref="fl-ec"/>
      </object_component>
      <object_component id="oc-5e">
         <name>.debug_line</name>
         <load_address>0x406d</load_address>
         <run_address>0x406d</run_address>
         <size>0x3d</size>
         <input_file_ref idref="fl-ed"/>
      </object_component>
      <object_component id="oc-68">
         <name>.debug_line</name>
         <load_address>0x40aa</load_address>
         <run_address>0x40aa</run_address>
         <size>0x40</size>
         <input_file_ref idref="fl-ee"/>
      </object_component>
      <object_component id="oc-e7">
         <name>.debug_line</name>
         <load_address>0x40ea</load_address>
         <run_address>0x40ea</run_address>
         <size>0x33</size>
         <input_file_ref idref="fl-ef"/>
      </object_component>
      <object_component id="oc-129">
         <name>.debug_line</name>
         <load_address>0x411d</load_address>
         <run_address>0x411d</run_address>
         <size>0x5b</size>
         <input_file_ref idref="fl-f0"/>
      </object_component>
      <object_component id="oc-1dc">
         <name>.debug_line</name>
         <load_address>0x4178</load_address>
         <run_address>0x4178</run_address>
         <size>0x20</size>
         <input_file_ref idref="fl-f1"/>
      </object_component>
      <object_component id="oc-170">
         <name>.debug_line</name>
         <load_address>0x4198</load_address>
         <run_address>0x4198</run_address>
         <size>0x2b</size>
         <input_file_ref idref="fl-f1"/>
      </object_component>
      <object_component id="oc-16d">
         <name>.debug_line</name>
         <load_address>0x41c3</load_address>
         <run_address>0x41c3</run_address>
         <size>0x68</size>
         <input_file_ref idref="fl-f1"/>
      </object_component>
      <object_component id="oc-161">
         <name>.debug_line</name>
         <load_address>0x422b</load_address>
         <run_address>0x422b</run_address>
         <size>0x2b</size>
         <input_file_ref idref="fl-f2"/>
      </object_component>
      <object_component id="oc-70">
         <name>.debug_line</name>
         <load_address>0x4256</load_address>
         <run_address>0x4256</run_address>
         <size>0x4a</size>
         <input_file_ref idref="fl-f2"/>
      </object_component>
      <object_component id="oc-165">
         <name>.debug_line</name>
         <load_address>0x42a0</load_address>
         <run_address>0x42a0</run_address>
         <size>0x2b</size>
         <input_file_ref idref="fl-f2"/>
      </object_component>
      <object_component id="oc-155">
         <name>.debug_line</name>
         <load_address>0x42cb</load_address>
         <run_address>0x42cb</run_address>
         <size>0xa9</size>
         <input_file_ref idref="fl-f3"/>
      </object_component>
      <object_component id="oc-6a">
         <name>.debug_line</name>
         <load_address>0x4374</load_address>
         <run_address>0x4374</run_address>
         <size>0x8b</size>
         <input_file_ref idref="fl-f3"/>
      </object_component>
      <object_component id="oc-159">
         <name>.debug_line</name>
         <load_address>0x43ff</load_address>
         <run_address>0x43ff</run_address>
         <size>0x2e</size>
         <input_file_ref idref="fl-f3"/>
      </object_component>
      <object_component id="oc-1d8">
         <name>.debug_line</name>
         <load_address>0x442d</load_address>
         <run_address>0x442d</run_address>
         <size>0x8a</size>
         <input_file_ref idref="fl-f3"/>
      </object_component>
      <object_component id="oc-15e">
         <name>.debug_line</name>
         <load_address>0x44b7</load_address>
         <run_address>0x44b7</run_address>
         <size>0x8b</size>
         <input_file_ref idref="fl-f3"/>
      </object_component>
      <object_component id="oc-1cf">
         <name>.debug_line</name>
         <load_address>0x4542</load_address>
         <run_address>0x4542</run_address>
         <size>0x98</size>
         <input_file_ref idref="fl-f4"/>
      </object_component>
      <object_component id="oc-cf">
         <name>.debug_line</name>
         <load_address>0x45da</load_address>
         <run_address>0x45da</run_address>
         <size>0x68</size>
         <input_file_ref idref="fl-f4"/>
      </object_component>
      <object_component id="oc-1d3">
         <name>.debug_line</name>
         <load_address>0x4642</load_address>
         <run_address>0x4642</run_address>
         <size>0x2e</size>
         <input_file_ref idref="fl-f4"/>
      </object_component>
      <object_component id="oc-1b7">
         <name>.debug_line</name>
         <load_address>0x4670</load_address>
         <run_address>0x4670</run_address>
         <size>0x3b</size>
         <input_file_ref idref="fl-f5"/>
      </object_component>
      <object_component id="oc-d4">
         <name>.debug_line</name>
         <load_address>0x46ab</load_address>
         <run_address>0x46ab</run_address>
         <size>0x3c</size>
         <input_file_ref idref="fl-f6"/>
      </object_component>
      <object_component id="oc-a3">
         <name>.debug_frame</name>
         <load_address>0x0</load_address>
         <run_address>0x0</run_address>
         <size>0x29c</size>
         <input_file_ref idref="fl-3"/>
      </object_component>
      <object_component id="oc-9d">
         <name>.debug_frame</name>
         <load_address>0x29c</load_address>
         <run_address>0x29c</run_address>
         <size>0xa9</size>
         <input_file_ref idref="fl-4"/>
      </object_component>
      <object_component id="oc-36">
         <name>.debug_frame</name>
         <load_address>0x345</load_address>
         <run_address>0x345</run_address>
         <size>0xa1</size>
         <input_file_ref idref="fl-5"/>
      </object_component>
      <object_component id="oc-30">
         <name>.debug_frame</name>
         <load_address>0x3e6</load_address>
         <run_address>0x3e6</run_address>
         <size>0x84</size>
         <input_file_ref idref="fl-6"/>
      </object_component>
      <object_component id="oc-f6">
         <name>.debug_frame</name>
         <load_address>0x46a</load_address>
         <run_address>0x46a</run_address>
         <size>0xac</size>
         <input_file_ref idref="fl-b"/>
      </object_component>
      <object_component id="oc-8b">
         <name>.debug_frame</name>
         <load_address>0x516</load_address>
         <run_address>0x516</run_address>
         <size>0x553</size>
         <input_file_ref idref="fl-13"/>
      </object_component>
      <object_component id="oc-139">
         <name>.debug_frame</name>
         <load_address>0xa69</load_address>
         <run_address>0xa69</run_address>
         <size>0x545</size>
         <input_file_ref idref="fl-15"/>
      </object_component>
      <object_component id="oc-f0">
         <name>.debug_frame</name>
         <load_address>0xfae</load_address>
         <run_address>0xfae</run_address>
         <size>0x1c5</size>
         <input_file_ref idref="fl-16"/>
      </object_component>
      <object_component id="oc-84">
         <name>.debug_frame</name>
         <load_address>0x1173</load_address>
         <run_address>0x1173</run_address>
         <size>0x562</size>
         <input_file_ref idref="fl-1f"/>
      </object_component>
      <object_component id="oc-8d">
         <name>.debug_frame</name>
         <load_address>0x16d5</load_address>
         <run_address>0x16d5</run_address>
         <size>0x49f</size>
         <input_file_ref idref="fl-23"/>
      </object_component>
      <object_component id="oc-96">
         <name>.debug_frame</name>
         <load_address>0x1b74</load_address>
         <run_address>0x1b74</run_address>
         <size>0xfb</size>
         <input_file_ref idref="fl-27"/>
      </object_component>
      <object_component id="oc-16">
         <name>.debug_frame</name>
         <load_address>0x1c6f</load_address>
         <run_address>0x1c6f</run_address>
         <size>0x60</size>
         <input_file_ref idref="fl-e7"/>
      </object_component>
      <object_component id="oc-1c">
         <name>.debug_frame</name>
         <load_address>0x1ccf</load_address>
         <run_address>0x1ccf</run_address>
         <size>0x51</size>
[...]
         <value>0xf01</value>
         <object_component_ref idref="oc-80"/>
      </symbol>
      <symbol id="sm-5a3">
         <name>SysCtlDelay</name>
         <value>0x4833</value>
         <object_component_ref idref="oc-100"/>
      </symbol>
      <symbol id="sm-5a4">
         <name>SysCtlVoltageEventClear</name>
         <value>0x1031</value>
         <object_component_ref idref="oc-80"/>
      </symbol>
      <symbol id="sm-5a5">
         <name>SysCtlLDOSleepSet</name>
         <value>0x715</value>
         <object_component_ref idref="oc-80"/>
      </symbol>
      <symbol id="sm-5a6">
         <name>SysCtlMOSCConfigSet</name>
         <value>0x7ab</value>
         <object_component_ref idref="oc-80"/>
      </symbol>
      <symbol id="sm-5a7">
         <name>SysCtlPeripheralEnable</name>
         <value>0x4a9</value>
         <object_component_ref idref="oc-80"/>
      </symbol>
      <symbol id="sm-5a8">
         <name>SysCtlIntEnable</name>
         <value>0x6bd</value>
         <object_component_ref idref="oc-80"/>
      </symbol>
      <symbol id="sm-5a9">
         <name>SysCtlNMIClear</name>
         <value>0x1115</value>
         <object_component_ref idref="oc-80"/>
      </symbol>
      <symbol id="sm-5aa">
         <name>SysCtlPeripheralPowerOff</name>
         <value>0x3e5</value>
         <object_component_ref idref="oc-80"/>
      </symbol>
      <symbol id="sm-5ab">
         <name>SysCtlSleepPowerSet</name>
         <value>0x741</value>
         <object_component_ref idref="oc-80"/>
      </symbol>
      <symbol id="sm-5ac">
         <name>SysCtlDeepSleep</name>
         <value>0x775</value>
         <object_component_ref idref="oc-80"/>
      </symbol>
      <symbol id="sm-5ad">
         <name>SysCtlLDODeepSleepSet</name>
         <value>0x72b</value>
         <object_component_ref idref="oc-80"/>
      </symbol>
      <symbol id="sm-5ae">
         <name>SysCtlPeripheralPowerOn</name>
         <value>0x3a9</value>
         <object_component_ref idref="oc-80"/>
      </symbol>
      <symbol id="sm-5af">
         <name>SysCtlPeripheralDeepSleepDisable</name>
         <value>0x5f9</value>
         <object_component_ref idref="oc-80"/>
      </symbol>
      <symbol id="sm-5b0">
         <name>SysCtlPeripheralSleepDisable</name>
         <value>0x56d</value>
         <object_component_ref idref="oc-80"/>
      </symbol>
      <symbol id="sm-5b1">
         <name>SysCtlVCOGet</name>
         <value>0x1045</value>
         <object_component_ref idref="oc-80"/>
      </symbol>
      <symbol id="sm-5b2">
         <name>SysCtlResetBehaviorSet</name>
         <value>0x811</value>
         <object_component_ref idref="oc-80"/>
      </symbol>
      <symbol id="sm-5b3">
         <name>SysCtlReset</name>
         <value>0x765</value>
         <object_component_ref idref="oc-80"/>
      </symbol>
      <symbol id="sm-5b4">
         <name>SysCtlGPIOAHBDisable</name>
         <value>0xfd7</value>
         <object_component_ref idref="oc-80"/>
      </symbol>
      <symbol id="sm-5b5">
         <name>SysCtlSRAMSizeGet</name>
         <value>0x2cb</value>
         <object_component_ref idref="oc-80"/>
      </symbol>
      <symbol id="sm-5b6">
         <name>SysCtlClockGet</name>
         <value>0xd39</value>
         <object_component_ref idref="oc-80"/>
      </symbol>
      <symbol id="sm-5b7">
         <name>SysCtlPeripheralDisable</name>
         <value>0x4e5</value>
         <object_component_ref idref="oc-80"/>
      </symbol>
      <symbol id="sm-5b8">
         <name>SysCtlPWMClockSet</name>
         <value>0xf8b</value>
         <object_component_ref idref="oc-80"/>
      </symbol>
      <symbol id="sm-5b9">
         <name>SysCtlUSBPLLEnable</name>
         <value>0xff3</value>
         <object_component_ref idref="oc-80"/>
      </symbol>
      <symbol id="sm-5ba">
         <name>SysCtlPeripheralSleepEnable</name>
         <value>0x529</value>
         <object_component_ref idref="oc-80"/>
      </symbol>
      <symbol id="sm-5bb">
         <name>SysCtlIntUnregister</name>
         <value>0x6ad</value>
         <object_component_ref idref="oc-80"/>
      </symbol>
      <symbol id="sm-5bc">
         <name>SysCtlUSBPLLDisable</name>
         <value>0xfff</value>
         <object_component_ref idref="oc-80"/>
      </symbol>
      <symbol id="sm-5bd">
         <name>SysCtlPeripheralReady</name>
         <value>0x369</value>
         <object_component_ref idref="oc-80"/>
      </symbol>
      <symbol id="sm-5be">
         <name>SysCtlPIOSCCalibrate</name>
         <value>0x7c1</value>
         <object_component_ref idref="oc-80"/>
      </symbol>
      <symbol id="sm-5bf">
         <name>SysCtlResetCauseClear</name>
         <value>0x797</value>
         <object_component_ref idref="oc-80"/>
      </symbol>
      <symbol id="sm-5c0">
         <name>SysCtlLDOSleepGet</name>
         <value>0x725</value>
         <object_component_ref idref="oc-80"/>
      </symbol>
      <symbol id="sm-5c1">
         <name>SysCtlClockFreqSet</name>
         <value>0x871</value>
         <object_component_ref idref="oc-80"/>
      </symbol>
      <symbol id="sm-5c2">
         <name>SysCtlPeripheralReset</name>
         <value>0x421</value>
         <object_component_ref idref="oc-80"/>
      </symbol>
      <symbol id="sm-643">
         <name>UARTClockSourceGet</name>
         <value>0x37e9</value>
         <object_component_ref idref="oc-8c"/>
      </symbol>
      <symbol id="sm-644">
         <name>UARTCharPutNonBlocking</name>
         <value>0x365d</value>
         <object_component_ref idref="oc-8c"/>
      </symbol>
      <symbol id="sm-645">
         <name>UARTDMAEnable</name>
         <value>0x3783</value>
         <object_component_ref idref="oc-8c"/>
      </symbol>
      <symbol id="sm-646">
         <name>UARTTxIntModeSet</name>
         <value>0x35c1</value>
         <object_component_ref idref="oc-8c"/>
      </symbol>
      <symbol id="sm-647">
         <name>UARTFIFODisable</name>
         <value>0x3467</value>
         <object_component_ref idref="oc-8c"/>
      </symbol>
      <symbol id="sm-648">
         <name>UARTIntUnregister</name>
         <value>0x3709</value>
         <object_component_ref idref="oc-8c"/>
      </symbol>
      <symbol id="sm-649">
         <name>UARTRxErrorClear</name>
         <value>0x37c5</value>
         <object_component_ref idref="oc-8c"/>
      </symbol>
      <symbol id="sm-64a">
         <name>UARTModemControlSet</name>
         <value>0x3509</value>
         <object_component_ref idref="oc-8c"/>
      </symbol>
      <symbol id="sm-64b">
         <name>UARTFlowControlSet</name>
         <value>0x3593</value>
         <object_component_ref idref="oc-8c"/>
      </symbol>
      <symbol id="sm-64c">
         <name>UARTConfigSetExpClk</name>
         <value>0x3341</value>
         <object_component_ref idref="oc-8c"/>
      </symbol>
      <symbol id="sm-64d">
         <name>UARTSmartCardDisable</name>
         <value>0x34f3</value>
         <object_component_ref idref="oc-8c"/>
      </symbol>
      <symbol id="sm-64e">
         <name>UARTDisable</name>
         <value>0x3427</value>
         <object_component_ref idref="oc-8c"/>
      </symbol>
      <symbol id="sm-64f">
         <name>UART9BitDisable</name>
         <value>0x380f</value>
         <object_component_ref idref="oc-8c"/>
      </symbol>
      <symbol id="sm-650">
         <name>UARTFIFOLevelGet</name>
         <value>0x3319</value>
         <object_component_ref idref="oc-8c"/>
      </symbol>
      <symbol id="sm-651">
         <name>UARTBusy</name>
         <value>0x36c9</value>
         <object_component_ref idref="oc-8c"/>
      </symbol>
      <symbol id="sm-652">
         <name>UARTDisableSIR</name>
         <value>0x34ab</value>
         <object_component_ref idref="oc-8c"/>
      </symbol>
      <symbol id="sm-653">
         <name>UARTLoopbackEnable</name>
         <value>0x3893</value>
         <object_component_ref idref="oc-8c"/>
      </symbol>
      <symbol id="sm-654">
         <name>UARTIntEnable</name>
         <value>0x3723</value>
         <object_component_ref idref="oc-8c"/>
      </symbol>
      <symbol id="sm-655">
         <name>UARTCharsAvail</name>
         <value>0x35ef</value>
         <object_component_ref idref="oc-8c"/>
      </symbol>
      <symbol id="sm-656">
         <name>UARTCharGetNonBlocking</name>
         <value>0x362b</value>
         <object_component_ref idref="oc-8c"/>
      </symbol>
      <symbol id="sm-657">
         <name>UARTClockSourceSet</name>
         <value>0x37d5</value>
         <object_component_ref idref="oc-8c"/>
      </symbol>
      <symbol id="sm-658">
         <name>UARTTxIntModeGet</name>
         <value>0x35dd</value>
         <object_component_ref idref="oc-8c"/>
      </symbol>
      <symbol id="sm-659">
         <name>UARTModemStatusGet</name>
         <value>0x357f</value>
         <object_component_ref idref="oc-8c"/>
      </symbol>
      <symbol id="sm-65a">
         <name>UARTIntDisable</name>
         <value>0x373b</value>
         <object_component_ref idref="oc-8c"/>
      </symbol>
      <symbol id="sm-65b">
         <name>UARTCharPut</name>
         <value>0x3681</value>
         <object_component_ref idref="oc-8c"/>
      </symbol>
      <symbol id="sm-65c">
         <name>UARTParityModeSet</name>
         <value>0x32d3</value>
         <object_component_ref idref="oc-8c"/>
      </symbol>
      <symbol id="sm-65d">
         <name>UARTRxErrorGet</name>
         <value>0x37b3</value>
         <object_component_ref idref="oc-8c"/>
      </symbol>
      <symbol id="sm-65e">
         <name>UARTConfigGetExpClk</name>
         <value>0x33b7</value>
         <object_component_ref idref="oc-8c"/>
      </symbol>
      <symbol id="sm-65f">
         <name>UARTEnableSIR</name>
         <value>0x347d</value>
         <object_component_ref idref="oc-8c"/>
      </symbol>
      <symbol id="sm-660">
         <name>UARTEnable</name>
         <value>0x3403</value>
         <object_component_ref idref="oc-8c"/>
      </symbol>
      <symbol id="sm-661">
         <name>UART9BitAddrSend</name>
         <value>0x384b</value>
         <object_component_ref idref="oc-8c"/>
      </symbol>
      <symbol id="sm-662">
         <name>UARTModemControlGet</name>
         <value>0x356d</value>
         <object_component_ref idref="oc-8c"/>
      </symbol>
      <symbol id="sm-663">
         <name>UARTSmartCardEnable</name>
         <value>0x34c1</value>
         <object_component_ref idref="oc-8c"/>
      </symbol>
      <symbol id="sm-664">
         <name>UARTFlowControlGet</name>
         <value>0x35af</value>
         <object_component_ref idref="oc-8c"/>
      </symbol>
      <symbol id="sm-665">
         <name>UARTFIFOEnable</name>
         <value>0x3451</value>
         <object_component_ref idref="oc-8c"/>
      </symbol>
      <symbol id="sm-666">
         <name>UARTIntClear</name>
         <value>0x3771</value>
         <object_component_ref idref="oc-8c"/>
      </symbol>
      <symbol id="sm-667">
         <name>UARTIntStatus</name>
         <value>0x3753</value>
         <object_component_ref idref="oc-8c"/>
      </symbol>
      <symbol id="sm-668">
         <name>UARTDMADisable</name>
         <value>0x379b</value>
         <object_component_ref idref="oc-8c"/>
      </symbol>
      <symbol id="sm-669">
         <name>UART9BitEnable</name>
         <value>0x37f9</value>
         <object_component_ref idref="oc-8c"/>
      </symbol>
      <symbol id="sm-66a">
         <name>UARTSpaceAvail</name>
         <value>0x360d</value>
         <object_component_ref idref="oc-8c"/>
      </symbol>
      <symbol id="sm-66b">
         <name>UARTCharGet</name>
         <value>0x3647</value>
         <object_component_ref idref="oc-8c"/>
      </symbol>
      <symbol id="sm-66c">
         <name>UARTFIFOLevelSet</name>
         <value>0x3301</value>
         <object_component_ref idref="oc-8c"/>
      </symbol>
      <symbol id="sm-66d">
         <name>UARTModemControlClear</name>
         <value>0x3549</value>
         <object_component_ref idref="oc-8c"/>
      </symbol>
      <symbol id="sm-66e">
         <name>UARTParityModeGet</name>
         <value>0x32ef</value>
         <object_component_ref idref="oc-8c"/>
      </symbol>
      <symbol id="sm-66f">
         <name>UARTIntRegister</name>
         <value>0x36e7</value>
         <object_component_ref idref="oc-8c"/>
      </symbol>
      <symbol id="sm-670">
         <name>UARTBreakCtl</name>
         <value>0x369f</value>
         <object_component_ref idref="oc-8c"/>
      </symbol>
      <symbol id="sm-671">
         <name>UART9BitAddrSet</name>
         <value>0x3825</value>
         <object_component_ref idref="oc-8c"/>
      </symbol>
      <symbol id="sm-6e3">
         <name>UARTgetc</name>
         <value>0x39ef</value>
         <object_component_ref idref="oc-92"/>
      </symbol>
      <symbol id="sm-6e4">
         <name>UARTgets</name>
         <value>0x3935</value>
         <object_component_ref idref="oc-92"/>
      </symbol>
      <symbol id="sm-6e5">
         <name>UARTStdioConfig</name>
         <value>0x38a9</value>
         <object_component_ref idref="oc-92"/>
      </symbol>
      <symbol id="sm-6e6">
         <name>UARTwrite</name>
         <value>0x38ef</value>
         <object_component_ref idref="oc-92"/>
      </symbol>
      <symbol id="sm-6e7">
         <name>UARTprintf</name>
         <value>0x3d0f</value>
         <object_component_ref idref="oc-92"/>
      </symbol>
      <symbol id="sm-6e8">
         <name>UARTvprintf</name>
         <value>0x3a15</value>
         <object_component_ref idref="oc-92"/>
      </symbol>
      <symbol id="sm-6fa">
         <name>_c_int00</name>
         <value>0x466d</value>
         <object_component_ref idref="oc-24"/>
      </symbol>
      <symbol id="sm-6fb">
         <name>__stack</name>
         <value>0x2000026c</value>
         <object_component_ref idref="oc-2a"/>
      </symbol>
      <symbol id="sm-719">
         <name>__TI_decompress_lzss</name>
         <value>0x4605</value>
         <object_component_ref idref="oc-12"/>
      </symbol>
      <symbol id="sm-730">
         <name>__TI_decompress_none</name>
         <value>0x480d</value>
         <object_component_ref idref="oc-18"/>
      </symbol>
      <symbol id="sm-747">
         <name>__TI_zero_init</name>
         <value>0x481b</value>
         <object_component_ref idref="oc-1e"/>
      </symbol>
      <symbol id="sm-768">
         <name>C$$EXIT</name>
         <value>0x46c1</value>
         <object_component_ref idref="oc-75"/>
      </symbol>
      <symbol id="sm-769">
         <name>abort</name>
         <value>0x46c5</value>
         <object_component_ref idref="oc-75"/>
      </symbol>
      <symbol id="sm-76a">
         <name>exit</name>
         <value>0x46cd</value>
         <object_component_ref idref="oc-75"/>
      </symbol>
      <symbol id="sm-76b">
         <name>__TI_dtors_ptr</name>
         <value>0x2000051c</value>
         <object_component_ref idref="oc-dd"/>
      </symbol>
      <symbol id="sm-76c">
         <name>__TI_cleanup_ptr</name>
         <value>0x20000518</value>
         <object_component_ref idref="oc-dd"/>
      </symbol>
      <symbol id="sm-76d">
         <name>__TI_enable_exit_profile_output</name>
         <value>0x20000520</value>
         <object_component_ref idref="oc-dd"/>
      </symbol>
      <symbol id="sm-788">
         <name>memcpy</name>
         <value>0x447d</value>
         <object_component_ref idref="oc-45"/>
      </symbol>
      <symbol id="sm-789">
         <name>__aeabi_memcpy</name>
         <value>0x447d</value>
         <object_component_ref idref="oc-45"/>
      </symbol>
      <symbol id="sm-78a">
         <name>__aeabi_memcpy8</name>
         <value>0x447d</value>
         <object_component_ref idref="oc-45"/>
      </symbol>
      <symbol id="sm-78b">
         <name>__aeabi_memcpy4</name>
         <value>0x447d</value>
         <object_component_ref idref="oc-45"/>
      </symbol>
      <symbol id="sm-79a">
         <name>__aeabi_memset</name>
         <value>0x451b</value>
         <object_component_ref idref="oc-51"/>
      </symbol>
      <symbol id="sm-79b">
         <name>memset</name>
         <value>0x4521</value>
         <object_component_ref idref="oc-51"/>
      </symbol>
      <symbol id="sm-79c">
         <name>__aeabi_memset8</name>
         <value>0x451b</value>
         <object_component_ref idref="oc-51"/>
      </symbol>
      <symbol id="sm-79d">
         <name>__aeabi_memset4</name>
         <value>0x451b</value>
         <object_component_ref idref="oc-51"/>
      </symbol>
      <symbol id="sm-79e">
         <name>__aeabi_memclr8</name>
         <value>0x4519</value>
         <object_component_ref idref="oc-51"/>
      </symbol>
      <symbol id="sm-79f">
         <name>__aeabi_memclr4</name>
         <value>0x4519</value>
         <object_component_ref idref="oc-51"/>
      </symbol>
      <symbol id="sm-7a0">
         <name>__aeabi_memclr</name>
         <value>0x4519</value>
         <object_component_ref idref="oc-51"/>
      </symbol>
      <symbol id="sm-7aa">
         <name>__mpu_init</name>
         <value>0x47df</value>
         <object_component_ref idref="oc-5d"/>
      </symbol>
      <symbol id="sm-7b4">
         <name>_system_pre_init</name>
         <value>0x4839</value>
         <object_component_ref idref="oc-63"/>
      </symbol>
      <symbol id="sm-7bc">
         <name>main_func_sp</name>
         <value>0x20000534</value>
         <object_component_ref idref="oc-7b"/>
      </symbol>
      <symbol id="sm-7cb">
         <name>__aeabi_uidivmod</name>
         <value>0x4761</value>
         <object_component_ref idref="oc-125"/>
      </symbol>
      <symbol id="sm-7cc">
         <name>__aeabi_uidiv</name>
         <value>0x4761</value>
         <object_component_ref idref="oc-125"/>
      </symbol>
      <symbol id="sm-7e5">
         <name>_nop</name>
         <value>0x4807</value>
         <object_component_ref idref="oc-169"/>
      </symbol>
      <symbol id="sm-7e6">
         <name>_lock</name>
         <value>0x20000524</value>
         <object_component_ref idref="oc-e0"/>
      </symbol>
      <symbol id="sm-7e7">
         <name>_unlock</name>
         <value>0x20000528</value>
         <object_component_ref idref="oc-e0"/>
      </symbol>
      <symbol id="sm-7e8">
         <name>_register_lock</name>
         <value>0x47ff</value>
         <object_component_ref idref="oc-169"/>
      </symbol>
      <symbol id="sm-7e9">
         <name>_register_unlock</name>
         <value>0x47f9</value>
         <object_component_ref idref="oc-169"/>
      </symbol>
      <symbol id="sm-7fd">
         <name>_args_main</name>
         <value>0x47e1</value>
         <object_component_ref idref="oc-6f"/>
      </symbol>
      <symbol id="sm-827">
         <name>__TI_auto_init</name>
         <value>0x4595</value>
         <object_component_ref idref="oc-69"/>
      </symbol>
      <symbol id="sm-841">
         <name>copy_in</name>
         <value>0x4715</value>
         <object_component_ref idref="oc-cd"/>
      </symbol>
      <symbol id="sm-84b">
         <name>__aeabi_idiv0</name>
         <value>0x4593</value>
         <object_component_ref idref="oc-1b3"/>
      </symbol>
      <symbol id="sm-855">
         <name>_system_post_cinit</name>
         <value>0x483d</value>
         <object_component_ref idref="oc-d3"/>
      </symbol>
      <symbol id="sm-856">
         <name>__TI_static_base__</name>
         <value>0x0</value>
      </symbol>
      <symbol id="sm-859">
         <name>SHT$$INIT_ARRAY$$Limit</name>
         <value>0x0</value>
      </symbol>
      <symbol id="sm-85a">
         <name>SHT$$INIT_ARRAY$$Base</name>
         <value>0x0</value>
      </symbol>
   </symbol_table>
   <title>Link successful</title>
</link_info>
