******************************************************************************
                  TI ARM Linker Unix v18.1.1                   
******************************************************************************
>> Linked Tue Apr 17 19:18:34 2018

OUTPUT FILE NAME:   <proj_2.out>
ENTRY POINT SYMBOL: "_c_int00_noargs"  address: 00009b71


MEMORY CONFIGURATION

         name            origin    length      used     unused   attr    fill
----------------------  --------  ---------  --------  --------  ----  --------
  FLASH                 00000000   00100000  0000ab31  000f54cf  R  X
  SRAM                  20000000   00040000  000018a8  0003e758  RW X


SEGMENT ALLOCATION MAP

run origin  load origin   length   init length attrs members
----------  ----------- ---------- ----------- ----- -------
00000000    00000000    0000ab38   0000ab38    r-x
  00000000    00000000    00000208   00000208    r-- .intvecs
  00000208    00000208    00009aae   00009aae    r-x .text
  00009cb8    00009cb8    00000e33   00000e33    r-- .const
  0000aaf0    0000aaf0    00000048   00000048    r-- .cinit
20000000    20000000    000018ac   00000000    rw-
  20000000    20000000    0000026c   00000000    rw- .vtable
  2000026c    2000026c    000013d0   00000000    rw- .bss
  20001640    20001640    00000200   00000000    rw- .stack
  20001840    20001840    0000006c   00000000    rw- .data


SECTION ALLOCATION MAP

 output                                  attributes/
section   page    origin      length       input sections
--------  ----  ----------  ----------   ----------------
.intvecs   0    00000000    00000208     
                  00000000    00000208     tm4c1294ncpdt_startup_ccs.obj (.intvecs)

.text      0    00000208    00009aae     
                  00000208    00001da0     tasks.obj (.text)
                  00001fa8    00000f9c     queue.obj (.text)
                  00002f44    00000f80     sysctl.obj (.text)
                  00003ec4    00000ed0     emac.obj (.text)
                  00004d94    00000b94     gpio.obj (.text)
                  00005928    00000a5e     rtsv7M4_T_le_v4SPD16_eabi.lib : _printfi.c.obj (.text:__TI_printfi)
                  00006386    00000002                                   : div0.asm.obj (.text)
                  00006388    0000071c     timers.obj (.text)
                  00006aa4    000005d8     sw_crc.obj (.text)
                  0000707c    0000044c     port.obj (.text)
                  000074c8    000003f0     flash.obj (.text)
                  000078b8    000003e4     heap_5.obj (.text)
                  00007c9c    000003c0     interrupt.obj (.text)
                  0000805c    000003b4     networkinterface.obj (.text)
                  00008410    00000290     pinout.obj (.text)
                  000086a0    00000270     rtsv7M4_T_le_v4SPD16_eabi.lib : _printfi.c.obj (.text:_pconv_a)
                  00008910    000001d0                                   : _printfi.c.obj (.text:_pconv_g)
                  00008ae0    000001b6                                   : fd_add_t2.asm.obj (.text)
                  00008c96    00000002     --HOLE-- [fill = 0]
                  00008c98    0000013c                                   : _printfi.c.obj (.text:_pconv_e)
                  00008dd4    00000136                                   : fd_div_t2.asm.obj (.text)
                  00008f0a    0000012a     list.obj (.text)
                  00009034    00000120     rtsv7M4_T_le_v4SPD16_eabi.lib : _printfi.c.obj (.text:fcvt)
                  00009154    00000110                                   : s_scalbn.c.obj (.text:scalbn)
                  00009264    000000fc                                   : fd_mul_t2.asm.obj (.text)
                  00009360    000000da     portasm.obj (.text)
                  0000943a    00000002     --HOLE-- [fill = 0]
                  0000943c    000000b1     rtsv7M4_T_le_v4SPD16_eabi.lib : _printfi.c.obj (.text:_ltostr)
                  000094ed    00000001     --HOLE-- [fill = 0]
                  000094ee    0000009c                                   : memcpy_t2.asm.obj (.text)
                  0000958a    00000096                                   : ull_div_t2.asm.obj (.text)
                  00009620    00000086                                   : fd_cmp_t2.asm.obj (.text:__aeabi_cdcmple)
                  000096a6    00000086                                   : fd_cmp_t2.asm.obj (.text:__aeabi_cdrcmple)
                  0000972c    0000007a                                   : memset_t2.asm.obj (.text)
                  000097a6    0000006e                                   : _printfi.c.obj (.text:_mcpy)
                  00009814    00000068                                   : copy_decompress_lzss.c.obj (.text:decompress:lzss:__TI_decompress_lzss)
                  0000987c    00000064                                   : s_frexp.c.obj (.text:frexp)
                  000098e0    00000056                                   : _printfi.c.obj (.text:_pconv_f)
                  00009936    00000054                                   : ltoa.c.obj (.text:ltoa)
                  0000998a    00000052                                   : _printfi.c.obj (.text:_ecpy)
                  000099dc    0000004c                                   : atoi.c.obj (.text:atoi)
                  00009a28    00000048                                   : fd_toi_t2.asm.obj (.text)
                  00009a70    00000044                                   : autoinit.c.obj (.text:__TI_auto_init_nobinit_nopinit:__TI_auto_init_nobinit_nopinit)
                  00009ab4    00000040                                   : sprintf.c.obj (.text:sprintf)
                  00009af4    0000003e                                   : _printfi.c.obj (.text:_fcpy)
                  00009b32    0000003e     cpu.obj (.text)
                  00009b70    00000038     rtsv7M4_T_le_v4SPD16_eabi.lib : boot_cortex_m.c.obj (.text:_c_int00_noargs:_c_int00_noargs)
                  00009ba8    0000002e                                   : i_tofd_t2.asm.obj (.text)
                  00009bd6    0000001c                                   : memccpy.c.obj (.text:memccpy)
                  00009bf2    00000018                                   : sprintf.c.obj (.text:_outs)
                  00009c0a    00000016                                   : strchr.c.obj (.text:strchr)
                  00009c20    00000014                                   : s_copysign.c.obj (.text:copysign)
                  00009c34    00000014                                   : strcpy.c.obj (.text:strcpy)
                  00009c48    00000014                                   : strlen.c.obj (.text:strlen)
                  00009c5c    00000012                                   : wcslen.c.obj (.text:wcslen)
                  00009c6e    0000000e                                   : copy_decompress_none.c.obj (.text:decompress:none:__TI_decompress_none)
                  00009c7c    0000000c                                   : copy_zero_init.c.obj (.text:decompress:ZI:__TI_zero_init)
                  00009c88    0000000c     tm4c1294ncpdt_startup_ccs.obj (.text)
                  00009c94    0000000a     rtsv7M4_T_le_v4SPD16_eabi.lib : sprintf.c.obj (.text:_outc)
                  00009c9e    00000002     --HOLE-- [fill = 0]
                  00009ca0    00000008                                   : errno.c.obj (.text:__aeabi_errno_addr)
                  00009ca8    00000006     sysctl.obj (.text:SysCtlDelay)
                  00009cae    00000004     rtsv7M4_T_le_v4SPD16_eabi.lib : pre_init.c.obj (.text:_system_pre_init)
                  00009cb2    00000004                                   : exit.c.obj (.text:abort:abort)

.const     0    00009cb8    00000e33     
                  00009cb8    00000400     sw_crc.obj (.const:g_pui32Crc32)
                  0000a0b8    00000200     sw_crc.obj (.const:g_pui16Crc16)
                  0000a2b8    000001b0     sysctl.obj (.const:g_pppui32XTALtoVCO)
                  0000a468    00000101     rtsv7M4_T_le_v4SPD16_eabi.lib : ctype.c.obj (.const:.string:_ctypes_)
                  0000a569    00000100     sw_crc.obj (.const:.string:g_pui8Crc8CCITT)
                  0000a669    00000003     --HOLE-- [fill = 0]
                  0000a66c    000000d8     gpio.obj (.const:g_ppui32GPIOIntMapSnowflake)
                  0000a744    000000c0     gpio.obj (.const:g_ppui32GPIOIntMapBlizzard)
                  0000a804    0000009c     interrupt.obj (.const:g_pui32Regs)
                  0000a8a0    00000090     gpio.obj (.const:g_pui32GPIOBaseAddrs)
                  0000a930    0000006c     sysctl.obj (.const:g_pui32Xtals)
                  0000a99c    00000040     flash.obj (.const:g_pui32FMPPERegs)
                  0000a9dc    00000040     flash.obj (.const:g_pui32FMPRERegs)
                  0000aa1c    00000030     sysctl.obj (.const:g_sXTALtoMEMTIM)
                  0000aa4c    00000020     interrupt.obj (.const:g_pui32Priority)
                  0000aa6c    00000018     emac.obj (.const:g_pi16MIIClockDiv)
                  0000aa84    00000014     interrupt.obj (.const:g_pui32Dii16Regs)
                  0000aa98    00000014     interrupt.obj (.const:g_pui32EnRegs)
                  0000aaac    00000014     interrupt.obj (.const:g_pui32PendRegs)
                  0000aac0    00000014     interrupt.obj (.const:g_pui32UnpendRegs)
                  0000aad4    00000008     sysctl.obj (.const:g_pui32VCOFrequencies)
                  0000aadc    00000008     port.obj (.const)
                  0000aae4    00000007     networkinterface.obj (.const:.string:$P$T0$1)

.cinit     0    0000aaf0    00000048     
                  0000aaf0    00000014     (.cinit..data.load) [load image, compression = lzss]
                  0000ab04    0000000c     (__TI_handler_table)
                  0000ab10    00000008     (.cinit..bss.load) [load image, compression = zero_init]
                  0000ab18    00000008     (.cinit..vtable.load) [load image, compression = zero_init]
                  0000ab20    00000018     (__TI_cinit_table)

.init_array 
*          0    00000000    00000000     UNINITIALIZED

.vtable    0    20000000    0000026c     UNINITIALIZED
                  20000000    0000026c     interrupt.obj (.vtable)

.bss       0    2000026c    000013d0     UNINITIALIZED
                  2000026c    00001200     (.common:g_ppui8RxBuffer)
                  2000146c    00000064     tasks.obj (.bss:pxReadyTasksLists)
                  200014d0    00000060     (.common:g_psRxDescriptor)
                  20001530    00000060     (.common:g_psTxDescriptor)
                  20001590    00000014     timers.obj (.bss:xActiveTimerList1)
                  200015a4    00000014     timers.obj (.bss:xActiveTimerList2)
                  200015b8    00000014     tasks.obj (.bss:xDelayedTaskList1)
                  200015cc    00000014     tasks.obj (.bss:xDelayedTaskList2)
                  200015e0    00000014     tasks.obj (.bss:xPendingReadyList)
                  200015f4    00000014     tasks.obj (.bss:xSuspendedTaskList)
                  20001608    00000014     tasks.obj (.bss:xTasksWaitingTermination)
                  2000161c    00000008     tasks.obj (.bss)
                  20001624    00000008     timers.obj (.bss)
                  2000162c    00000008     heap_5.obj (.bss:xStart)
                  20001634    00000004     (.common:g_ui32RxDescIndex)
                  20001638    00000004     (.common:g_ui32TxDescIndex)

.data      0    20001840    0000006c     UNINITIALIZED
                  20001840    00000034     tasks.obj (.data)
                  20001874    00000018     port.obj (.data)
                  2000188c    00000010     heap_5.obj (.data)
                  2000189c    0000000c     timers.obj (.data)
                  200018a8    00000004     rtsv7M4_T_le_v4SPD16_eabi.lib : errno.c.obj (.data)

.stack     0    20001640    00000200     UNINITIALIZED
                  20001640    00000004     rtsv7M4_T_le_v4SPD16_eabi.lib : boot_cortex_m.c.obj (.stack)
                  20001644    000001fc     --HOLE--

MODULE SUMMARY

       Module                          code    ro data   rw data
       ------                          ----    -------   -------
    ./
       networkinterface.obj            948     7         4808   
       sysctl.obj                      3974    596       0      
       emac.obj                        3792    24        0      
       gpio.obj                        2964    552       0      
       sw_crc.obj                      1496    1792      0      
       interrupt.obj                   960     268       620    
       flash.obj                       1008    128       0      
       pinout.obj                      656     0         0      
       tm4c1294ncpdt_startup_ccs.obj   12      520       0      
       cpu.obj                         62      0         0      
    +--+-------------------------------+-------+---------+---------+
       Total:                          15872   3887      5428   
                                                                
    ./FreeRTOS/Source/
       tasks.obj                       7584    0         260    
       queue.obj                       3996    0         0      
       timers.obj                      1820    0         60     
       list.obj                        298     0         0      
    +--+-------------------------------+-------+---------+---------+
       Total:                          13698   0         320    
                                                                
    ./FreeRTOS/Source/portable/CCS/ARM_CM4F/
       port.obj                        1100    8         24     
       portasm.obj                     218     0         0      
    +--+-------------------------------+-------+---------+---------+
       Total:                          1318    8         24     
                                                                
    ./FreeRTOS/Source/portable/MemMang/
       heap_5.obj                      996     0         24     
    +--+-------------------------------+-------+---------+---------+
       Total:                          996     0         24     
                                                                
    /Applications/ti/ccsv8/tools/compiler/ti-cgt-arm_18.1.1.LTS/lib/rtsv7M4_T_le_v4SPD16_eabi.lib
       _printfi.c.obj                  4863    0         0      
       fd_add_t2.asm.obj               438     0         0      
       fd_div_t2.asm.obj               310     0         0      
       s_scalbn.c.obj                  272     0         0      
       fd_cmp_t2.asm.obj               268     0         0      
       ctype.c.obj                     0       257       0      
       fd_mul_t2.asm.obj               252     0         0      
       memcpy_t2.asm.obj               156     0         0      
       ull_div_t2.asm.obj              150     0         0      
       memset_t2.asm.obj               122     0         0      
       copy_decompress_lzss.c.obj      104     0         0      
       s_frexp.c.obj                   100     0         0      
       sprintf.c.obj                   98      0         0      
       ltoa.c.obj                      84      0         0      
       atoi.c.obj                      76      0         0      
       fd_toi_t2.asm.obj               72      0         0      
       autoinit.c.obj                  68      0         0      
       boot_cortex_m.c.obj             56      0         0      
       i_tofd_t2.asm.obj               46      0         0      
       memccpy.c.obj                   28      0         0      
       strchr.c.obj                    22      0         0      
       s_copysign.c.obj                20      0         0      
       strcpy.c.obj                    20      0         0      
       strlen.c.obj                    20      0         0      
       wcslen.c.obj                    18      0         0      
       copy_decompress_none.c.obj      14      0         0      
       copy_zero_init.c.obj            12      0         0      
       errno.c.obj                     8       0         4      
       exit.c.obj                      4       0         0      
       pre_init.c.obj                  4       0         0      
       div0.asm.obj                    2       0         0      
    +--+-------------------------------+-------+---------+---------+
       Total:                          7707    257       4      
                                                                
       Stack:                          0       0         512    
       Linker Generated:               0       72        0      
    +--+-------------------------------+-------+---------+---------+
       Grand Total:                    39591   4224      6312   


LINKER GENERATED COPY TABLES

__TI_cinit_table @ 0000ab20 records: 3, size/record: 8, table size: 24
	.data: load addr=0000aaf0, load size=00000014 bytes, run addr=20001840, run size=0000006c bytes, compression=lzss
	.bss: load addr=0000ab10, load size=00000008 bytes, run addr=2000026c, run size=000013d0 bytes, compression=zero_init
	.vtable: load addr=0000ab18, load size=00000008 bytes, run addr=20000000, run size=0000026c bytes, compression=zero_init


LINKER GENERATED HANDLER TABLE

__TI_handler_table @ 0000ab04 records: 3, size/record: 4, table size: 12
	index: 0, handler: __TI_zero_init
	index: 1, handler: __TI_decompress_lzss
	index: 2, handler: __TI_decompress_none


GLOBAL SYMBOLS: SORTED ALPHABETICALLY BY Name 

address   name                               
-------   ----                               
00009cb3  C$$EXIT                            
00009b67  CPUbasepriGet                      
00009b59  CPUbasepriSet                      
00009b33  CPUcpsid                           
00009b49  CPUcpsie                           
00009b3f  CPUprimask                         
00009b55  CPUwfi                             
00006be5  Crc16                              
00006d8d  Crc16Array                         
00006da1  Crc16Array3                        
00006eed  Crc32                              
00006aa5  Crc8CCITT                          
000041c7  EMACAddrFilterGet                  
00004185  EMACAddrFilterSet                  
00004111  EMACAddrGet                        
000040bb  EMACAddrSet                        
00004061  EMACConfigGet                      
00004017  EMACConfigSet                      
00004395  EMACDMAStateGet                    
00004201  EMACFrameFilterGet                 
000041e1  EMACFrameFilterSet                 
00004259  EMACHashFilterBitCalculate         
00004237  EMACHashFilterGet                  
0000421d  EMACHashFilterSet                  
00003ec5  EMACInit                           
000045a9  EMACIntClear                       
000044ed  EMACIntDisable                     
00004489  EMACIntEnable                      
0000445b  EMACIntRegister                    
0000454d  EMACIntStatus                      
00004471  EMACIntUnregister                  
00004c25  EMACLPIConfig                      
00004c75  EMACLPIEnter                       
00004cb5  EMACLPILinkClear                   
00004c9f  EMACLPILinkSet                     
00004c8b  EMACLPIStatus                      
00004173  EMACNumAddrGet                     
00003fb7  EMACPHYConfigSet                   
000046a1  EMACPHYExtendedRead                
000046e9  EMACPHYExtendedWrite               
00004d31  EMACPHYMMDRead                     
00004ccb  EMACPHYMMDWrite                    
00004739  EMACPHYPowerOff                    
00004765  EMACPHYPowerOn                     
00004655  EMACPHYRead                        
00004601  EMACPHYWrite                       
00004bbb  EMACPowerManagementControlGet      
00004b93  EMACPowerManagementControlSet      
00004bcf  EMACPowerManagementStatusGet       
00004b55  EMACRemoteWakeUpFrameFilterGet     
00004b17  EMACRemoteWakeUpFrameFilterSet     
00003f95  EMACReset                          
00004341  EMACRxDMACurrentBufferGet          
0000432d  EMACRxDMACurrentDescriptorGet      
0000431d  EMACRxDMADescriptorListGet         
00004309  EMACRxDMADescriptorListSet         
000042f7  EMACRxDMAPollDemand                
00004439  EMACRxDisable                      
00004417  EMACRxEnable                       
000042b5  EMACRxWatchdogTimerSet             
000042d1  EMACStatusGet                      
000048d9  EMACTimestampAddendSet             
000047c1  EMACTimestampConfigGet             
00004791  EMACTimestampConfigSet             
00004811  EMACTimestampDisable               
000047e1  EMACTimestampEnable                
0000495d  EMACTimestampIntStatus             
000049d5  EMACTimestampPPSCommand            
000049b1  EMACTimestampPPSCommandModeSet     
000049fd  EMACTimestampPPSPeriodSet          
0000496d  EMACTimestampPPSSimpleModeSet      
0000485f  EMACTimestampSysTimeGet            
00004829  EMACTimestampSysTimeSet            
0000488f  EMACTimestampSysTimeUpdate         
00004945  EMACTimestampTargetIntDisable      
0000492d  EMACTimestampTargetIntEnable       
00004905  EMACTimestampTargetSet             
00004385  EMACTxDMACurrentBufferGet          
00004375  EMACTxDMACurrentDescriptorGet      
00004365  EMACTxDMADescriptorListGet         
00004351  EMACTxDMADescriptorListSet         
000042e5  EMACTxDMAPollDemand                
000043f5  EMACTxDisable                      
000043d3  EMACTxEnable                       
000043a9  EMACTxFlush                        
00004a9b  EMACVLANHashFilterBitCalculate     
00004b07  EMACVLANHashFilterGet              
00004af3  EMACVLANHashFilterSet              
00004a37  EMACVLANRxConfigGet                
00004a1b  EMACVLANRxConfigSet                
00004a77  EMACVLANTxConfigGet                
00004a59  EMACVLANTxConfigSet                
00004be1  EMACWoLEnter                       
000080cd  EthernetIntHandler                 
00007725  FlashAllUserRegisterGet            
000077c9  FlashAllUserRegisterSave           
00007757  FlashAllUserRegisterSet            
000074c9  FlashErase                         
0000787d  FlashIntClear                      
00007845  FlashIntDisable                    
00007831  FlashIntEnable                     
00007801  FlashIntRegister                   
00007859  FlashIntStatus                     
00007819  FlashIntUnregister                 
00007503  FlashProgram                       
00007585  FlashProtectGet                    
000076b9  FlashProtectSave                   
000075f9  FlashProtectSet                    
000076ed  FlashUserGet                       
00007791  FlashUserSave                      
0000770b  FlashUserSet                       
00005901  GPIOADCTriggerDisable              
000058e3  GPIOADCTriggerEnable               
000058c5  GPIODMATriggerDisable              
000058a7  GPIODMATriggerEnable               
00004e4f  GPIODirModeGet                     
00004df3  GPIODirModeSet                     
000053b7  GPIOIntClear                       
0000537b  GPIOIntDisable                     
00005361  GPIOIntEnable                      
000053cb  GPIOIntRegister                    
00005403  GPIOIntRegisterPin                 
00005395  GPIOIntStatus                      
00004f3f  GPIOIntTypeGet                     
00004e9b  GPIOIntTypeSet                     
000053e9  GPIOIntUnregister                  
00005431  GPIOIntUnregisterPin               
0000520f  GPIOPadConfigGet                   
00004fd5  GPIOPadConfigSet                   
00005849  GPIOPinConfigure                   
00005455  GPIOPinRead                        
0000548d  GPIOPinTypeADC                     
000054b1  GPIOPinTypeCAN                     
000054d5  GPIOPinTypeComparator              
000054f9  GPIOPinTypeComparatorOutput        
0000551d  GPIOPinTypeDIVSCLK                 
00005541  GPIOPinTypeEPI                     
00005565  GPIOPinTypeEthernetLED             
00005589  GPIOPinTypeEthernetMII             
000055ad  GPIOPinTypeGPIOInput               
000055d1  GPIOPinTypeGPIOOutput              
000055f5  GPIOPinTypeGPIOOutputOD            
00005619  GPIOPinTypeHibernateRTCCLK         
0000563d  GPIOPinTypeI2C                     
00005661  GPIOPinTypeI2CSCL                  
00005685  GPIOPinTypeLCD                     
000056a9  GPIOPinTypeOneWire                 
000056cd  GPIOPinTypePWM                     
000056f1  GPIOPinTypeQEI                     
00005715  GPIOPinTypeSSI                     
00005739  GPIOPinTypeTimer                   
0000575d  GPIOPinTypeTrace                   
00005781  GPIOPinTypeUART                    
000057a5  GPIOPinTypeUSBAnalog               
000057c9  GPIOPinTypeUSBDigital              
000057ed  GPIOPinTypeWakeHigh                
00005813  GPIOPinTypeWakeLow                 
00005839  GPIOPinWakeStatus                  
0000546d  GPIOPinWrite                       
00008145  InitDescriptors                    
00007e5d  IntDisable                         
00007deb  IntEnable                          
00007ecf  IntIsEnabled                       
00007caf  IntMasterDisable                   
00007c9f  IntMasterEnable                    
00007fc5  IntPendClear                       
00007f55  IntPendSet                         
00007dc7  IntPriorityGet                     
00007d3f  IntPriorityGroupingGet             
00007d25  IntPriorityGroupingSet             
0000801f  IntPriorityMaskGet                 
00008013  IntPriorityMaskSet                 
00007d77  IntPrioritySet                     
00007cbf  IntRegister                        
00008027  IntTrigger                         
00007d11  IntUnregister                      
000085d9  LEDRead                            
00008549  LEDWrite                           
00008411  PinoutSet                          
0000805d  ProcessReceivedPacket              
00009c89  ResetISR                           
00003e81  SysCtlAltClkConfig                 
000035a9  SysCtlClockFreqSet                 
00003a71  SysCtlClockGet                     
00003e65  SysCtlClockOutConfig               
000038a1  SysCtlClockSet                     
000034ad  SysCtlDeepSleep                    
00003c35  SysCtlDeepSleepClockConfigSet      
00003c17  SysCtlDeepSleepClockSet            
0000348d  SysCtlDeepSleepPowerSet            
00009ca9  SysCtlDelay                        
0000303b  SysCtlFlashSectorSizeGet           
0000300f  SysCtlFlashSizeGet                 
00003d0b  SysCtlGPIOAHBDisable               
00003cef  SysCtlGPIOAHBEnable                
00003421  SysCtlIntClear                     
00003409  SysCtlIntDisable                   
000033f5  SysCtlIntEnable                    
000033cd  SysCtlIntRegister                  
00003431  SysCtlIntStatus                    
000033e5  SysCtlIntUnregister                
00003473  SysCtlLDODeepSleepGet              
00003463  SysCtlLDODeepSleepSet              
0000345d  SysCtlLDOSleepGet                  
0000344d  SysCtlLDOSleepSet                  
000034e3  SysCtlMOSCConfigSet                
00003e49  SysCtlNMIClear                     
00003e35  SysCtlNMIStatus                    
000034f9  SysCtlPIOSCCalibrate               
00003cd9  SysCtlPWMClockGet                  
00003cbf  SysCtlPWMClockSet                  
00003379  SysCtlPeripheralClockGating        
00003331  SysCtlPeripheralDeepSleepDisable   
000032e1  SysCtlPeripheralDeepSleepEnable    
0000321d  SysCtlPeripheralDisable            
000031e1  SysCtlPeripheralEnable             
0000311d  SysCtlPeripheralPowerOff           
000030e1  SysCtlPeripheralPowerOn            
00003061  SysCtlPeripheralPresent            
000030a1  SysCtlPeripheralReady              
00003159  SysCtlPeripheralReset              
000032a5  SysCtlPeripheralSleepDisable       
00003261  SysCtlPeripheralSleepEnable        
0000349d  SysCtlReset                        
00003559  SysCtlResetBehaviorGet             
00003549  SysCtlResetBehaviorSet             
000034cf  SysCtlResetCauseClear              
000034c9  SysCtlResetCauseGet                
00003005  SysCtlSRAMSizeGet                  
000034a5  SysCtlSleep                        
00003479  SysCtlSleepPowerSet                
00003d33  SysCtlUSBPLLDisable                
00003d27  SysCtlUSBPLLEnable                 
00003d79  SysCtlVCOGet                       
00003d61  SysCtlVoltageEventClear            
00003d45  SysCtlVoltageEventConfig           
00003d55  SysCtlVoltageEventStatus           
20001840  __STACK_END                        
00000200  __STACK_SIZE                       
20001840  __STACK_TOP                        
0000ab20  __TI_CINIT_Base                    
0000ab38  __TI_CINIT_Limit                   
0000ab04  __TI_Handler_Table_Base            
0000ab10  __TI_Handler_Table_Limit           
00009a71  __TI_auto_init_nobinit_nopinit     
00009815  __TI_decompress_lzss               
00009c6f  __TI_decompress_none               
ffffffff  __TI_pprof_out_hndl                
00005929  __TI_printfi                       
ffffffff  __TI_prof_data_size                
ffffffff  __TI_prof_data_start               
00000000  __TI_static_base__                 
00009c7d  __TI_zero_init                     
00009621  __aeabi_cdcmpeq                    
00009621  __aeabi_cdcmple                    
000096a7  __aeabi_cdrcmple                   
00009a29  __aeabi_d2iz                       
00008aeb  __aeabi_dadd                       
00008dd5  __aeabi_ddiv                       
00009265  __aeabi_dmul                       
00008ae1  __aeabi_dsub                       
00009ca1  __aeabi_errno_addr                 
00009ba9  __aeabi_i2d                        
00006387  __aeabi_idiv0                      
00006387  __aeabi_ldiv0                      
0000972d  __aeabi_memclr                     
0000972d  __aeabi_memclr4                    
0000972d  __aeabi_memclr8                    
000094ef  __aeabi_memcpy                     
000094ef  __aeabi_memcpy4                    
000094ef  __aeabi_memcpy8                    
0000972f  __aeabi_memset                     
0000972f  __aeabi_memset4                    
0000972f  __aeabi_memset8                    
0000958b  __aeabi_uldivmod                   
ffffffff  __binit__                          
ffffffff  __c_args__                         
UNDEFED   __mpu_init                         
20001640  __stack                            
00009b71  _c_int00_noargs                    
0000a468  _ctypes_                           
UNDEFED   _system_post_cinit                 
00009caf  _system_pre_init                   
00009cb3  abort                              
000099dd  atoi                               
ffffffff  binit                              
00009c21  copysign                           
00009c21  copysignl                          
000012d9  eTaskConfirmSleepModeStatus        
0000062d  eTaskGetState                      
200018a8  errno                              
0000987d  frexp                              
0000987d  frexpl                             
20000000  g_pfnRAMVectors                    
00000000  g_pfnVectors                       
2000026c  g_ppui8RxBuffer                    
200014d0  g_psRxDescriptor                   
20001530  g_psTxDescriptor                   
20001634  g_ui32RxDescIndex                  
20001638  g_ui32TxDescIndex                  
00009155  ldexp                              
00009155  ldexpl                             
00009937  ltoa                               
0000821d  main                               
00009bd7  memccpy                            
000094ef  memcpy                             
00009735  memset                             
00000c49  pcTaskGetName                      
0000651d  pcTimerGetName                     
000078b9  pvPortMalloc                       
00001a35  pvTaskIncrementMutexHeldCount      
0000699b  pvTimerGetTimerID                  
20001840  pxCurrentTCB                       
0000707d  pxPortInitialiseStack              
00009155  scalbn                             
00009155  scalbnl                            
00009ab5  sprintf                            
00009c0b  strchr                             
00009c35  strcpy                             
00009c49  strlen                             
00002c6f  ucQueueGetQueueType                
0000aadc  ulMaxSyscallInterruptPriority      
00009371  ulPortGetIPSR                      
00001a4d  ulTaskNotifyTake                   
00008fed  uxListRemove                       
00002c4f  uxQueueGetQueueNumber              
00002bbd  uxQueueMessagesWaiting             
00002c15  uxQueueMessagesWaitingFromISR      
00002be1  uxQueueSpacesAvailable             
00000c43  uxTaskGetNumberOfTasks             
00000c89  uxTaskGetSystemState               
00001237  uxTaskGetTaskNumber                
000006c3  uxTaskPriorityGet                  
000006f1  uxTaskPriorityGetFromISR           
00001a13  uxTaskResetEventItemValue          
00006a6d  uxTimerGetTimerNumber              
00008f0b  vListInitialise                    
00008f3b  vListInitialiseItem                
00008f87  vListInsert                        
00008f4b  vListInsertEnd                     
0000820f  vMainAssertCalled                  
00007afd  vPortDefineHeapRegions             
0000942d  vPortEnableVFP                     
000071b5  vPortEndScheduler                  
000071d5  vPortEnterCritical                 
00007213  vPortExitCritical                  
000079bf  vPortFree                          
000093e9  vPortSVCHandler                    
000073f9  vPortSetupTimerInterrupt           
00009409  vPortStartFirstTask                
00007269  vPortSuppressTicksAndSleep         
00007435  vPortValidateInterruptPriority     
00002c31  vQueueDelete                       
00002c5d  vQueueSetQueueNumber               
00002ee5  vQueueWaitForMessageRestricted     
000005cd  vTaskDelay                         
000004df  vTaskDelayUntil                    
0000041b  vTaskDelete                        
00000a99  vTaskEndScheduler                  
000013d1  vTaskGetInfo                       
00001175  vTaskInternalSetTimeOutState       
00001905  vTaskList                          
0000122f  vTaskMissedYield                   
00001dc7  vTaskNotifyGiveFromISR             
00000f4d  vTaskPlaceOnEventList              
00000fe1  vTaskPlaceOnEventListRestricted    
00000f85  vTaskPlaceOnUnorderedEventList     
000017bd  vTaskPriorityDisinheritAfterTimeout
00000739  vTaskPrioritySet                   
000010b9  vTaskRemoveFromUnorderedEventList  
00000999  vTaskResume                        
00001257  vTaskSetTaskNumber                 
00001149  vTaskSetTimeOutState               
00000a25  vTaskStartScheduler                
00000d65  vTaskStepTick                      
00000869  vTaskSuspend                       
00000ab5  vTaskSuspendAll                    
00000ed1  vTaskSwitchContext                 
000069c3  vTimerSetTimerID                   
00006a7b  vTimerSetTimerNumber               
00009c5d  wcslen                             
00007a45  xPortGetFreeHeapSize               
00007a4b  xPortGetMinimumEverFreeHeapSize    
00009389  xPortPendSVHandler                 
00007103  xPortStartScheduler                
0000723b  xPortSysTickHandler                
000021e9  xQueueCreateCountingSemaphore      
00002121  xQueueCreateMutex                  
00002053  xQueueGenericCreate                
00001fa9  xQueueGenericReset                 
00002255  xQueueGenericSend                  
000023ef  xQueueGenericSendFromISR           
000024e9  xQueueGiveFromISR                  
0000214d  xQueueGiveMutexRecursive           
00002e6d  xQueueIsQueueEmptyFromISR          
00002eb9  xQueueIsQueueFullFromISR           
000028e9  xQueuePeek                         
00002b23  xQueuePeekFromISR                  
000025c5  xQueueReceive                      
00002a59  xQueueReceiveFromISR               
0000272b  xQueueSemaphoreTake                
00002197  xQueueTakeMutexRecursive           
0000118f  xTaskCheckForTimeOut               
00000209  xTaskCreate                        
00001b6d  xTaskGenericNotify                 
00001c95  xTaskGenericNotifyFromISR          
000015b1  xTaskGetCurrentTaskHandle          
000015c1  xTaskGetSchedulerState             
00000c1f  xTaskGetTickCount                  
00000c2f  xTaskGetTickCountFromISR           
00000da9  xTaskIncrementTick                 
00001ead  xTaskNotifyStateClear              
00001ac5  xTaskNotifyWait                    
000016e9  xTaskPriorityDisinherit            
00001609  xTaskPriorityInherit               
00001021  xTaskRemoveFromEventList           
00000b21  xTaskResumeAll                     
000063c1  xTimerCreate                       
00006389  xTimerCreateTimerTask              
00006449  xTimerGenericCommand               
000064fd  xTimerGetExpiryTime                
000064e1  xTimerGetPeriod                    
000064c3  xTimerGetTimerDaemonTaskHandle     
00006961  xTimerIsTimerActive                
00006a27  xTimerPendFunctionCall             
000069f1  xTimerPendFunctionCallFromISR      


GLOBAL SYMBOLS: SORTED BY Symbol Address 

address   name                               
-------   ----                               
00000000  __TI_static_base__                 
00000000  g_pfnVectors                       
00000200  __STACK_SIZE                       
00000209  xTaskCreate                        
0000041b  vTaskDelete                        
000004df  vTaskDelayUntil                    
000005cd  vTaskDelay                         
0000062d  eTaskGetState                      
000006c3  uxTaskPriorityGet                  
000006f1  uxTaskPriorityGetFromISR           
00000739  vTaskPrioritySet                   
00000869  vTaskSuspend                       
00000999  vTaskResume                        
00000a25  vTaskStartScheduler                
00000a99  vTaskEndScheduler                  
00000ab5  vTaskSuspendAll                    
00000b21  xTaskResumeAll                     
00000c1f  xTaskGetTickCount                  
00000c2f  xTaskGetTickCountFromISR           
00000c43  uxTaskGetNumberOfTasks             
00000c49  pcTaskGetName                      
00000c89  uxTaskGetSystemState               
00000d65  vTaskStepTick                      
00000da9  xTaskIncrementTick                 
00000ed1  vTaskSwitchContext                 
00000f4d  vTaskPlaceOnEventList              
00000f85  vTaskPlaceOnUnorderedEventList     
00000fe1  vTaskPlaceOnEventListRestricted    
00001021  xTaskRemoveFromEventList           
000010b9  vTaskRemoveFromUnorderedEventList  
00001149  vTaskSetTimeOutState               
00001175  vTaskInternalSetTimeOutState       
0000118f  xTaskCheckForTimeOut               
0000122f  vTaskMissedYield                   
00001237  uxTaskGetTaskNumber                
00001257  vTaskSetTaskNumber                 
000012d9  eTaskConfirmSleepModeStatus        
000013d1  vTaskGetInfo                       
000015b1  xTaskGetCurrentTaskHandle          
000015c1  xTaskGetSchedulerState             
00001609  xTaskPriorityInherit               
000016e9  xTaskPriorityDisinherit            
000017bd  vTaskPriorityDisinheritAfterTimeout
00001905  vTaskList                          
00001a13  uxTaskResetEventItemValue          
00001a35  pvTaskIncrementMutexHeldCount      
00001a4d  ulTaskNotifyTake                   
00001ac5  xTaskNotifyWait                    
00001b6d  xTaskGenericNotify                 
00001c95  xTaskGenericNotifyFromISR          
00001dc7  vTaskNotifyGiveFromISR             
00001ead  xTaskNotifyStateClear              
00001fa9  xQueueGenericReset                 
00002053  xQueueGenericCreate                
00002121  xQueueCreateMutex                  
0000214d  xQueueGiveMutexRecursive           
00002197  xQueueTakeMutexRecursive           
000021e9  xQueueCreateCountingSemaphore      
00002255  xQueueGenericSend                  
000023ef  xQueueGenericSendFromISR           
000024e9  xQueueGiveFromISR                  
000025c5  xQueueReceive                      
0000272b  xQueueSemaphoreTake                
000028e9  xQueuePeek                         
00002a59  xQueueReceiveFromISR               
00002b23  xQueuePeekFromISR                  
00002bbd  uxQueueMessagesWaiting             
00002be1  uxQueueSpacesAvailable             
00002c15  uxQueueMessagesWaitingFromISR      
00002c31  vQueueDelete                       
00002c4f  uxQueueGetQueueNumber              
00002c5d  vQueueSetQueueNumber               
00002c6f  ucQueueGetQueueType                
00002e6d  xQueueIsQueueEmptyFromISR          
00002eb9  xQueueIsQueueFullFromISR           
00002ee5  vQueueWaitForMessageRestricted     
00003005  SysCtlSRAMSizeGet                  
0000300f  SysCtlFlashSizeGet                 
0000303b  SysCtlFlashSectorSizeGet           
00003061  SysCtlPeripheralPresent            
000030a1  SysCtlPeripheralReady              
000030e1  SysCtlPeripheralPowerOn            
0000311d  SysCtlPeripheralPowerOff           
00003159  SysCtlPeripheralReset              
000031e1  SysCtlPeripheralEnable             
0000321d  SysCtlPeripheralDisable            
00003261  SysCtlPeripheralSleepEnable        
000032a5  SysCtlPeripheralSleepDisable       
000032e1  SysCtlPeripheralDeepSleepEnable    
00003331  SysCtlPeripheralDeepSleepDisable   
00003379  SysCtlPeripheralClockGating        
000033cd  SysCtlIntRegister                  
000033e5  SysCtlIntUnregister                
000033f5  SysCtlIntEnable                    
00003409  SysCtlIntDisable                   
00003421  SysCtlIntClear                     
00003431  SysCtlIntStatus                    
0000344d  SysCtlLDOSleepSet                  
0000345d  SysCtlLDOSleepGet                  
00003463  SysCtlLDODeepSleepSet              
00003473  SysCtlLDODeepSleepGet              
00003479  SysCtlSleepPowerSet                
0000348d  SysCtlDeepSleepPowerSet            
0000349d  SysCtlReset                        
000034a5  SysCtlSleep                        
000034ad  SysCtlDeepSleep                    
000034c9  SysCtlResetCauseGet                
000034cf  SysCtlResetCauseClear              
000034e3  SysCtlMOSCConfigSet                
000034f9  SysCtlPIOSCCalibrate               
00003549  SysCtlResetBehaviorSet             
00003559  SysCtlResetBehaviorGet             
000035a9  SysCtlClockFreqSet                 
000038a1  SysCtlClockSet                     
00003a71  SysCtlClockGet                     
00003c17  SysCtlDeepSleepClockSet            
00003c35  SysCtlDeepSleepClockConfigSet      
00003cbf  SysCtlPWMClockSet                  
00003cd9  SysCtlPWMClockGet                  
00003cef  SysCtlGPIOAHBEnable                
00003d0b  SysCtlGPIOAHBDisable               
00003d27  SysCtlUSBPLLEnable                 
00003d33  SysCtlUSBPLLDisable                
00003d45  SysCtlVoltageEventConfig           
00003d55  SysCtlVoltageEventStatus           
00003d61  SysCtlVoltageEventClear            
00003d79  SysCtlVCOGet                       
00003e35  SysCtlNMIStatus                    
00003e49  SysCtlNMIClear                     
00003e65  SysCtlClockOutConfig               
00003e81  SysCtlAltClkConfig                 
00003ec5  EMACInit                           
00003f95  EMACReset                          
00003fb7  EMACPHYConfigSet                   
00004017  EMACConfigSet                      
00004061  EMACConfigGet                      
000040bb  EMACAddrSet                        
00004111  EMACAddrGet                        
00004173  EMACNumAddrGet                     
00004185  EMACAddrFilterSet                  
000041c7  EMACAddrFilterGet                  
000041e1  EMACFrameFilterSet                 
00004201  EMACFrameFilterGet                 
0000421d  EMACHashFilterSet                  
00004237  EMACHashFilterGet                  
00004259  EMACHashFilterBitCalculate         
000042b5  EMACRxWatchdogTimerSet             
000042d1  EMACStatusGet                      
000042e5  EMACTxDMAPollDemand                
000042f7  EMACRxDMAPollDemand                
00004309  EMACRxDMADescriptorListSet         
0000431d  EMACRxDMADescriptorListGet         
0000432d  EMACRxDMACurrentDescriptorGet      
00004341  EMACRxDMACurrentBufferGet          
00004351  EMACTxDMADescriptorListSet         
00004365  EMACTxDMADescriptorListGet         
00004375  EMACTxDMACurrentDescriptorGet      
00004385  EMACTxDMACurrentBufferGet          
00004395  EMACDMAStateGet                    
000043a9  EMACTxFlush                        
000043d3  EMACTxEnable                       
000043f5  EMACTxDisable                      
00004417  EMACRxEnable                       
00004439  EMACRxDisable                      
0000445b  EMACIntRegister                    
00004471  EMACIntUnregister                  
00004489  EMACIntEnable                      
000044ed  EMACIntDisable                     
0000454d  EMACIntStatus                      
000045a9  EMACIntClear                       
00004601  EMACPHYWrite                       
00004655  EMACPHYRead                        
000046a1  EMACPHYExtendedRead                
000046e9  EMACPHYExtendedWrite               
00004739  EMACPHYPowerOff                    
00004765  EMACPHYPowerOn                     
00004791  EMACTimestampConfigSet             
000047c1  EMACTimestampConfigGet             
000047e1  EMACTimestampEnable                
00004811  EMACTimestampDisable               
00004829  EMACTimestampSysTimeSet            
0000485f  EMACTimestampSysTimeGet            
0000488f  EMACTimestampSysTimeUpdate         
000048d9  EMACTimestampAddendSet             
00004905  EMACTimestampTargetSet             
0000492d  EMACTimestampTargetIntEnable       
00004945  EMACTimestampTargetIntDisable      
0000495d  EMACTimestampIntStatus             
0000496d  EMACTimestampPPSSimpleModeSet      
000049b1  EMACTimestampPPSCommandModeSet     
000049d5  EMACTimestampPPSCommand            
000049fd  EMACTimestampPPSPeriodSet          
00004a1b  EMACVLANRxConfigSet                
00004a37  EMACVLANRxConfigGet                
00004a59  EMACVLANTxConfigSet                
00004a77  EMACVLANTxConfigGet                
00004a9b  EMACVLANHashFilterBitCalculate     
00004af3  EMACVLANHashFilterSet              
00004b07  EMACVLANHashFilterGet              
00004b17  EMACRemoteWakeUpFrameFilterSet     
00004b55  EMACRemoteWakeUpFrameFilterGet     
00004b93  EMACPowerManagementControlSet      
00004bbb  EMACPowerManagementControlGet      
00004bcf  EMACPowerManagementStatusGet       
00004be1  EMACWoLEnter                       
00004c25  EMACLPIConfig                      
00004c75  EMACLPIEnter                       
00004c8b  EMACLPIStatus                      
00004c9f  EMACLPILinkSet                     
00004cb5  EMACLPILinkClear                   
00004ccb  EMACPHYMMDWrite                    
00004d31  EMACPHYMMDRead                     
00004df3  GPIODirModeSet                     
00004e4f  GPIODirModeGet                     
00004e9b  GPIOIntTypeSet                     
00004f3f  GPIOIntTypeGet                     
00004fd5  GPIOPadConfigSet                   
0000520f  GPIOPadConfigGet                   
00005361  GPIOIntEnable                      
0000537b  GPIOIntDisable                     
00005395  GPIOIntStatus                      
000053b7  GPIOIntClear                       
000053cb  GPIOIntRegister                    
000053e9  GPIOIntUnregister                  
00005403  GPIOIntRegisterPin                 
00005431  GPIOIntUnregisterPin               
00005455  GPIOPinRead                        
0000546d  GPIOPinWrite                       
0000548d  GPIOPinTypeADC                     
000054b1  GPIOPinTypeCAN                     
000054d5  GPIOPinTypeComparator              
000054f9  GPIOPinTypeComparatorOutput        
0000551d  GPIOPinTypeDIVSCLK                 
00005541  GPIOPinTypeEPI                     
00005565  GPIOPinTypeEthernetLED             
00005589  GPIOPinTypeEthernetMII             
000055ad  GPIOPinTypeGPIOInput               
000055d1  GPIOPinTypeGPIOOutput              
000055f5  GPIOPinTypeGPIOOutputOD            
00005619  GPIOPinTypeHibernateRTCCLK         
0000563d  GPIOPinTypeI2C                     
00005661  GPIOPinTypeI2CSCL                  
00005685  GPIOPinTypeLCD                     
000056a9  GPIOPinTypeOneWire                 
000056cd  GPIOPinTypePWM                     
000056f1  GPIOPinTypeQEI                     
00005715  GPIOPinTypeSSI                     
00005739  GPIOPinTypeTimer                   
0000575d  GPIOPinTypeTrace                   
00005781  GPIOPinTypeUART                    
000057a5  GPIOPinTypeUSBAnalog               
000057c9  GPIOPinTypeUSBDigital              
000057ed  GPIOPinTypeWakeHigh                
00005813  GPIOPinTypeWakeLow                 
00005839  GPIOPinWakeStatus                  
00005849  GPIOPinConfigure                   
000058a7  GPIODMATriggerEnable               
000058c5  GPIODMATriggerDisable              
000058e3  GPIOADCTriggerEnable               
00005901  GPIOADCTriggerDisable              
00005929  __TI_printfi                       
00006387  __aeabi_idiv0                      
00006387  __aeabi_ldiv0                      
00006389  xTimerCreateTimerTask              
000063c1  xTimerCreate                       
00006449  xTimerGenericCommand               
000064c3  xTimerGetTimerDaemonTaskHandle     
000064e1  xTimerGetPeriod                    
000064fd  xTimerGetExpiryTime                
0000651d  pcTimerGetName                     
00006961  xTimerIsTimerActive                
0000699b  pvTimerGetTimerID                  
000069c3  vTimerSetTimerID                   
000069f1  xTimerPendFunctionCallFromISR      
00006a27  xTimerPendFunctionCall             
00006a6d  uxTimerGetTimerNumber              
00006a7b  vTimerSetTimerNumber               
00006aa5  Crc8CCITT                          
00006be5  Crc16                              
00006d8d  Crc16Array                         
00006da1  Crc16Array3                        
00006eed  Crc32                              
0000707d  pxPortInitialiseStack              
00007103  xPortStartScheduler                
000071b5  vPortEndScheduler                  
000071d5  vPortEnterCritical                 
00007213  vPortExitCritical                  
0000723b  xPortSysTickHandler                
00007269  vPortSuppressTicksAndSleep         
000073f9  vPortSetupTimerInterrupt           
00007435  vPortValidateInterruptPriority     
000074c9  FlashErase                         
00007503  FlashProgram                       
00007585  FlashProtectGet                    
000075f9  FlashProtectSet                    
000076b9  FlashProtectSave                   
000076ed  FlashUserGet                       
0000770b  FlashUserSet                       
00007725  FlashAllUserRegisterGet            
00007757  FlashAllUserRegisterSet            
00007791  FlashUserSave                      
000077c9  FlashAllUserRegisterSave           
00007801  FlashIntRegister                   
00007819  FlashIntUnregister                 
00007831  FlashIntEnable                     
00007845  FlashIntDisable                    
00007859  FlashIntStatus                     
0000787d  FlashIntClear                      
000078b9  pvPortMalloc                       
000079bf  vPortFree                          
00007a45  xPortGetFreeHeapSize               
00007a4b  xPortGetMinimumEverFreeHeapSize    
00007afd  vPortDefineHeapRegions             
00007c9f  IntMasterEnable                    
00007caf  IntMasterDisable                   
00007cbf  IntRegister                        
00007d11  IntUnregister                      
00007d25  IntPriorityGroupingSet             
00007d3f  IntPriorityGroupingGet             
00007d77  IntPrioritySet                     
00007dc7  IntPriorityGet                     
00007deb  IntEnable                          
00007e5d  IntDisable                         
00007ecf  IntIsEnabled                       
00007f55  IntPendSet                         
00007fc5  IntPendClear                       
00008013  IntPriorityMaskSet                 
0000801f  IntPriorityMaskGet                 
00008027  IntTrigger                         
0000805d  ProcessReceivedPacket              
000080cd  EthernetIntHandler                 
00008145  InitDescriptors                    
0000820f  vMainAssertCalled                  
0000821d  main                               
00008411  PinoutSet                          
00008549  LEDWrite                           
000085d9  LEDRead                            
00008ae1  __aeabi_dsub                       
00008aeb  __aeabi_dadd                       
00008dd5  __aeabi_ddiv                       
00008f0b  vListInitialise                    
00008f3b  vListInitialiseItem                
00008f4b  vListInsertEnd                     
00008f87  vListInsert                        
00008fed  uxListRemove                       
00009155  ldexp                              
00009155  ldexpl                             
00009155  scalbn                             
00009155  scalbnl                            
00009265  __aeabi_dmul                       
00009371  ulPortGetIPSR                      
00009389  xPortPendSVHandler                 
000093e9  vPortSVCHandler                    
00009409  vPortStartFirstTask                
0000942d  vPortEnableVFP                     
000094ef  __aeabi_memcpy                     
000094ef  __aeabi_memcpy4                    
000094ef  __aeabi_memcpy8                    
000094ef  memcpy                             
0000958b  __aeabi_uldivmod                   
00009621  __aeabi_cdcmpeq                    
00009621  __aeabi_cdcmple                    
000096a7  __aeabi_cdrcmple                   
0000972d  __aeabi_memclr                     
0000972d  __aeabi_memclr4                    
0000972d  __aeabi_memclr8                    
0000972f  __aeabi_memset                     
0000972f  __aeabi_memset4                    
0000972f  __aeabi_memset8                    
00009735  memset                             
00009815  __TI_decompress_lzss               
0000987d  frexp                              
0000987d  frexpl                             
00009937  ltoa                               
000099dd  atoi                               
00009a29  __aeabi_d2iz                       
00009a71  __TI_auto_init_nobinit_nopinit     
00009ab5  sprintf                            
00009b33  CPUcpsid                           
00009b3f  CPUprimask                         
00009b49  CPUcpsie                           
00009b55  CPUwfi                             
00009b59  CPUbasepriSet                      
00009b67  CPUbasepriGet                      
00009b71  _c_int00_noargs                    
00009ba9  __aeabi_i2d                        
00009bd7  memccpy                            
00009c0b  strchr                             
00009c21  copysign                           
00009c21  copysignl                          
00009c35  strcpy                             
00009c49  strlen                             
00009c5d  wcslen                             
00009c6f  __TI_decompress_none               
00009c7d  __TI_zero_init                     
00009c89  ResetISR                           
00009ca1  __aeabi_errno_addr                 
00009ca9  SysCtlDelay                        
00009caf  _system_pre_init                   
00009cb3  C$$EXIT                            
00009cb3  abort                              
0000a468  _ctypes_                           
0000aadc  ulMaxSyscallInterruptPriority      
0000ab04  __TI_Handler_Table_Base            
0000ab10  __TI_Handler_Table_Limit           
0000ab20  __TI_CINIT_Base                    
0000ab38  __TI_CINIT_Limit                   
20000000  g_pfnRAMVectors                    
2000026c  g_ppui8RxBuffer                    
200014d0  g_psRxDescriptor                   
20001530  g_psTxDescriptor                   
20001634  g_ui32RxDescIndex                  
20001638  g_ui32TxDescIndex                  
20001640  __stack                            
20001840  __STACK_END                        
20001840  __STACK_TOP                        
20001840  pxCurrentTCB                       
200018a8  errno                              
ffffffff  __TI_pprof_out_hndl                
ffffffff  __TI_prof_data_size                
ffffffff  __TI_prof_data_start               
ffffffff  __binit__                          
ffffffff  __c_args__                         
ffffffff  binit                              
UNDEFED   __mpu_init                         
UNDEFED   _system_post_cinit                 

[426 symbols]
