******************************************************************************
                  TI ARM Linker PC v16.9.4                     
******************************************************************************
>> Linked Fri Apr 27 02:01:48 2018

OUTPUT FILE NAME:   <Gesture_sensor.out>
ENTRY POINT SYMBOL: "_c_int00"  address: 00005e65


MEMORY CONFIGURATION

         name            origin    length      used     unused   attr    fill
----------------------  --------  ---------  --------  --------  ----  --------
  FLASH                 00000000   00100000  0000696c  000f9694  R  X
  SRAM                  20000000   00040000  00000551  0003faaf  RW X


SEGMENT ALLOCATION MAP

run origin  load origin   length   init length attrs members
----------  ----------- ---------- ----------- ----- -------
00000000    00000000    00006970   00006970    r-x
  00000000    00000000    00000208   00000208    r-- .intvecs
  00000208    00000208    00005f5c   00005f5c    r-x .text
  00006164    00006164    000007c0   000007c0    r-- .const
  00006928    00006928    00000048   00000048    r-- .cinit
20000000    20000000    00000554   00000000    rw-
  20000000    20000000    0000026c   00000000    rw- .vtable
  2000026c    2000026c    00000200   00000000    rw- .stack
  2000046c    2000046c    000000c9   00000000    rw- .bss
  20000538    20000538    0000001c   00000000    rw- .data


SECTION ALLOCATION MAP

 output                                  attributes/
section   page    origin      length       input sections
--------  ----  ----------  ----------   ----------------
.intvecs   0    00000000    00000208     
                  00000000    00000208     tm4c1294ncpdt_startup_ccs.obj (.intvecs)

.text      0    00000208    00005f5c     
                  00000208    0000113e     rtsv7M4_T_le_v4SPD16_eabi.lib : _printfi.obj (.text)
                  00001346    00000002                                   : mpu_init.obj (.text)
                  00001348    00000f88     sysctl.obj (.text)
                  000022d0    00000f48     gesture_sensor.obj (.text)
                  00003218    00000ba0     gpio.obj (.text)
                  00003db8    00000704     i2c.obj (.text)
                  000044bc    00000638     uart.obj (.text)
                  00004af4    000003c0     interrupt.obj (.text)
                  00004eb4    000001f4     rtsv7M4_T_le_v4SPD16_eabi.lib : ull_div_t2.obj (.text)
                  000050a8    000001e4     i2c_comm.obj (.text)
                  0000528c    000001b8     main.obj (.text)
                  00005444    000001b6     rtsv7M4_T_le_v4SPD16_eabi.lib : fd_add_t2.obj (.text)
                  000055fa    00000002                                   : startup.obj (.text)
                  000055fc    00000178     uart_comm.obj (.text)
                  00005774    00000136     rtsv7M4_T_le_v4SPD16_eabi.lib : fd_div_t2.obj (.text)
                  000058aa    000000fc                                   : fd_mul_t2.obj (.text)
                  000059a6    00000002     --HOLE-- [fill = 0]
                  000059a8    000000fc                                   : s_scalbn.obj (.text)
                  00005aa4    0000009c                                   : memcpy_t2.obj (.text)
                  00005b40    00000086                                   : fd_cmp_t2.obj (.text:__aeabi_cdcmple)
                  00005bc6    00000086                                   : fd_cmp_t2.obj (.text:__aeabi_cdrcmple)
                  00005c4c    0000007a                                   : memset_t2.obj (.text)
                  00005cc6    00000002     --HOLE-- [fill = 0]
                  00005cc8    00000070                                   : autoinit.obj (.text)
                  00005d38    00000068                                   : copy_decompress_lzss.obj (.text:decompress:lzss)
                  00005da0    00000064                                   : s_frexp.obj (.text)
                  00005e04    00000060                                   : sprintf.obj (.text)
                  00005e64    00000054                                   : boot.obj (.text)
                  00005eb8    00000054                                   : exit.obj (.text)
                  00005f0c    00000054                                   : ltoa.obj (.text)
                  00005f60    0000004c                                   : atoi.obj (.text)
                  00005fac    0000004c                                   : cpy_tbl.obj (.text)
                  00005ff8    00000048                                   : fd_toi_t2.obj (.text)
                  00006040    0000003e     cpu.obj (.text)
                  0000607e    0000002e     rtsv7M4_T_le_v4SPD16_eabi.lib : i_tofd_t2.obj (.text)
                  000060ac    0000001c                                   : memccpy.obj (.text)
                  000060c8    00000018                                   : args_main.obj (.text)
                  000060e0    00000016                                   : strchr.obj (.text)
                  000060f6    00000002     --HOLE-- [fill = 0]
                  000060f8    00000014                                   : _lock.obj (.text)
                  0000610c    00000014                                   : s_copysign.obj (.text)
                  00006120    00000014                                   : strlen.obj (.text)
                  00006134    0000000e                                   : copy_decompress_none.obj (.text:decompress:none)
                  00006142    0000000c                                   : copy_zero_init.obj (.text:decompress:ZI)
                  0000614e    0000000c     tm4c1294ncpdt_startup_ccs.obj (.text)
                  0000615a    00000006     sysctl.obj (.text:SysCtlDelay)
                  00006160    00000004     rtsv7M4_T_le_v4SPD16_eabi.lib : pre_init.obj (.text)

.const     0    00006164    000007c0     
                  00006164    000001b0     sysctl.obj (.const:g_pppui32XTALtoVCO)
                  00006314    00000101     rtsv7M4_T_le_v4SPD16_eabi.lib : ctype.obj (.const:.string:_ctypes_)
                  00006415    00000003     --HOLE-- [fill = 0]
                  00006418    000000d8     gpio.obj (.const:g_ppui32GPIOIntMapSnowflake)
                  000064f0    000000c0     gpio.obj (.const:g_ppui32GPIOIntMapBlizzard)
                  000065b0    0000009c     interrupt.obj (.const:g_pui32Regs)
                  0000664c    00000090     gpio.obj (.const:g_pui32GPIOBaseAddrs)
                  000066dc    0000006c     sysctl.obj (.const:g_pui32Xtals)
                  00006748    00000050     i2c.obj (.const:g_ppui32I2CIntMapSnowflake)
                  00006798    00000040     uart.obj (.const:g_ppui32UARTIntMap)
                  000067d8    00000040     uart.obj (.const:g_ppui32UARTIntMapSnowflake)
                  00006818    00000030     i2c.obj (.const:g_ppui32I2CIntMap)
                  00006848    00000030     sysctl.obj (.const:g_sXTALtoMEMTIM)
                  00006878    00000020     interrupt.obj (.const:g_pui32Priority)
                  00006898    0000001b     main.obj (.const:.string:$P$T0$1)
                  000068b3    00000001     --HOLE-- [fill = 0]
                  000068b4    00000014     interrupt.obj (.const:g_pui32Dii16Regs)
                  000068c8    00000014     interrupt.obj (.const:g_pui32EnRegs)
                  000068dc    00000014     interrupt.obj (.const:g_pui32PendRegs)
                  000068f0    00000014     interrupt.obj (.const:g_pui32UnpendRegs)
                  00006904    00000008     sysctl.obj (.const:g_pui32VCOFrequencies)
                  0000690c    00000008     gpio.obj (.const)
                  00006914    00000008     i2c.obj (.const)
                  0000691c    00000008     uart.obj (.const)

.cinit     0    00006928    00000048     
                  00006928    00000011     (.cinit..data.load) [load image, compression = lzss]
                  00006939    00000003     --HOLE-- [fill = 0]
                  0000693c    0000000c     (__TI_handler_table)
                  00006948    00000008     (.cinit..bss.load) [load image, compression = zero_init]
                  00006950    00000008     (.cinit..vtable.load) [load image, compression = zero_init]
                  00006958    00000018     (__TI_cinit_table)

.init_array 
*          0    00000000    00000000     UNINITIALIZED

.vtable    0    20000000    0000026c     UNINITIALIZED
                  20000000    0000026c     interrupt.obj (.vtable)

.stack     0    2000026c    00000200     UNINITIALIZED
                  2000026c    00000200     --HOLE--

.bss       0    2000046c    000000c9     UNINITIALIZED
                  2000046c    00000084     (.common:gesture_data_)
                  200004f0    00000020     (.common:ui8PrintBuffer)
                  20000510    00000004     (.common:g_ui32SysClock)
                  20000514    00000004     (.common:gesture_far_count_)
                  20000518    00000004     (.common:gesture_lr_count_)
                  2000051c    00000004     (.common:gesture_lr_delta_)
                  20000520    00000004     (.common:gesture_motion_)
                  20000524    00000004     (.common:gesture_near_count_)
                  20000528    00000004     (.common:gesture_state_)
                  2000052c    00000004     (.common:gesture_ud_count_)
                  20000530    00000004     (.common:gesture_ud_delta_)
                  20000534    00000001     (.common:int_status)

.data      0    20000538    0000001c     UNINITIALIZED
                  20000538    0000000c     rtsv7M4_T_le_v4SPD16_eabi.lib : exit.obj (.data:$O1$$)
                  20000544    00000008                                   : _lock.obj (.data:$O1$$)
                  2000054c    00000004                                   : errno.obj (.data)
                  20000550    00000004                                   : stkdepth_vars.obj (.data)

MODULE SUMMARY

       Module                          code    ro data   rw data
       ------                          ----    -------   -------
    .\
       tm4c1294ncpdt_startup_ccs.obj   12      520       0      
    +--+-------------------------------+-------+---------+---------+
       Total:                          12      520       0      
                                                                
    .\driverlib\
       sysctl.obj                      3982    596       0      
       gpio.obj                        2976    560       0      
       i2c.obj                         1796    136       0      
       interrupt.obj                   960     268       620    
       uart.obj                        1592    136       0      
       cpu.obj                         62      0         0      
    +--+-------------------------------+-------+---------+---------+
       Total:                          11368   1696      620    
                                                                
    .\src\
       gesture_sensor.obj              3912    0         164    
       main.obj                        440     27        37     
       i2c_comm.obj                    484     0         0      
       uart_comm.obj                   376     0         0      
    +--+-------------------------------+-------+---------+---------+
       Total:                          5212    27        201    
                                                                
    C:\ti\ccsv7\tools\compiler\ti-cgt-arm_16.9.4.LTS\lib\rtsv7M4_T_le_v4SPD16_eabi.lib
       _printfi.obj                    4414    0         0      
       ull_div_t2.obj                  500     0         0      
       fd_add_t2.obj                   438     0         0      
       fd_div_t2.obj                   310     0         0      
       fd_cmp_t2.obj                   268     0         0      
       ctype.obj                       0       257       0      
       fd_mul_t2.obj                   252     0         0      
       s_scalbn.obj                    252     0         0      
       memcpy_t2.obj                   156     0         0      
       memset_t2.obj                   122     0         0      
       autoinit.obj                    112     0         0      
       copy_decompress_lzss.obj        104     0         0      
       s_frexp.obj                     100     0         0      
       exit.obj                        84      0         12     
       sprintf.obj                     96      0         0      
       boot.obj                        84      0         0      
       ltoa.obj                        84      0         0      
       atoi.obj                        76      0         0      
       cpy_tbl.obj                     76      0         0      
       fd_toi_t2.obj                   72      0         0      
       i_tofd_t2.obj                   46      0         0      
       _lock.obj                       20      0         8      
       memccpy.obj                     28      0         0      
       args_main.obj                   24      0         0      
       strchr.obj                      22      0         0      
       s_copysign.obj                  20      0         0      
       strlen.obj                      20      0         0      
       copy_decompress_none.obj        14      0         0      
       copy_zero_init.obj              12      0         0      
       errno.obj                       0       0         4      
       pre_init.obj                    4       0         0      
       stkdepth_vars.obj               0       0         4      
       mpu_init.obj                    2       0         0      
       startup.obj                     2       0         0      
    +--+-------------------------------+-------+---------+---------+
       Total:                          7814    257       28     
                                                                
       Stack:                          0       0         512    
       Linker Generated:               0       69        0      
    +--+-------------------------------+-------+---------+---------+
       Grand Total:                    24406   2569      1361   


LINKER GENERATED COPY TABLES

__TI_cinit_table @ 00006958 records: 3, size/record: 8, table size: 24
	.data: load addr=00006928, load size=00000011 bytes, run addr=20000538, run size=0000001c bytes, compression=lzss
	.bss: load addr=00006948, load size=00000008 bytes, run addr=2000046c, run size=000000c9 bytes, compression=zero_init
	.vtable: load addr=00006950, load size=00000008 bytes, run addr=20000000, run size=0000026c bytes, compression=zero_init


LINKER GENERATED HANDLER TABLE

__TI_handler_table @ 0000693c records: 3, size/record: 4, table size: 12
	index: 0, handler: __TI_zero_init
	index: 1, handler: __TI_decompress_lzss
	index: 2, handler: __TI_decompress_none


GLOBAL SYMBOLS: SORTED ALPHABETICALLY BY Name 

address   name                            
-------   ----                            
00005eb9  C$$EXIT                         
00006075  CPUbasepriGet                   
00006067  CPUbasepriSet                   
00006041  CPUcpsid                        
00006057  CPUcpsie                        
0000604d  CPUprimask                      
00006063  CPUwfi                          
00005667  ConfigureUART_BBG               
0000562d  ConfigureUART_terminal          
00003d91  GPIOADCTriggerDisable           
00003d73  GPIOADCTriggerEnable            
00003d55  GPIODMATriggerDisable           
00003d37  GPIODMATriggerEnable            
000032d7  GPIODirModeGet                  
0000327b  GPIODirModeSet                  
00003847  GPIOIntClear                    
0000380b  GPIOIntDisable                  
000037f1  GPIOIntEnable                   
0000385b  GPIOIntRegister                 
00003893  GPIOIntRegisterPin              
00003825  GPIOIntStatus                   
000033c7  GPIOIntTypeGet                  
00003323  GPIOIntTypeSet                  
00003879  GPIOIntUnregister               
000038c1  GPIOIntUnregisterPin            
0000369f  GPIOPadConfigGet                
00003465  GPIOPadConfigSet                
00003cd9  GPIOPinConfigure                
000038e5  GPIOPinRead                     
0000391d  GPIOPinTypeADC                  
00003941  GPIOPinTypeCAN                  
00003965  GPIOPinTypeComparator           
00003989  GPIOPinTypeComparatorOutput     
000039ad  GPIOPinTypeDIVSCLK              
000039d1  GPIOPinTypeEPI                  
000039f5  GPIOPinTypeEthernetLED          
00003a19  GPIOPinTypeEthernetMII          
00003a3d  GPIOPinTypeGPIOInput            
00003a61  GPIOPinTypeGPIOOutput           
00003a85  GPIOPinTypeGPIOOutputOD         
00003aa9  GPIOPinTypeHibernateRTCCLK      
00003acd  GPIOPinTypeI2C                  
00003af1  GPIOPinTypeI2CSCL               
00003b15  GPIOPinTypeLCD                  
00003b39  GPIOPinTypeOneWire              
00003b5d  GPIOPinTypePWM                  
00003b81  GPIOPinTypeQEI                  
00003ba5  GPIOPinTypeSSI                  
00003bc9  GPIOPinTypeTimer                
00003bed  GPIOPinTypeTrace                
00003c11  GPIOPinTypeUART                 
00003c35  GPIOPinTypeUSBAnalog            
00003c59  GPIOPinTypeUSBDigital           
00003c7d  GPIOPinTypeWakeHigh             
00003ca3  GPIOPinTypeWakeLow              
00003cc9  GPIOPinWakeStatus               
000038fd  GPIOPinWrite                    
000043bb  I2CFIFODataGet                  
000043d5  I2CFIFODataGetNonBlocking       
00004371  I2CFIFODataPut                  
00004393  I2CFIFODataPutNonBlocking       
00004361  I2CFIFOStatus                   
00003f4d  I2CIntRegister                  
00003f6b  I2CIntUnregister                
00004497  I2CLoopbackEnable               
00004411  I2CMasterBurstCountGet          
000043fb  I2CMasterBurstLengthSet         
000041b9  I2CMasterBusBusy                
000041a1  I2CMasterBusy                   
000041d1  I2CMasterControl                
00004225  I2CMasterDataGet                
0000420f  I2CMasterDataPut                
00003f19  I2CMasterDisable                
00003ee5  I2CMasterEnable                 
000041e3  I2CMasterErr                    
0000441f  I2CMasterGlitchFilterConfigSet  
00003e1b  I2CMasterInitExpClk             
0000411b  I2CMasterIntClear               
00004139  I2CMasterIntClearEx             
00003fdf  I2CMasterIntDisable             
00003fef  I2CMasterIntDisableEx           
00003f85  I2CMasterIntEnable              
00003f95  I2CMasterIntEnableEx            
00004039  I2CMasterIntStatus              
0000408d  I2CMasterIntStatusEx            
00004193  I2CMasterLineStateGet           
00004171  I2CMasterSlaveAddrSet           
00004233  I2CMasterTimeoutSet             
00004321  I2CRxFIFOConfigSet              
00004349  I2CRxFIFOFlush                  
00004245  I2CSlaveACKOverride             
00004277  I2CSlaveACKValueSet             
00003ea7  I2CSlaveAddressSet              
000042d1  I2CSlaveDataGet                 
000042b9  I2CSlaveDataPut                 
00003f2f  I2CSlaveDisable                 
00003efb  I2CSlaveEnable                  
00004485  I2CSlaveFIFODisable             
0000446d  I2CSlaveFIFOEnable              
00003e8d  I2CSlaveInit                    
0000414b  I2CSlaveIntClear                
0000415d  I2CSlaveIntClearEx              
00004007  I2CSlaveIntDisable              
0000401f  I2CSlaveIntDisableEx            
00003fad  I2CSlaveIntEnable               
00003fc5  I2CSlaveIntEnableEx             
000040b1  I2CSlaveIntStatus               
000040f9  I2CSlaveIntStatusEx             
000042a9  I2CSlaveStatus                  
000042e1  I2CTxFIFOConfigSet              
00004309  I2CTxFIFOFlush                  
00004cb5  IntDisable                      
00004c43  IntEnable                       
00004d27  IntIsEnabled                    
00004b07  IntMasterDisable                
00004af7  IntMasterEnable                 
00004e1d  IntPendClear                    
00004dad  IntPendSet                      
00004c1f  IntPriorityGet                  
00004b97  IntPriorityGroupingGet          
00004b7d  IntPriorityGroupingSet          
00004e77  IntPriorityMaskGet              
00004e6b  IntPriorityMaskSet              
00004bcf  IntPrioritySet                  
00004b17  IntRegister                     
00004e7f  IntTrigger                      
00004b69  IntUnregister                   
0000528d  PortAIntHandler                 
000051b3  ReadDataBlock                   
0000614f  ResetISR                        
UNDEFED   SHT$$INIT_ARRAY$$Base           
UNDEFED   SHT$$INIT_ARRAY$$Limit          
0000228d  SysCtlAltClkConfig              
000019b1  SysCtlClockFreqSet              
00001e79  SysCtlClockGet                  
00002271  SysCtlClockOutConfig            
00001ca9  SysCtlClockSet                  
000018b5  SysCtlDeepSleep                 
00002041  SysCtlDeepSleepClockConfigSet   
00002025  SysCtlDeepSleepClockSet         
00001895  SysCtlDeepSleepPowerSet         
0000615b  SysCtlDelay                     
00001441  SysCtlFlashSectorSizeGet        
00001415  SysCtlFlashSizeGet              
00002117  SysCtlGPIOAHBDisable            
000020fb  SysCtlGPIOAHBEnable             
00001829  SysCtlIntClear                  
00001811  SysCtlIntDisable                
000017fd  SysCtlIntEnable                 
000017d5  SysCtlIntRegister               
00001839  SysCtlIntStatus                 
000017ed  SysCtlIntUnregister             
0000187b  SysCtlLDODeepSleepGet           
0000186b  SysCtlLDODeepSleepSet           
00001865  SysCtlLDOSleepGet               
00001855  SysCtlLDOSleepSet               
000018eb  SysCtlMOSCConfigSet             
00002255  SysCtlNMIClear                  
00002245  SysCtlNMIStatus                 
00001901  SysCtlPIOSCCalibrate            
000020e5  SysCtlPWMClockGet               
000020cb  SysCtlPWMClockSet               
00001781  SysCtlPeripheralClockGating     
00001739  SysCtlPeripheralDeepSleepDisable
000016e9  SysCtlPeripheralDeepSleepEnable 
00001625  SysCtlPeripheralDisable         
000015e9  SysCtlPeripheralEnable          
00001525  SysCtlPeripheralPowerOff        
000014e9  SysCtlPeripheralPowerOn         
00001469  SysCtlPeripheralPresent         
000014a9  SysCtlPeripheralReady           
00001561  SysCtlPeripheralReset           
000016ad  SysCtlPeripheralSleepDisable    
00001669  SysCtlPeripheralSleepEnable     
000018a5  SysCtlReset                     
00001961  SysCtlResetBehaviorGet          
00001951  SysCtlResetBehaviorSet          
000018d7  SysCtlResetCauseClear           
000018d1  SysCtlResetCauseGet             
0000140b  SysCtlSRAMSizeGet               
000018ad  SysCtlSleep                     
00001881  SysCtlSleepPowerSet             
0000213f  SysCtlUSBPLLDisable             
00002133  SysCtlUSBPLLEnable              
00002185  SysCtlVCOGet                    
00002171  SysCtlVoltageEventClear         
00002151  SysCtlVoltageEventConfig        
00002165  SysCtlVoltageEventStatus        
00004a97  UART9BitAddrSend                
00004a71  UART9BitAddrSet                 
00004a5b  UART9BitDisable                 
00004a45  UART9BitEnable                  
000048eb  UARTBreakCtl                    
00004915  UARTBusy                        
00004893  UARTCharGet                     
00004877  UARTCharGetNonBlocking          
000048cd  UARTCharPut                     
000048a9  UARTCharPutNonBlocking          
0000483b  UARTCharsAvail                  
00004a35  UARTClockSourceGet              
00004a21  UARTClockSourceSet              
00004603  UARTConfigGetExpClk             
0000458d  UARTConfigSetExpClk             
000049e7  UARTDMADisable                  
000049cf  UARTDMAEnable                   
00004673  UARTDisable                     
000046f7  UARTDisableSIR                  
0000464f  UARTEnable                      
000046c9  UARTEnableSIR                   
000046b3  UARTFIFODisable                 
0000469d  UARTFIFOEnable                  
00004565  UARTFIFOLevelGet                
0000454d  UARTFIFOLevelSet                
000047fb  UARTFlowControlGet              
000047df  UARTFlowControlSet              
000049bd  UARTIntClear                    
00004987  UARTIntDisable                  
0000496f  UARTIntEnable                   
000055fd  UARTIntHandler                  
00004933  UARTIntRegister                 
0000499f  UARTIntStatus                   
00004955  UARTIntUnregister               
00004adf  UARTLoopbackEnable              
00004795  UARTModemControlClear           
000047b9  UARTModemControlGet             
00004755  UARTModemControlSet             
000047cb  UARTModemStatusGet              
0000453b  UARTParityModeGet               
0000451f  UARTParityModeSet               
00004a11  UARTRxErrorClear                
000049ff  UARTRxErrorGet                  
0000473f  UARTSmartCardDisable            
0000470d  UARTSmartCardEnable             
00004859  UARTSpaceAvail                  
00004829  UARTTxIntModeGet                
0000480d  UARTTxIntModeSet                
000056df  UART_BBGReceive                 
000056af  UART_BBGSend                    
0000570f  UART_TerminalSend               
2000046c  __STACK_END                     
00000200  __STACK_SIZE                    
2000046c  __STACK_TOP                     
00006958  __TI_CINIT_Base                 
00006970  __TI_CINIT_Limit                
0000693c  __TI_Handler_Table_Base         
00006948  __TI_Handler_Table_Limit        
00005cc9  __TI_auto_init                  
20000538  __TI_cleanup_ptr                
00005d39  __TI_decompress_lzss            
00006135  __TI_decompress_none            
2000053c  __TI_dtors_ptr                  
20000540  __TI_enable_exit_profile_output 
ffffffff  __TI_pprof_out_hndl             
00000a4d  __TI_printfi                    
ffffffff  __TI_prof_data_size             
ffffffff  __TI_prof_data_start            
00000000  __TI_static_base__              
00006143  __TI_zero_init                  
00005b41  __aeabi_cdcmpeq                 
00005b41  __aeabi_cdcmple                 
00005bc7  __aeabi_cdrcmple                
00005ff9  __aeabi_d2iz                    
0000544f  __aeabi_dadd                    
00005775  __aeabi_ddiv                    
000058ab  __aeabi_dmul                    
00005445  __aeabi_dsub                    
0000607f  __aeabi_i2d                     
00005c4d  __aeabi_memclr                  
00005c4d  __aeabi_memclr4                 
00005c4d  __aeabi_memclr8                 
00005aa5  __aeabi_memcpy                  
00005aa5  __aeabi_memcpy4                 
00005aa5  __aeabi_memcpy8                 
00005c4f  __aeabi_memset                  
00005c4f  __aeabi_memset4                 
00005c4f  __aeabi_memset8                 
00004eb5  __aeabi_uldivmod                
ffffffff  __binit__                       
ffffffff  __c_args__                      
00001347  __mpu_init                      
2000026c  __stack                         
000060c9  _args_main                      
00005e65  _c_int00                        
00006314  _ctypes_                        
20000544  _lock                           
00006107  _nop                            
000060ff  _register_lock                  
000060f9  _register_unlock                
000055fb  _system_post_cinit              
00006161  _system_pre_init                
20000548  _unlock                         
00005ebd  abort                           
00005f61  atoi                            
ffffffff  binit                           
00005fad  copy_in                         
0000610d  copysign                        
0000610d  copysignl                       
00002e0f  decodeGesture                   
00002aa1  disableGestureSensor            
00002fab  disablePower                    
000029fd  enableGestureSensor             
00002f97  enablePower                     
2000054c  errno                           
00005ec5  exit                            
00005da1  frexp                           
00005da1  frexpl                          
20000000  g_pfnRAMVectors                 
00000000  g_pfnVectors                    
20000510  g_ui32SysClock                  
2000046c  gesture_data_                   
20000514  gesture_far_count_              
20000518  gesture_lr_count_               
2000051c  gesture_lr_delta_               
20000520  gesture_motion_                 
20000524  gesture_near_count_             
20000528  gesture_state_                  
2000052c  gesture_ud_count_               
20000530  gesture_ud_delta_               
00002fc5  getGestureGain                  
000028a9  getGestureIntEnable             
00002fed  getGestureLEDDrive              
000027dd  getGestureMode                  
0000256f  getGestureWaitTime              
00002925  getMode                         
00003149  handleGesture                   
000050a9  i2c_read                        
0000515b  i2c_setup                       
0000510b  i2c_write                       
20000534  int_status                      
000052a1  interruptEnable                 
00002ad1  isGestureAvailable              
000059a9  ldexp                           
000059a9  ldexpl                          
00005f0d  ltoa                            
000052df  main                            
20000550  main_func_sp                    
000060ad  memccpy                         
00005aa5  memcpy                          
00005c55  memset                          
00002afd  processGestureData              
00003019  readGesture                     
00002745  resetGestureParameters          
000059a9  scalbn                          
000059a9  scalbnl                         
00002591  sensor_init                     
00002385  setAmbientLightGain             
00002491  setGestureEnterThresh           
000024ab  setGestureExitThresh            
0000284f  setGestureGain                  
000028cb  setGestureIntEnable             
000024c5  setGestureLEDDrive              
000027ff  setGestureMode                  
0000251f  setGestureWaitTime              
00002783  setLEDBoost                     
000022d1  setLEDDrive                     
0000244d  setLightIntHighThreshold        
00002409  setLightIntLowThreshold         
0000293b  setMode                         
000023ef  setProxIntHighThresh            
000023d5  setProxIntLowThresh             
0000232b  setProximityGain                
00005e05  sprintf                         
000060e1  strchr                          
00006121  strlen                          
200004f0  ui8PrintBuffer                  


GLOBAL SYMBOLS: SORTED BY Symbol Address 

address   name                            
-------   ----                            
00000000  __TI_static_base__              
00000000  g_pfnVectors                    
00000200  __STACK_SIZE                    
00000a4d  __TI_printfi                    
00001347  __mpu_init                      
0000140b  SysCtlSRAMSizeGet               
00001415  SysCtlFlashSizeGet              
00001441  SysCtlFlashSectorSizeGet        
00001469  SysCtlPeripheralPresent         
000014a9  SysCtlPeripheralReady           
000014e9  SysCtlPeripheralPowerOn         
00001525  SysCtlPeripheralPowerOff        
00001561  SysCtlPeripheralReset           
000015e9  SysCtlPeripheralEnable          
00001625  SysCtlPeripheralDisable         
00001669  SysCtlPeripheralSleepEnable     
000016ad  SysCtlPeripheralSleepDisable    
000016e9  SysCtlPeripheralDeepSleepEnable 
00001739  SysCtlPeripheralDeepSleepDisable
00001781  SysCtlPeripheralClockGating     
000017d5  SysCtlIntRegister               
000017ed  SysCtlIntUnregister             
000017fd  SysCtlIntEnable                 
00001811  SysCtlIntDisable                
00001829  SysCtlIntClear                  
00001839  SysCtlIntStatus                 
00001855  SysCtlLDOSleepSet               
00001865  SysCtlLDOSleepGet               
0000186b  SysCtlLDODeepSleepSet           
0000187b  SysCtlLDODeepSleepGet           
00001881  SysCtlSleepPowerSet             
00001895  SysCtlDeepSleepPowerSet         
000018a5  SysCtlReset                     
000018ad  SysCtlSleep                     
000018b5  SysCtlDeepSleep                 
000018d1  SysCtlResetCauseGet             
000018d7  SysCtlResetCauseClear           
000018eb  SysCtlMOSCConfigSet             
00001901  SysCtlPIOSCCalibrate            
00001951  SysCtlResetBehaviorSet          
00001961  SysCtlResetBehaviorGet          
000019b1  SysCtlClockFreqSet              
00001ca9  SysCtlClockSet                  
00001e79  SysCtlClockGet                  
00002025  SysCtlDeepSleepClockSet         
00002041  SysCtlDeepSleepClockConfigSet   
000020cb  SysCtlPWMClockSet               
000020e5  SysCtlPWMClockGet               
000020fb  SysCtlGPIOAHBEnable             
00002117  SysCtlGPIOAHBDisable            
00002133  SysCtlUSBPLLEnable              
0000213f  SysCtlUSBPLLDisable             
00002151  SysCtlVoltageEventConfig        
00002165  SysCtlVoltageEventStatus        
00002171  SysCtlVoltageEventClear         
00002185  SysCtlVCOGet                    
00002245  SysCtlNMIStatus                 
00002255  SysCtlNMIClear                  
00002271  SysCtlClockOutConfig            
0000228d  SysCtlAltClkConfig              
000022d1  setLEDDrive                     
0000232b  setProximityGain                
00002385  setAmbientLightGain             
000023d5  setProxIntLowThresh             
000023ef  setProxIntHighThresh            
00002409  setLightIntLowThreshold         
0000244d  setLightIntHighThreshold        
00002491  setGestureEnterThresh           
000024ab  setGestureExitThresh            
000024c5  setGestureLEDDrive              
0000251f  setGestureWaitTime              
0000256f  getGestureWaitTime              
00002591  sensor_init                     
00002745  resetGestureParameters          
00002783  setLEDBoost                     
000027dd  getGestureMode                  
000027ff  setGestureMode                  
0000284f  setGestureGain                  
000028a9  getGestureIntEnable             
000028cb  setGestureIntEnable             
00002925  getMode                         
0000293b  setMode                         
000029fd  enableGestureSensor             
00002aa1  disableGestureSensor            
00002ad1  isGestureAvailable              
00002afd  processGestureData              
00002e0f  decodeGesture                   
00002f97  enablePower                     
00002fab  disablePower                    
00002fc5  getGestureGain                  
00002fed  getGestureLEDDrive              
00003019  readGesture                     
00003149  handleGesture                   
0000327b  GPIODirModeSet                  
000032d7  GPIODirModeGet                  
00003323  GPIOIntTypeSet                  
000033c7  GPIOIntTypeGet                  
00003465  GPIOPadConfigSet                
0000369f  GPIOPadConfigGet                
000037f1  GPIOIntEnable                   
0000380b  GPIOIntDisable                  
00003825  GPIOIntStatus                   
00003847  GPIOIntClear                    
0000385b  GPIOIntRegister                 
00003879  GPIOIntUnregister               
00003893  GPIOIntRegisterPin              
000038c1  GPIOIntUnregisterPin            
000038e5  GPIOPinRead                     
000038fd  GPIOPinWrite                    
0000391d  GPIOPinTypeADC                  
00003941  GPIOPinTypeCAN                  
00003965  GPIOPinTypeComparator           
00003989  GPIOPinTypeComparatorOutput     
000039ad  GPIOPinTypeDIVSCLK              
000039d1  GPIOPinTypeEPI                  
000039f5  GPIOPinTypeEthernetLED          
00003a19  GPIOPinTypeEthernetMII          
00003a3d  GPIOPinTypeGPIOInput            
00003a61  GPIOPinTypeGPIOOutput           
00003a85  GPIOPinTypeGPIOOutputOD         
00003aa9  GPIOPinTypeHibernateRTCCLK      
00003acd  GPIOPinTypeI2C                  
00003af1  GPIOPinTypeI2CSCL               
00003b15  GPIOPinTypeLCD                  
00003b39  GPIOPinTypeOneWire              
00003b5d  GPIOPinTypePWM                  
00003b81  GPIOPinTypeQEI                  
00003ba5  GPIOPinTypeSSI                  
00003bc9  GPIOPinTypeTimer                
00003bed  GPIOPinTypeTrace                
00003c11  GPIOPinTypeUART                 
00003c35  GPIOPinTypeUSBAnalog            
00003c59  GPIOPinTypeUSBDigital           
00003c7d  GPIOPinTypeWakeHigh             
00003ca3  GPIOPinTypeWakeLow              
00003cc9  GPIOPinWakeStatus               
00003cd9  GPIOPinConfigure                
00003d37  GPIODMATriggerEnable            
00003d55  GPIODMATriggerDisable           
00003d73  GPIOADCTriggerEnable            
00003d91  GPIOADCTriggerDisable           
00003e1b  I2CMasterInitExpClk             
00003e8d  I2CSlaveInit                    
00003ea7  I2CSlaveAddressSet              
00003ee5  I2CMasterEnable                 
00003efb  I2CSlaveEnable                  
00003f19  I2CMasterDisable                
00003f2f  I2CSlaveDisable                 
00003f4d  I2CIntRegister                  
00003f6b  I2CIntUnregister                
00003f85  I2CMasterIntEnable              
00003f95  I2CMasterIntEnableEx            
00003fad  I2CSlaveIntEnable               
00003fc5  I2CSlaveIntEnableEx             
00003fdf  I2CMasterIntDisable             
00003fef  I2CMasterIntDisableEx           
00004007  I2CSlaveIntDisable              
0000401f  I2CSlaveIntDisableEx            
00004039  I2CMasterIntStatus              
0000408d  I2CMasterIntStatusEx            
000040b1  I2CSlaveIntStatus               
000040f9  I2CSlaveIntStatusEx             
0000411b  I2CMasterIntClear               
00004139  I2CMasterIntClearEx             
0000414b  I2CSlaveIntClear                
0000415d  I2CSlaveIntClearEx              
00004171  I2CMasterSlaveAddrSet           
00004193  I2CMasterLineStateGet           
000041a1  I2CMasterBusy                   
000041b9  I2CMasterBusBusy                
000041d1  I2CMasterControl                
000041e3  I2CMasterErr                    
0000420f  I2CMasterDataPut                
00004225  I2CMasterDataGet                
00004233  I2CMasterTimeoutSet             
00004245  I2CSlaveACKOverride             
00004277  I2CSlaveACKValueSet             
000042a9  I2CSlaveStatus                  
000042b9  I2CSlaveDataPut                 
000042d1  I2CSlaveDataGet                 
000042e1  I2CTxFIFOConfigSet              
00004309  I2CTxFIFOFlush                  
00004321  I2CRxFIFOConfigSet              
00004349  I2CRxFIFOFlush                  
00004361  I2CFIFOStatus                   
00004371  I2CFIFODataPut                  
00004393  I2CFIFODataPutNonBlocking       
000043bb  I2CFIFODataGet                  
000043d5  I2CFIFODataGetNonBlocking       
000043fb  I2CMasterBurstLengthSet         
00004411  I2CMasterBurstCountGet          
0000441f  I2CMasterGlitchFilterConfigSet  
0000446d  I2CSlaveFIFOEnable              
00004485  I2CSlaveFIFODisable             
00004497  I2CLoopbackEnable               
0000451f  UARTParityModeSet               
0000453b  UARTParityModeGet               
0000454d  UARTFIFOLevelSet                
00004565  UARTFIFOLevelGet                
0000458d  UARTConfigSetExpClk             
00004603  UARTConfigGetExpClk             
0000464f  UARTEnable                      
00004673  UARTDisable                     
0000469d  UARTFIFOEnable                  
000046b3  UARTFIFODisable                 
000046c9  UARTEnableSIR                   
000046f7  UARTDisableSIR                  
0000470d  UARTSmartCardEnable             
0000473f  UARTSmartCardDisable            
00004755  UARTModemControlSet             
00004795  UARTModemControlClear           
000047b9  UARTModemControlGet             
000047cb  UARTModemStatusGet              
000047df  UARTFlowControlSet              
000047fb  UARTFlowControlGet              
0000480d  UARTTxIntModeSet                
00004829  UARTTxIntModeGet                
0000483b  UARTCharsAvail                  
00004859  UARTSpaceAvail                  
00004877  UARTCharGetNonBlocking          
00004893  UARTCharGet                     
000048a9  UARTCharPutNonBlocking          
000048cd  UARTCharPut                     
000048eb  UARTBreakCtl                    
00004915  UARTBusy                        
00004933  UARTIntRegister                 
00004955  UARTIntUnregister               
0000496f  UARTIntEnable                   
00004987  UARTIntDisable                  
0000499f  UARTIntStatus                   
000049bd  UARTIntClear                    
000049cf  UARTDMAEnable                   
000049e7  UARTDMADisable                  
000049ff  UARTRxErrorGet                  
00004a11  UARTRxErrorClear                
00004a21  UARTClockSourceSet              
00004a35  UARTClockSourceGet              
00004a45  UART9BitEnable                  
00004a5b  UART9BitDisable                 
00004a71  UART9BitAddrSet                 
00004a97  UART9BitAddrSend                
00004adf  UARTLoopbackEnable              
00004af7  IntMasterEnable                 
00004b07  IntMasterDisable                
00004b17  IntRegister                     
00004b69  IntUnregister                   
00004b7d  IntPriorityGroupingSet          
00004b97  IntPriorityGroupingGet          
00004bcf  IntPrioritySet                  
00004c1f  IntPriorityGet                  
00004c43  IntEnable                       
00004cb5  IntDisable                      
00004d27  IntIsEnabled                    
00004dad  IntPendSet                      
00004e1d  IntPendClear                    
00004e6b  IntPriorityMaskSet              
00004e77  IntPriorityMaskGet              
00004e7f  IntTrigger                      
00004eb5  __aeabi_uldivmod                
000050a9  i2c_read                        
0000510b  i2c_write                       
0000515b  i2c_setup                       
000051b3  ReadDataBlock                   
0000528d  PortAIntHandler                 
000052a1  interruptEnable                 
000052df  main                            
00005445  __aeabi_dsub                    
0000544f  __aeabi_dadd                    
000055fb  _system_post_cinit              
000055fd  UARTIntHandler                  
0000562d  ConfigureUART_terminal          
00005667  ConfigureUART_BBG               
000056af  UART_BBGSend                    
000056df  UART_BBGReceive                 
0000570f  UART_TerminalSend               
00005775  __aeabi_ddiv                    
000058ab  __aeabi_dmul                    
000059a9  ldexp                           
000059a9  ldexpl                          
000059a9  scalbn                          
000059a9  scalbnl                         
00005aa5  __aeabi_memcpy                  
00005aa5  __aeabi_memcpy4                 
00005aa5  __aeabi_memcpy8                 
00005aa5  memcpy                          
00005b41  __aeabi_cdcmpeq                 
00005b41  __aeabi_cdcmple                 
00005bc7  __aeabi_cdrcmple                
00005c4d  __aeabi_memclr                  
00005c4d  __aeabi_memclr4                 
00005c4d  __aeabi_memclr8                 
00005c4f  __aeabi_memset                  
00005c4f  __aeabi_memset4                 
00005c4f  __aeabi_memset8                 
00005c55  memset                          
00005cc9  __TI_auto_init                  
00005d39  __TI_decompress_lzss            
00005da1  frexp                           
00005da1  frexpl                          
00005e05  sprintf                         
00005e65  _c_int00                        
00005eb9  C$$EXIT                         
00005ebd  abort                           
00005ec5  exit                            
00005f0d  ltoa                            
00005f61  atoi                            
00005fad  copy_in                         
00005ff9  __aeabi_d2iz                    
00006041  CPUcpsid                        
0000604d  CPUprimask                      
00006057  CPUcpsie                        
00006063  CPUwfi                          
00006067  CPUbasepriSet                   
00006075  CPUbasepriGet                   
0000607f  __aeabi_i2d                     
000060ad  memccpy                         
000060c9  _args_main                      
000060e1  strchr                          
000060f9  _register_unlock                
000060ff  _register_lock                  
00006107  _nop                            
0000610d  copysign                        
0000610d  copysignl                       
00006121  strlen                          
00006135  __TI_decompress_none            
00006143  __TI_zero_init                  
0000614f  ResetISR                        
0000615b  SysCtlDelay                     
00006161  _system_pre_init                
00006314  _ctypes_                        
0000693c  __TI_Handler_Table_Base         
00006948  __TI_Handler_Table_Limit        
00006958  __TI_CINIT_Base                 
00006970  __TI_CINIT_Limit                
20000000  g_pfnRAMVectors                 
2000026c  __stack                         
2000046c  __STACK_END                     
2000046c  __STACK_TOP                     
2000046c  gesture_data_                   
200004f0  ui8PrintBuffer                  
20000510  g_ui32SysClock                  
20000514  gesture_far_count_              
20000518  gesture_lr_count_               
2000051c  gesture_lr_delta_               
20000520  gesture_motion_                 
20000524  gesture_near_count_             
20000528  gesture_state_                  
2000052c  gesture_ud_count_               
20000530  gesture_ud_delta_               
20000534  int_status                      
20000538  __TI_cleanup_ptr                
2000053c  __TI_dtors_ptr                  
20000540  __TI_enable_exit_profile_output 
20000544  _lock                           
20000548  _unlock                         
2000054c  errno                           
20000550  main_func_sp                    
ffffffff  __TI_pprof_out_hndl             
ffffffff  __TI_prof_data_size             
ffffffff  __TI_prof_data_start            
ffffffff  __binit__                       
ffffffff  __c_args__                      
ffffffff  binit                           
UNDEFED   SHT$$INIT_ARRAY$$Base           
UNDEFED   SHT$$INIT_ARRAY$$Limit          

[365 symbols]
