******************************************************************************
                  TI ARM Linker PC v16.9.4                     
******************************************************************************
>> Linked Sun Apr 29 23:36:19 2018

OUTPUT FILE NAME:   <Gesture_sensor.out>
ENTRY POINT SYMBOL: "_c_int00"  address: 00008d15


MEMORY CONFIGURATION

         name            origin    length      used     unused   attr    fill
----------------------  --------  ---------  --------  --------  ----  --------
  FLASH                 00000000   00100000  00009604  000f69fc  R  X
  SRAM                  20000000   00040000  00007d0a  000382f6  RW X


SEGMENT ALLOCATION MAP

run origin  load origin   length   init length attrs members
----------  ----------- ---------- ----------- ----- -------
00000000    00000000    00009608   00009608    r-x
  00000000    00000000    00000208   00000208    r-- .intvecs
  00000208    00000208    00008d04   00008d04    r-x .text
  00008f0c    00008f0c    000006a8   000006a8    r-- .const
  000095b8    000095b8    00000050   00000050    r-- .cinit
20000000    20000000    00007d0c   00000000    rw-
  20000000    20000000    0000026c   00000000    rw- .vtable
  2000026c    2000026c    00007832   00000000    rw- .bss
  20007aa0    20007aa0    00000200   00000000    rw- .stack
  20007ca0    20007ca0    0000006c   00000000    rw- .data


SECTION ALLOCATION MAP

 output                                  attributes/
section   page    origin      length       input sections
--------  ----  ----------  ----------   ----------------
.intvecs   0    00000000    00000208     
                  00000000    00000208     tm4c1294ncpdt_startup_ccs.obj (.intvecs)

.text      0    00000208    00008d04     
                  00000208    00001910     tasks.obj (.text)
                  00001b18    00000f88     sysctl.obj (.text)
                  00002aa0    00000ea4     gesture_sensor.obj (.text)
                  00003944    00000e50     main.obj (.text)
                  00004794    00000ce8     queue.obj (.text)
                  0000547c    00000ba0     gpio.obj (.text)
                  0000601c    00000920     hibernate.obj (.text)
                  0000693c    00000704     i2c.obj (.text)
                  00007040    00000638     uart.obj (.text)
                  00007678    00000590     timers.obj (.text)
                  00007c08    000003c0     interrupt.obj (.text)
                  00007fc8    0000031c     i2c_comm.obj (.text)
                  000082e4    000002dc     heap_4.obj (.text)
                  000085c0    00000224     uart_comm.obj (.text)
                  000087e4    0000013c     port.obj (.text)
                  00008920    0000012a     list.obj (.text)
                  00008a4a    00000002     rtsv7M4_T_le_v4SPD16_eabi.lib : mpu_init.obj (.text)
                  00008a4c    000000da     portasm.obj (.text)
                  00008b26    0000009c     rtsv7M4_T_le_v4SPD16_eabi.lib : memcpy_t2.obj (.text)
                  00008bc2    0000007a                                   : memset_t2.obj (.text)
                  00008c3c    00000070                                   : autoinit.obj (.text)
                  00008cac    00000068                                   : copy_decompress_lzss.obj (.text:decompress:lzss)
                  00008d14    00000054                                   : boot.obj (.text)
                  00008d68    00000054                                   : exit.obj (.text)
                  00008dbc    00000054                                   : ltoa.obj (.text)
                  00008e10    0000004c                                   : cpy_tbl.obj (.text)
                  00008e5c    0000003e     cpu.obj (.text)
                  00008e9a    00000002     rtsv7M4_T_le_v4SPD16_eabi.lib : startup.obj (.text)
                  00008e9c    00000018                                   : args_main.obj (.text)
                  00008eb4    00000014                                   : _lock.obj (.text)
                  00008ec8    00000014                                   : strlen.obj (.text)
                  00008edc    0000000e                                   : copy_decompress_none.obj (.text:decompress:none)
                  00008eea    0000000c                                   : copy_zero_init.obj (.text:decompress:ZI)
                  00008ef6    0000000c     tm4c1294ncpdt_startup_ccs.obj (.text)
                  00008f02    00000006     sysctl.obj (.text:SysCtlDelay)
                  00008f08    00000004     rtsv7M4_T_le_v4SPD16_eabi.lib : pre_init.obj (.text)

.const     0    00008f0c    000006a8     
                  00008f0c    000001b0     sysctl.obj (.const:g_pppui32XTALtoVCO)
                  000090bc    000000d8     gpio.obj (.const:g_ppui32GPIOIntMapSnowflake)
                  00009194    000000c0     gpio.obj (.const:g_ppui32GPIOIntMapBlizzard)
                  00009254    0000009c     interrupt.obj (.const:g_pui32Regs)
                  000092f0    00000090     gpio.obj (.const:g_pui32GPIOBaseAddrs)
                  00009380    0000006c     sysctl.obj (.const:g_pui32Xtals)
                  000093ec    00000050     i2c.obj (.const:g_ppui32I2CIntMapSnowflake)
                  0000943c    00000040     uart.obj (.const:g_ppui32UARTIntMap)
                  0000947c    00000040     uart.obj (.const:g_ppui32UARTIntMapSnowflake)
                  000094bc    00000030     i2c.obj (.const:g_ppui32I2CIntMap)
                  000094ec    00000030     sysctl.obj (.const:g_sXTALtoMEMTIM)
                  0000951c    00000020     interrupt.obj (.const:g_pui32Priority)
                  0000953c    00000014     interrupt.obj (.const:g_pui32Dii16Regs)
                  00009550    00000014     interrupt.obj (.const:g_pui32EnRegs)
                  00009564    00000014     interrupt.obj (.const:g_pui32PendRegs)
                  00009578    00000014     interrupt.obj (.const:g_pui32UnpendRegs)
                  0000958c    00000008     sysctl.obj (.const:g_pui32VCOFrequencies)
                  00009594    00000008     gpio.obj (.const)
                  0000959c    00000008     i2c.obj (.const)
                  000095a4    00000008     uart.obj (.const)
                  000095ac    00000004     heap_4.obj (.const)
                  000095b0    00000004     port.obj (.const)

.cinit     0    000095b8    00000050     
                  000095b8    00000015     (.cinit..data.load) [load image, compression = lzss]
                  000095cd    00000003     --HOLE-- [fill = 0]
                  000095d0    0000000c     (__TI_handler_table)
                  000095dc    00000004     --HOLE-- [fill = 0]
                  000095e0    00000008     (.cinit..bss.load) [load image, compression = zero_init]
                  000095e8    00000008     (.cinit..vtable.load) [load image, compression = zero_init]
                  000095f0    00000018     (__TI_cinit_table)

.init_array 
*          0    00000000    00000000     UNINITIALIZED

.vtable    0    20000000    0000026c     UNINITIALIZED
                  20000000    0000026c     interrupt.obj (.vtable)

.bss       0    2000026c    00007832     UNINITIALIZED
                  2000026c    00007530     heap_4.obj (.bss:ucHeap)
                  2000779c    00000140     tasks.obj (.bss:pxReadyTasksLists)
                  200078dc    00000084     (.common:gesture_data_)
                  20007960    00000050     (.common:xQueueRegistry)
                  200079b0    00000014     timers.obj (.bss:xActiveTimerList1)
                  200079c4    00000014     timers.obj (.bss:xActiveTimerList2)
                  200079d8    00000014     tasks.obj (.bss:xDelayedTaskList1)
                  200079ec    00000014     tasks.obj (.bss:xDelayedTaskList2)
                  20007a00    00000014     tasks.obj (.bss:xPendingReadyList)
                  20007a14    00000014     tasks.obj (.bss:xSuspendedTaskList)
                  20007a28    00000014     tasks.obj (.bss:xTasksWaitingTermination)
                  20007a3c    00000008     tasks.obj (.bss)
                  20007a44    00000008     timers.obj (.bss)
                  20007a4c    00000008     heap_4.obj (.bss:xStart)
                  20007a54    00000004     (.common:GestureTask)
                  20007a58    00000004     (.common:HBGesture)
                  20007a5c    00000004     (.common:HBRelay)
                  20007a60    00000004     (.common:HeartBeatTask)
                  20007a64    00000004     (.common:TermSem)
                  20007a68    00000004     (.common:bbgReceiveTask)
                  20007a6c    00000004     (.common:bbgSendSem)
                  20007a70    00000004     (.common:bbgSocketSem)
                  20007a74    00000004     (.common:g_ui32SysClock)
                  20007a78    00000004     (.common:gesture_far_count_)
                  20007a7c    00000004     (.common:gesture_lr_count_)
                  20007a80    00000004     (.common:gesture_lr_delta_)
                  20007a84    00000004     (.common:gesture_motion_)
                  20007a88    00000004     (.common:gesture_near_count_)
                  20007a8c    00000004     (.common:gesture_state_)
                  20007a90    00000004     (.common:gesture_ud_count_)
                  20007a94    00000004     (.common:gesture_ud_delta_)
                  20007a98    00000004     (.common:taskNotify1)
                  20007a9c    00000001     (.common:int_status)
                  20007a9d    00000001     (.common:uin8bbgSend)

.stack     0    20007aa0    00000200     UNINITIALIZED
                  20007aa0    00000200     --HOLE--

.data      0    20007ca0    0000006c     UNINITIALIZED
                  20007ca0    00000034     tasks.obj (.data)
                  20007cd4    00000010     heap_4.obj (.data)
                  20007ce4    0000000c     rtsv7M4_T_le_v4SPD16_eabi.lib : exit.obj (.data:$O1$$)
                  20007cf0    0000000c     timers.obj (.data)
                  20007cfc    00000008     rtsv7M4_T_le_v4SPD16_eabi.lib : _lock.obj (.data:$O1$$)
                  20007d04    00000004     port.obj (.data)
                  20007d08    00000004     rtsv7M4_T_le_v4SPD16_eabi.lib : stkdepth_vars.obj (.data)

MODULE SUMMARY

       Module                          code    ro data   rw data
       ------                          ----    -------   -------
    .\
       tm4c1294ncpdt_startup_ccs.obj   12      520       0      
    +--+-------------------------------+-------+---------+---------+
       Total:                          12      520       0      
                                                                
    .\Source\
       tasks.obj                       6416    0         480    
       queue.obj                       3304    0         80     
       timers.obj                      1424    0         60     
       list.obj                        298     0         0      
    +--+-------------------------------+-------+---------+---------+
       Total:                          11442   0         620    
                                                                
    .\Source\portable\CCS\ARM_CM4F\
       port.obj                        316     4         4      
       portasm.obj                     218     0         0      
    +--+-------------------------------+-------+---------+---------+
       Total:                          534     4         4      
                                                                
    .\Source\portable\MemMang\
       heap_4.obj                      732     4         30024  
    +--+-------------------------------+-------+---------+---------+
       Total:                          732     4         30024  
                                                                
    .\driverlib\
       sysctl.obj                      3982    596       0      
       gpio.obj                        2976    560       0      
       hibernate.obj                   2336    0         0      
       i2c.obj                         1796    136       0      
       interrupt.obj                   960     268       620    
       uart.obj                        1592    136       0      
       cpu.obj                         62      0         0      
    +--+-------------------------------+-------+---------+---------+
       Total:                          13704   1696      620    
                                                                
    .\src\
       gesture_sensor.obj              3748    0         164    
       main.obj                        3664    0         42     
       i2c_comm.obj                    796     0         0      
       uart_comm.obj                   548     0         0      
    +--+-------------------------------+-------+---------+---------+
       Total:                          8756    0         206    
                                                                
    C:\ti\ccsv7\tools\compiler\ti-cgt-arm_16.9.4.LTS\lib\rtsv7M4_T_le_v4SPD16_eabi.lib
       memcpy_t2.obj                   156     0         0      
       memset_t2.obj                   122     0         0      
       autoinit.obj                    112     0         0      
       copy_decompress_lzss.obj        104     0         0      
       exit.obj                        84      0         12     
       boot.obj                        84      0         0      
       ltoa.obj                        84      0         0      
       cpy_tbl.obj                     76      0         0      
       _lock.obj                       20      0         8      
       args_main.obj                   24      0         0      
       strlen.obj                      20      0         0      
       copy_decompress_none.obj        14      0         0      
       copy_zero_init.obj              12      0         0      
       pre_init.obj                    4       0         0      
       stkdepth_vars.obj               0       0         4      
       mpu_init.obj                    2       0         0      
       startup.obj                     2       0         0      
    +--+-------------------------------+-------+---------+---------+
       Total:                          920     0         24     
                                                                
       Stack:                          0       0         512    
       Linker Generated:               0       73        0      
    +--+-------------------------------+-------+---------+---------+
       Grand Total:                    36100   2297      32010  


LINKER GENERATED COPY TABLES

__TI_cinit_table @ 000095f0 records: 3, size/record: 8, table size: 24
	.data: load addr=000095b8, load size=00000015 bytes, run addr=20007ca0, run size=0000006c bytes, compression=lzss
	.bss: load addr=000095e0, load size=00000008 bytes, run addr=2000026c, run size=00007832 bytes, compression=zero_init
	.vtable: load addr=000095e8, load size=00000008 bytes, run addr=20000000, run size=0000026c bytes, compression=zero_init


LINKER GENERATED HANDLER TABLE

__TI_handler_table @ 000095d0 records: 3, size/record: 4, table size: 12
	index: 0, handler: __TI_zero_init
	index: 1, handler: __TI_decompress_lzss
	index: 2, handler: __TI_decompress_none


GLOBAL SYMBOLS: SORTED ALPHABETICALLY BY Name 

address   name                               
-------   ----                               
00008733  BBGReceive                         
00008663  BBGSend                            
00008d69  C$$EXIT                            
00008e91  CPUbasepriGet                      
00008e83  CPUbasepriSet                      
00008e5d  CPUcpsid                           
00008e73  CPUcpsie                           
00008e69  CPUprimask                         
00008e7f  CPUwfi                             
0000861b  ConfigureUART_BBG                  
000085e1  ConfigureUART_terminal             
000043b5  CreateTasks                        
00005ff5  GPIOADCTriggerDisable              
00005fd7  GPIOADCTriggerEnable               
00005fb9  GPIODMATriggerDisable              
00005f9b  GPIODMATriggerEnable               
0000553b  GPIODirModeGet                     
000054df  GPIODirModeSet                     
00005aab  GPIOIntClear                       
00005a6f  GPIOIntDisable                     
00005a55  GPIOIntEnable                      
00005abf  GPIOIntRegister                    
00005af7  GPIOIntRegisterPin                 
00005a89  GPIOIntStatus                      
0000562b  GPIOIntTypeGet                     
00005587  GPIOIntTypeSet                     
00005add  GPIOIntUnregister                  
00005b25  GPIOIntUnregisterPin               
00005903  GPIOPadConfigGet                   
000056c9  GPIOPadConfigSet                   
00005f3d  GPIOPinConfigure                   
00005b49  GPIOPinRead                        
00005b81  GPIOPinTypeADC                     
00005ba5  GPIOPinTypeCAN                     
00005bc9  GPIOPinTypeComparator              
00005bed  GPIOPinTypeComparatorOutput        
00005c11  GPIOPinTypeDIVSCLK                 
00005c35  GPIOPinTypeEPI                     
00005c59  GPIOPinTypeEthernetLED             
00005c7d  GPIOPinTypeEthernetMII             
00005ca1  GPIOPinTypeGPIOInput               
00005cc5  GPIOPinTypeGPIOOutput              
00005ce9  GPIOPinTypeGPIOOutputOD            
00005d0d  GPIOPinTypeHibernateRTCCLK         
00005d31  GPIOPinTypeI2C                     
00005d55  GPIOPinTypeI2CSCL                  
00005d79  GPIOPinTypeLCD                     
00005d9d  GPIOPinTypeOneWire                 
00005dc1  GPIOPinTypePWM                     
00005de5  GPIOPinTypeQEI                     
00005e09  GPIOPinTypeSSI                     
00005e2d  GPIOPinTypeTimer                   
00005e51  GPIOPinTypeTrace                   
00005e75  GPIOPinTypeUART                    
00005e99  GPIOPinTypeUSBAnalog               
00005ebd  GPIOPinTypeUSBDigital              
00005ee1  GPIOPinTypeWakeHigh                
00005f07  GPIOPinTypeWakeLow                 
00005f2d  GPIOPinWakeStatus                  
00005b61  GPIOPinWrite                       
20007a54  GestureTask                        
20007a58  HBGesture                          
20007a5c  HBRelay                            
20007a60  HeartBeatTask                      
000060d3  HibernateBatCheckDone              
000060c1  HibernateBatCheckStart             
00006529  HibernateCalendarGet               
000065f1  HibernateCalendarMatchGet          
000065c9  HibernateCalendarMatchSet          
00006513  HibernateCalendarSet               
0000604d  HibernateClockConfig               
000063bb  HibernateCounterMode               
00006263  HibernateDataGet                   
0000622d  HibernateDataSet                   
0000603b  HibernateDisable                   
00006027  HibernateEnableExpClk              
0000638d  HibernateGPIORetentionDisable      
0000636d  HibernateGPIORetentionEnable       
000063a5  HibernateGPIORetentionGet          
00006349  HibernateIntClear                  
000062bf  HibernateIntDisable                
000062ab  HibernateIntEnable                 
000062f5  HibernateIntRegister               
0000632b  HibernateIntStatus                 
00006315  HibernateIntUnregister             
0000635d  HibernateIsActive                  
00006193  HibernateLowBatGet                 
00006179  HibernateLowBatSet                 
000060af  HibernateRTCDisable                
0000609d  HibernateRTCEnable                 
000061c3  HibernateRTCGet                    
000061db  HibernateRTCMatchGet               
000061c9  HibernateRTCMatchSet               
0000620d  HibernateRTCSSGet                  
000061fd  HibernateRTCSSMatchGet             
000061e9  HibernateRTCSSMatchSet             
0000619f  HibernateRTCSet                    
00006227  HibernateRTCTrimGet                
00006217  HibernateRTCTrimSet                
00006299  HibernateRequest                   
000066f5  HibernateTamperDisable             
000066cb  HibernateTamperEnable              
000067a1  HibernateTamperEventsClear         
000067d1  HibernateTamperEventsClearNoLock   
00006699  HibernateTamperEventsConfig        
0000686f  HibernateTamperEventsGet           
000068dd  HibernateTamperExtOscRecover       
00006903  HibernateTamperExtOscValid         
00006771  HibernateTamperIODisable           
0000671b  HibernateTamperIOEnable            
000067fb  HibernateTamperLock                
00006815  HibernateTamperStatusGet           
000067ed  HibernateTamperUnLock              
00006141  HibernateWakeGet                   
000060dd  HibernateWakeSet                   
00006f3f  I2CFIFODataGet                     
00006f59  I2CFIFODataGetNonBlocking          
00006ef5  I2CFIFODataPut                     
00006f17  I2CFIFODataPutNonBlocking          
00006ee5  I2CFIFOStatus                      
00006ad1  I2CIntRegister                     
00006aef  I2CIntUnregister                   
0000701b  I2CLoopbackEnable                  
00006f95  I2CMasterBurstCountGet             
00006f7f  I2CMasterBurstLengthSet            
00006d3d  I2CMasterBusBusy                   
00006d25  I2CMasterBusy                      
00006d55  I2CMasterControl                   
00006da9  I2CMasterDataGet                   
00006d93  I2CMasterDataPut                   
00006a9d  I2CMasterDisable                   
00006a69  I2CMasterEnable                    
00006d67  I2CMasterErr                       
00006fa3  I2CMasterGlitchFilterConfigSet     
0000699f  I2CMasterInitExpClk                
00006c9f  I2CMasterIntClear                  
00006cbd  I2CMasterIntClearEx                
00006b63  I2CMasterIntDisable                
00006b73  I2CMasterIntDisableEx              
00006b09  I2CMasterIntEnable                 
00006b19  I2CMasterIntEnableEx               
00006bbd  I2CMasterIntStatus                 
00006c11  I2CMasterIntStatusEx               
00006d17  I2CMasterLineStateGet              
00006cf5  I2CMasterSlaveAddrSet              
00006db7  I2CMasterTimeoutSet                
00006ea5  I2CRxFIFOConfigSet                 
00006ecd  I2CRxFIFOFlush                     
00006dc9  I2CSlaveACKOverride                
00006dfb  I2CSlaveACKValueSet                
00006a2b  I2CSlaveAddressSet                 
00006e55  I2CSlaveDataGet                    
00006e3d  I2CSlaveDataPut                    
00006ab3  I2CSlaveDisable                    
00006a7f  I2CSlaveEnable                     
00007009  I2CSlaveFIFODisable                
00006ff1  I2CSlaveFIFOEnable                 
00006a11  I2CSlaveInit                       
00006ccf  I2CSlaveIntClear                   
00006ce1  I2CSlaveIntClearEx                 
00006b8b  I2CSlaveIntDisable                 
00006ba3  I2CSlaveIntDisableEx               
00006b31  I2CSlaveIntEnable                  
00006b49  I2CSlaveIntEnableEx                
00006c35  I2CSlaveIntStatus                  
00006c7d  I2CSlaveIntStatusEx                
00006e2d  I2CSlaveStatus                     
00006e65  I2CTxFIFOConfigSet                 
00006e8d  I2CTxFIFOFlush                     
00007dc9  IntDisable                         
00007d57  IntEnable                          
00007e3b  IntIsEnabled                       
00007c1b  IntMasterDisable                   
00007c0b  IntMasterEnable                    
00007f31  IntPendClear                       
00007ec1  IntPendSet                         
00007d33  IntPriorityGet                     
00007cab  IntPriorityGroupingGet             
00007c91  IntPriorityGroupingSet             
00007f8b  IntPriorityMaskGet                 
00007f7f  IntPriorityMaskSet                 
00007ce3  IntPrioritySet                     
00007c2b  IntRegister                        
00007f93  IntTrigger                         
00007c7d  IntUnregister                      
00003945  LOG                                
000039d9  PortAIntHandler                    
00008199  ReadDataBlock                      
00003a2b  RelayGPIOEnable                    
00008ef7  ResetISR                           
UNDEFED   SHT$$INIT_ARRAY$$Base              
UNDEFED   SHT$$INIT_ARRAY$$Limit             
00004443  SemaphoreInit                      
00003a95  StartupTest                        
00002a5d  SysCtlAltClkConfig                 
00002181  SysCtlClockFreqSet                 
00002649  SysCtlClockGet                     
00002a41  SysCtlClockOutConfig               
00002479  SysCtlClockSet                     
00002085  SysCtlDeepSleep                    
00002811  SysCtlDeepSleepClockConfigSet      
000027f5  SysCtlDeepSleepClockSet            
00002065  SysCtlDeepSleepPowerSet            
00008f03  SysCtlDelay                        
00001c11  SysCtlFlashSectorSizeGet           
00001be5  SysCtlFlashSizeGet                 
000028e7  SysCtlGPIOAHBDisable               
000028cb  SysCtlGPIOAHBEnable                
00001ff9  SysCtlIntClear                     
00001fe1  SysCtlIntDisable                   
00001fcd  SysCtlIntEnable                    
00001fa5  SysCtlIntRegister                  
00002009  SysCtlIntStatus                    
00001fbd  SysCtlIntUnregister                
0000204b  SysCtlLDODeepSleepGet              
0000203b  SysCtlLDODeepSleepSet              
00002035  SysCtlLDOSleepGet                  
00002025  SysCtlLDOSleepSet                  
000020bb  SysCtlMOSCConfigSet                
00002a25  SysCtlNMIClear                     
00002a15  SysCtlNMIStatus                    
000020d1  SysCtlPIOSCCalibrate               
000028b5  SysCtlPWMClockGet                  
0000289b  SysCtlPWMClockSet                  
00001f51  SysCtlPeripheralClockGating        
00001f09  SysCtlPeripheralDeepSleepDisable   
00001eb9  SysCtlPeripheralDeepSleepEnable    
00001df5  SysCtlPeripheralDisable            
00001db9  SysCtlPeripheralEnable             
00001cf5  SysCtlPeripheralPowerOff           
00001cb9  SysCtlPeripheralPowerOn            
00001c39  SysCtlPeripheralPresent            
00001c79  SysCtlPeripheralReady              
00001d31  SysCtlPeripheralReset              
00001e7d  SysCtlPeripheralSleepDisable       
00001e39  SysCtlPeripheralSleepEnable        
00002075  SysCtlReset                        
00002131  SysCtlResetBehaviorGet             
00002121  SysCtlResetBehaviorSet             
000020a7  SysCtlResetCauseClear              
000020a1  SysCtlResetCauseGet                
00001bdb  SysCtlSRAMSizeGet                  
0000207d  SysCtlSleep                        
00002051  SysCtlSleepPowerSet                
0000290f  SysCtlUSBPLLDisable                
00002903  SysCtlUSBPLLEnable                 
00002955  SysCtlVCOGet                       
00002941  SysCtlVoltageEventClear            
00002921  SysCtlVoltageEventConfig           
00002935  SysCtlVoltageEventStatus           
20007a64  TermSem                            
000039bd  TimerConfig                        
0000761b  UART9BitAddrSend                   
000075f5  UART9BitAddrSet                    
000075df  UART9BitDisable                    
000075c9  UART9BitEnable                     
0000746f  UARTBreakCtl                       
00007499  UARTBusy                           
00007417  UARTCharGet                        
000073fb  UARTCharGetNonBlocking             
00007451  UARTCharPut                        
0000742d  UARTCharPutNonBlocking             
000073bf  UARTCharsAvail                     
000075b9  UARTClockSourceGet                 
000075a5  UARTClockSourceSet                 
00007187  UARTConfigGetExpClk                
00007111  UARTConfigSetExpClk                
0000756b  UARTDMADisable                     
00007553  UARTDMAEnable                      
000071f7  UARTDisable                        
0000727b  UARTDisableSIR                     
000071d3  UARTEnable                         
0000724d  UARTEnableSIR                      
00007237  UARTFIFODisable                    
00007221  UARTFIFOEnable                     
000070e9  UARTFIFOLevelGet                   
000070d1  UARTFIFOLevelSet                   
0000737f  UARTFlowControlGet                 
00007363  UARTFlowControlSet                 
00007541  UARTIntClear                       
0000750b  UARTIntDisable                     
000074f3  UARTIntEnable                      
000085c1  UARTIntHandler                     
000074b7  UARTIntRegister                    
00007523  UARTIntStatus                      
000074d9  UARTIntUnregister                  
00007663  UARTLoopbackEnable                 
00007319  UARTModemControlClear              
0000733d  UARTModemControlGet                
000072d9  UARTModemControlSet                
0000734f  UARTModemStatusGet                 
000070bf  UARTParityModeGet                  
000070a3  UARTParityModeSet                  
00007595  UARTRxErrorClear                   
00007583  UARTRxErrorGet                     
000072c3  UARTSmartCardDisable               
00007291  UARTSmartCardEnable                
000073dd  UARTSpaceAvail                     
000073ad  UARTTxIntModeGet                   
00007391  UARTTxIntModeSet                   
00008755  UART_TerminalSend                  
20007ca0  __STACK_END                        
00000200  __STACK_SIZE                       
20007ca0  __STACK_TOP                        
000095f0  __TI_CINIT_Base                    
00009608  __TI_CINIT_Limit                   
000095d0  __TI_Handler_Table_Base            
000095dc  __TI_Handler_Table_Limit           
00008c3d  __TI_auto_init                     
20007ce4  __TI_cleanup_ptr                   
00008cad  __TI_decompress_lzss               
00008edd  __TI_decompress_none               
20007ce8  __TI_dtors_ptr                     
20007cec  __TI_enable_exit_profile_output    
ffffffff  __TI_pprof_out_hndl                
ffffffff  __TI_prof_data_size                
ffffffff  __TI_prof_data_start               
00000000  __TI_static_base__                 
00008eeb  __TI_zero_init                     
00008bc3  __aeabi_memclr                     
00008bc3  __aeabi_memclr4                    
00008bc3  __aeabi_memclr8                    
00008b27  __aeabi_memcpy                     
00008b27  __aeabi_memcpy4                    
00008b27  __aeabi_memcpy8                    
00008bc5  __aeabi_memset                     
00008bc5  __aeabi_memset4                    
00008bc5  __aeabi_memset8                    
ffffffff  __binit__                          
ffffffff  __c_args__                         
00008a4b  __mpu_init                         
20007aa0  __stack                            
00008e9d  _args_main                         
00008d15  _c_int00                           
20007cfc  _lock                              
00008ec3  _nop                               
00008ebb  _register_lock                     
00008eb5  _register_unlock                   
00008e9b  _system_post_cinit                 
00008f09  _system_pre_init                   
20007d00  _unlock                            
00008d6d  abort                              
20007a68  bbgReceiveTask                     
20007a6c  bbgSendSem                         
20007a70  bbgSocketSem                       
ffffffff  binit                              
00008e11  copy_in                            
000035df  decodeGesture                      
00003271  disableGestureSensor               
0000377b  disablePower                       
0000057d  eTaskGetState                      
000031cd  enableGestureSensor                
00003767  enablePower                        
00008d75  exit                               
20000000  g_pfnRAMVectors                    
00000000  g_pfnVectors                       
20007a74  g_ui32SysClock                     
200078dc  gesture_data_                      
20007a78  gesture_far_count_                 
20007a7c  gesture_lr_count_                  
20007a80  gesture_lr_delta_                  
20007a84  gesture_motion_                    
20007a88  gesture_near_count_                
20007a8c  gesture_state_                     
20007a90  gesture_ud_count_                  
20007a94  gesture_ud_delta_                  
00003795  getGestureGain                     
00003079  getGestureIntEnable                
000037bd  getGestureLEDDrive                 
00002fad  getGestureMode                     
00002d3f  getGestureWaitTime                 
000030f5  getMode                            
00008281  i2c_BBGReceive                     
00008257  i2c_BBGSend                        
0000813f  i2c_BBGSetup                       
00007fc9  i2c_read                           
0000802b  i2c_readID                         
000080e7  i2c_setup                          
00008097  i2c_write                          
20007a9c  int_status                         
000039ed  interruptEnable                    
000032a1  isGestureAvailable                 
00008dbd  ltoa                               
000044ad  main                               
20007d08  main_func_sp                       
00008b27  memcpy                             
00008bcb  memset                             
00005393  pcQueueGetName                     
00000b5b  pcTaskGetName                      
000077b1  pcTimerGetName                     
000032cd  processGestureData                 
000082e5  pvPortMalloc                       
00001637  pvTaskIncrementMutexHeldCount      
00007b99  pvTimerGetTimerID                  
20007ca0  pxCurrentTCB                       
000087e5  pxPortInitialiseStack              
000037e9  readGesture                        
00002f15  resetGestureParameters             
00002d61  sensor_init                        
00002b55  setAmbientLightGain                
00002c61  setGestureEnterThresh              
00002c7b  setGestureExitThresh               
0000301f  setGestureGain                     
0000309b  setGestureIntEnable                
00002c95  setGestureLEDDrive                 
00002fcf  setGestureMode                     
00002cef  setGestureWaitTime                 
00002f53  setLEDBoost                        
00002aa1  setLEDDrive                        
00002c1d  setLightIntHighThreshold           
00002bd9  setLightIntLowThreshold            
0000310b  setMode                            
00002bbf  setProxIntHighThresh               
00002ba5  setProxIntLowThresh                
00002afb  setProximityGain                   
00008ec9  strlen                             
20007a98  taskNotify1                        
000050f5  ucQueueGetQueueType                
20007a9d  uin8bbgSend                        
000095b0  ulMaxSyscallInterruptPriority      
00008a5d  ulPortGetIPSR                      
00001655  ulTaskNotifyTake                   
00008a03  uxListRemove                       
000050d5  uxQueueGetQueueNumber              
00005077  uxQueueMessagesWaiting             
000050ad  uxQueueMessagesWaitingFromISR      
0000508d  uxQueueSpacesAvailable             
00000b55  uxTaskGetNumberOfTasks             
000012e9  uxTaskGetStackHighWaterMark        
00000b81  uxTaskGetSystemState               
00001077  uxTaskGetTaskNumber                
00000611  uxTaskPriorityGet                  
00000641  uxTaskPriorityGetFromISR           
00001615  uxTaskResetEventItemValue          
00007bcd  uxTimerGetTimerNumber              
00003a8b  vApplicationStackOverflowHook      
00004265  vGestureTask                       
00003c45  vHeartBeatTask                     
00008921  vListInitialise                    
00008951  vListInitialiseItem                
0000899d  vListInsert                        
00008961  vListInsertEnd                     
00008b19  vPortEnableVFP                     
00008885  vPortEndScheduler                  
00008887  vPortEnterCritical                 
000088a7  vPortExitCritical                  
000083f5  vPortFree                          
00008457  vPortInitialiseBlocks              
00008ad5  vPortSVCHandler                    
000088e3  vPortSetupTimerInterrupt           
00008af5  vPortStartFirstTask                
00005351  vQueueAddToRegistry                
000050bf  vQueueDelete                       
000050e3  vQueueSetQueueNumber               
000053d3  vQueueUnregisterQueue              
00005417  vQueueWaitForMessageRestricted     
00003ad1  vRelayTask                         
00000541  vTaskDelay                         
000004b1  vTaskDelayUntil                    
00000403  vTaskDelete                        
00000a19  vTaskEndScheduler                  
00001159  vTaskGetInfo                       
00000fc5  vTaskInternalSetTimeOutState       
0000106f  vTaskMissedYield                   
00001971  vTaskNotifyGiveFromISR             
00000e3f  vTaskPlaceOnEventList              
00000e8d  vTaskPlaceOnEventListRestricted    
00000e5b  vTaskPlaceOnUnorderedEventList     
0000153d  vTaskPriorityDisinheritAfterTimeout
0000068d  vTaskPrioritySet                   
00000f45  vTaskRemoveFromUnorderedEventList  
000008b5  vTaskResume                        
0000109d  vTaskSetTaskNumber                 
00000fa7  vTaskSetTimeOutState               
000009bd  vTaskStartScheduler                
000007a5  vTaskSuspend                       
00000a35  vTaskSuspendAll                    
00000d9d  vTaskSwitchContext                 
00007bb3  vTimerSetTimerID                   
00007bdb  vTimerSetTimerNumber               
00003ead  vbbgReceive                        
0000844b  xPortGetFreeHeapSize               
00008451  xPortGetMinimumEverFreeHeapSize    
00008a75  xPortPendSVHandler                 
0000884f  xPortStartScheduler                
000088bd  xPortSysTickHandler                
000048ed  xQueueCreateMutex                  
00004833  xQueueGenericCreate                
00004795  xQueueGenericReset                 
00004999  xQueueGenericSend                  
00004ac7  xQueueGenericSendFromISR           
00004b61  xQueueGiveFromISR                  
00004919  xQueueGiveMutexRecursive           
000052ed  xQueueIsQueueEmptyFromISR          
0000532f  xQueueIsQueueFullFromISR           
00004e6b  xQueuePeek                         
00005025  xQueuePeekFromISR                  
00004bf3  xQueueReceive                      
00004f8d  xQueueReceiveFromISR               
20007960  xQueueRegistry                     
00004d11  xQueueSemaphoreTake                
00004955  xQueueTakeMutexRecursive           
00000ff1  xTaskCheckForTimeOut               
00000209  xTaskCreate                        
00001777  xTaskGenericNotify                 
00001861  xTaskGenericNotifyFromISR          
0000135d  xTaskGetCurrentTaskHandle          
00001381  xTaskGetSchedulerState             
00000b31  xTaskGetTickCount                  
00000b41  xTaskGetTickCountFromISR           
00000c75  xTaskIncrementTick                 
00001a1f  xTaskNotifyStateClear              
000016d5  xTaskNotifyWait                    
0000149b  xTaskPriorityDisinherit            
000013b9  xTaskPriorityInherit               
00000ebd  xTaskRemoveFromEventList           
00000a49  xTaskResumeAll                     
0000092f  xTaskResumeFromISR                 
000076a3  xTimerCreate                       
00007679  xTimerCreateTimerTask              
00007717  xTimerGenericCommand               
0000779b  xTimerGetExpiryTime                
00007789  xTimerGetPeriod                    
00007783  xTimerGetTimerDaemonTaskHandle     
00007b6d  xTimerIsTimerActive                


GLOBAL SYMBOLS: SORTED BY Symbol Address 

address   name                               
-------   ----                               
00000000  __TI_static_base__                 
00000000  g_pfnVectors                       
00000200  __STACK_SIZE                       
00000209  xTaskCreate                        
00000403  vTaskDelete                        
000004b1  vTaskDelayUntil                    
00000541  vTaskDelay                         
0000057d  eTaskGetState                      
00000611  uxTaskPriorityGet                  
00000641  uxTaskPriorityGetFromISR           
0000068d  vTaskPrioritySet                   
000007a5  vTaskSuspend                       
000008b5  vTaskResume                        
0000092f  xTaskResumeFromISR                 
000009bd  vTaskStartScheduler                
00000a19  vTaskEndScheduler                  
00000a35  vTaskSuspendAll                    
00000a49  xTaskResumeAll                     
00000b31  xTaskGetTickCount                  
00000b41  xTaskGetTickCountFromISR           
00000b55  uxTaskGetNumberOfTasks             
00000b5b  pcTaskGetName                      
00000b81  uxTaskGetSystemState               
00000c75  xTaskIncrementTick                 
00000d9d  vTaskSwitchContext                 
00000e3f  vTaskPlaceOnEventList              
00000e5b  vTaskPlaceOnUnorderedEventList     
00000e8d  vTaskPlaceOnEventListRestricted    
00000ebd  xTaskRemoveFromEventList           
00000f45  vTaskRemoveFromUnorderedEventList  
00000fa7  vTaskSetTimeOutState               
00000fc5  vTaskInternalSetTimeOutState       
00000ff1  xTaskCheckForTimeOut               
0000106f  vTaskMissedYield                   
00001077  uxTaskGetTaskNumber                
0000109d  vTaskSetTaskNumber                 
00001159  vTaskGetInfo                       
000012e9  uxTaskGetStackHighWaterMark        
0000135d  xTaskGetCurrentTaskHandle          
00001381  xTaskGetSchedulerState             
000013b9  xTaskPriorityInherit               
0000149b  xTaskPriorityDisinherit            
0000153d  vTaskPriorityDisinheritAfterTimeout
00001615  uxTaskResetEventItemValue          
00001637  pvTaskIncrementMutexHeldCount      
00001655  ulTaskNotifyTake                   
000016d5  xTaskNotifyWait                    
00001777  xTaskGenericNotify                 
00001861  xTaskGenericNotifyFromISR          
00001971  vTaskNotifyGiveFromISR             
00001a1f  xTaskNotifyStateClear              
00001bdb  SysCtlSRAMSizeGet                  
00001be5  SysCtlFlashSizeGet                 
00001c11  SysCtlFlashSectorSizeGet           
00001c39  SysCtlPeripheralPresent            
00001c79  SysCtlPeripheralReady              
00001cb9  SysCtlPeripheralPowerOn            
00001cf5  SysCtlPeripheralPowerOff           
00001d31  SysCtlPeripheralReset              
00001db9  SysCtlPeripheralEnable             
00001df5  SysCtlPeripheralDisable            
00001e39  SysCtlPeripheralSleepEnable        
00001e7d  SysCtlPeripheralSleepDisable       
00001eb9  SysCtlPeripheralDeepSleepEnable    
00001f09  SysCtlPeripheralDeepSleepDisable   
00001f51  SysCtlPeripheralClockGating        
00001fa5  SysCtlIntRegister                  
00001fbd  SysCtlIntUnregister                
00001fcd  SysCtlIntEnable                    
00001fe1  SysCtlIntDisable                   
00001ff9  SysCtlIntClear                     
00002009  SysCtlIntStatus                    
00002025  SysCtlLDOSleepSet                  
00002035  SysCtlLDOSleepGet                  
0000203b  SysCtlLDODeepSleepSet              
0000204b  SysCtlLDODeepSleepGet              
00002051  SysCtlSleepPowerSet                
00002065  SysCtlDeepSleepPowerSet            
00002075  SysCtlReset                        
0000207d  SysCtlSleep                        
00002085  SysCtlDeepSleep                    
000020a1  SysCtlResetCauseGet                
000020a7  SysCtlResetCauseClear              
000020bb  SysCtlMOSCConfigSet                
000020d1  SysCtlPIOSCCalibrate               
00002121  SysCtlResetBehaviorSet             
00002131  SysCtlResetBehaviorGet             
00002181  SysCtlClockFreqSet                 
00002479  SysCtlClockSet                     
00002649  SysCtlClockGet                     
000027f5  SysCtlDeepSleepClockSet            
00002811  SysCtlDeepSleepClockConfigSet      
0000289b  SysCtlPWMClockSet                  
000028b5  SysCtlPWMClockGet                  
000028cb  SysCtlGPIOAHBEnable                
000028e7  SysCtlGPIOAHBDisable               
00002903  SysCtlUSBPLLEnable                 
0000290f  SysCtlUSBPLLDisable                
00002921  SysCtlVoltageEventConfig           
00002935  SysCtlVoltageEventStatus           
00002941  SysCtlVoltageEventClear            
00002955  SysCtlVCOGet                       
00002a15  SysCtlNMIStatus                    
00002a25  SysCtlNMIClear                     
00002a41  SysCtlClockOutConfig               
00002a5d  SysCtlAltClkConfig                 
00002aa1  setLEDDrive                        
00002afb  setProximityGain                   
00002b55  setAmbientLightGain                
00002ba5  setProxIntLowThresh                
00002bbf  setProxIntHighThresh               
00002bd9  setLightIntLowThreshold            
00002c1d  setLightIntHighThreshold           
00002c61  setGestureEnterThresh              
00002c7b  setGestureExitThresh               
00002c95  setGestureLEDDrive                 
00002cef  setGestureWaitTime                 
00002d3f  getGestureWaitTime                 
00002d61  sensor_init                        
00002f15  resetGestureParameters             
00002f53  setLEDBoost                        
00002fad  getGestureMode                     
00002fcf  setGestureMode                     
0000301f  setGestureGain                     
00003079  getGestureIntEnable                
0000309b  setGestureIntEnable                
000030f5  getMode                            
0000310b  setMode                            
000031cd  enableGestureSensor                
00003271  disableGestureSensor               
000032a1  isGestureAvailable                 
000032cd  processGestureData                 
000035df  decodeGesture                      
00003767  enablePower                        
0000377b  disablePower                       
00003795  getGestureGain                     
000037bd  getGestureLEDDrive                 
000037e9  readGesture                        
00003945  LOG                                
000039bd  TimerConfig                        
000039d9  PortAIntHandler                    
000039ed  interruptEnable                    
00003a2b  RelayGPIOEnable                    
00003a8b  vApplicationStackOverflowHook      
00003a95  StartupTest                        
00003ad1  vRelayTask                         
00003c45  vHeartBeatTask                     
00003ead  vbbgReceive                        
00004265  vGestureTask                       
000043b5  CreateTasks                        
00004443  SemaphoreInit                      
000044ad  main                               
00004795  xQueueGenericReset                 
00004833  xQueueGenericCreate                
000048ed  xQueueCreateMutex                  
00004919  xQueueGiveMutexRecursive           
00004955  xQueueTakeMutexRecursive           
00004999  xQueueGenericSend                  
00004ac7  xQueueGenericSendFromISR           
00004b61  xQueueGiveFromISR                  
00004bf3  xQueueReceive                      
00004d11  xQueueSemaphoreTake                
00004e6b  xQueuePeek                         
00004f8d  xQueueReceiveFromISR               
00005025  xQueuePeekFromISR                  
00005077  uxQueueMessagesWaiting             
0000508d  uxQueueSpacesAvailable             
000050ad  uxQueueMessagesWaitingFromISR      
000050bf  vQueueDelete                       
000050d5  uxQueueGetQueueNumber              
000050e3  vQueueSetQueueNumber               
000050f5  ucQueueGetQueueType                
000052ed  xQueueIsQueueEmptyFromISR          
0000532f  xQueueIsQueueFullFromISR           
00005351  vQueueAddToRegistry                
00005393  pcQueueGetName                     
000053d3  vQueueUnregisterQueue              
00005417  vQueueWaitForMessageRestricted     
000054df  GPIODirModeSet                     
0000553b  GPIODirModeGet                     
00005587  GPIOIntTypeSet                     
0000562b  GPIOIntTypeGet                     
000056c9  GPIOPadConfigSet                   
00005903  GPIOPadConfigGet                   
00005a55  GPIOIntEnable                      
00005a6f  GPIOIntDisable                     
00005a89  GPIOIntStatus                      
00005aab  GPIOIntClear                       
00005abf  GPIOIntRegister                    
00005add  GPIOIntUnregister                  
00005af7  GPIOIntRegisterPin                 
00005b25  GPIOIntUnregisterPin               
00005b49  GPIOPinRead                        
00005b61  GPIOPinWrite                       
00005b81  GPIOPinTypeADC                     
00005ba5  GPIOPinTypeCAN                     
00005bc9  GPIOPinTypeComparator              
00005bed  GPIOPinTypeComparatorOutput        
00005c11  GPIOPinTypeDIVSCLK                 
00005c35  GPIOPinTypeEPI                     
00005c59  GPIOPinTypeEthernetLED             
00005c7d  GPIOPinTypeEthernetMII             
00005ca1  GPIOPinTypeGPIOInput               
00005cc5  GPIOPinTypeGPIOOutput              
00005ce9  GPIOPinTypeGPIOOutputOD            
00005d0d  GPIOPinTypeHibernateRTCCLK         
00005d31  GPIOPinTypeI2C                     
00005d55  GPIOPinTypeI2CSCL                  
00005d79  GPIOPinTypeLCD                     
00005d9d  GPIOPinTypeOneWire                 
00005dc1  GPIOPinTypePWM                     
00005de5  GPIOPinTypeQEI                     
00005e09  GPIOPinTypeSSI                     
00005e2d  GPIOPinTypeTimer                   
00005e51  GPIOPinTypeTrace                   
00005e75  GPIOPinTypeUART                    
00005e99  GPIOPinTypeUSBAnalog               
00005ebd  GPIOPinTypeUSBDigital              
00005ee1  GPIOPinTypeWakeHigh                
00005f07  GPIOPinTypeWakeLow                 
00005f2d  GPIOPinWakeStatus                  
00005f3d  GPIOPinConfigure                   
00005f9b  GPIODMATriggerEnable               
00005fb9  GPIODMATriggerDisable              
00005fd7  GPIOADCTriggerEnable               
00005ff5  GPIOADCTriggerDisable              
00006027  HibernateEnableExpClk              
0000603b  HibernateDisable                   
0000604d  HibernateClockConfig               
0000609d  HibernateRTCEnable                 
000060af  HibernateRTCDisable                
000060c1  HibernateBatCheckStart             
000060d3  HibernateBatCheckDone              
000060dd  HibernateWakeSet                   
00006141  HibernateWakeGet                   
00006179  HibernateLowBatSet                 
00006193  HibernateLowBatGet                 
0000619f  HibernateRTCSet                    
000061c3  HibernateRTCGet                    
000061c9  HibernateRTCMatchSet               
000061db  HibernateRTCMatchGet               
000061e9  HibernateRTCSSMatchSet             
000061fd  HibernateRTCSSMatchGet             
0000620d  HibernateRTCSSGet                  
00006217  HibernateRTCTrimSet                
00006227  HibernateRTCTrimGet                
0000622d  HibernateDataSet                   
00006263  HibernateDataGet                   
00006299  HibernateRequest                   
000062ab  HibernateIntEnable                 
000062bf  HibernateIntDisable                
000062f5  HibernateIntRegister               
00006315  HibernateIntUnregister             
0000632b  HibernateIntStatus                 
00006349  HibernateIntClear                  
0000635d  HibernateIsActive                  
0000636d  HibernateGPIORetentionEnable       
0000638d  HibernateGPIORetentionDisable      
000063a5  HibernateGPIORetentionGet          
000063bb  HibernateCounterMode               
00006513  HibernateCalendarSet               
00006529  HibernateCalendarGet               
000065c9  HibernateCalendarMatchSet          
000065f1  HibernateCalendarMatchGet          
00006699  HibernateTamperEventsConfig        
000066cb  HibernateTamperEnable              
000066f5  HibernateTamperDisable             
0000671b  HibernateTamperIOEnable            
00006771  HibernateTamperIODisable           
000067a1  HibernateTamperEventsClear         
000067d1  HibernateTamperEventsClearNoLock   
000067ed  HibernateTamperUnLock              
000067fb  HibernateTamperLock                
00006815  HibernateTamperStatusGet           
0000686f  HibernateTamperEventsGet           
000068dd  HibernateTamperExtOscRecover       
00006903  HibernateTamperExtOscValid         
0000699f  I2CMasterInitExpClk                
00006a11  I2CSlaveInit                       
00006a2b  I2CSlaveAddressSet                 
00006a69  I2CMasterEnable                    
00006a7f  I2CSlaveEnable                     
00006a9d  I2CMasterDisable                   
00006ab3  I2CSlaveDisable                    
00006ad1  I2CIntRegister                     
00006aef  I2CIntUnregister                   
00006b09  I2CMasterIntEnable                 
00006b19  I2CMasterIntEnableEx               
00006b31  I2CSlaveIntEnable                  
00006b49  I2CSlaveIntEnableEx                
00006b63  I2CMasterIntDisable                
00006b73  I2CMasterIntDisableEx              
00006b8b  I2CSlaveIntDisable                 
00006ba3  I2CSlaveIntDisableEx               
00006bbd  I2CMasterIntStatus                 
00006c11  I2CMasterIntStatusEx               
00006c35  I2CSlaveIntStatus                  
00006c7d  I2CSlaveIntStatusEx                
00006c9f  I2CMasterIntClear                  
00006cbd  I2CMasterIntClearEx                
00006ccf  I2CSlaveIntClear                   
00006ce1  I2CSlaveIntClearEx                 
00006cf5  I2CMasterSlaveAddrSet              
00006d17  I2CMasterLineStateGet              
00006d25  I2CMasterBusy                      
00006d3d  I2CMasterBusBusy                   
00006d55  I2CMasterControl                   
00006d67  I2CMasterErr                       
00006d93  I2CMasterDataPut                   
00006da9  I2CMasterDataGet                   
00006db7  I2CMasterTimeoutSet                
00006dc9  I2CSlaveACKOverride                
00006dfb  I2CSlaveACKValueSet                
00006e2d  I2CSlaveStatus                     
00006e3d  I2CSlaveDataPut                    
00006e55  I2CSlaveDataGet                    
00006e65  I2CTxFIFOConfigSet                 
00006e8d  I2CTxFIFOFlush                     
00006ea5  I2CRxFIFOConfigSet                 
00006ecd  I2CRxFIFOFlush                     
00006ee5  I2CFIFOStatus                      
00006ef5  I2CFIFODataPut                     
00006f17  I2CFIFODataPutNonBlocking          
00006f3f  I2CFIFODataGet                     
00006f59  I2CFIFODataGetNonBlocking          
00006f7f  I2CMasterBurstLengthSet            
00006f95  I2CMasterBurstCountGet             
00006fa3  I2CMasterGlitchFilterConfigSet     
00006ff1  I2CSlaveFIFOEnable                 
00007009  I2CSlaveFIFODisable                
0000701b  I2CLoopbackEnable                  
000070a3  UARTParityModeSet                  
000070bf  UARTParityModeGet                  
000070d1  UARTFIFOLevelSet                   
000070e9  UARTFIFOLevelGet                   
00007111  UARTConfigSetExpClk                
00007187  UARTConfigGetExpClk                
000071d3  UARTEnable                         
000071f7  UARTDisable                        
00007221  UARTFIFOEnable                     
00007237  UARTFIFODisable                    
0000724d  UARTEnableSIR                      
0000727b  UARTDisableSIR                     
00007291  UARTSmartCardEnable                
000072c3  UARTSmartCardDisable               
000072d9  UARTModemControlSet                
00007319  UARTModemControlClear              
0000733d  UARTModemControlGet                
0000734f  UARTModemStatusGet                 
00007363  UARTFlowControlSet                 
0000737f  UARTFlowControlGet                 
00007391  UARTTxIntModeSet                   
000073ad  UARTTxIntModeGet                   
000073bf  UARTCharsAvail                     
000073dd  UARTSpaceAvail                     
000073fb  UARTCharGetNonBlocking             
00007417  UARTCharGet                        
0000742d  UARTCharPutNonBlocking             
00007451  UARTCharPut                        
0000746f  UARTBreakCtl                       
00007499  UARTBusy                           
000074b7  UARTIntRegister                    
000074d9  UARTIntUnregister                  
000074f3  UARTIntEnable                      
0000750b  UARTIntDisable                     
00007523  UARTIntStatus                      
00007541  UARTIntClear                       
00007553  UARTDMAEnable                      
0000756b  UARTDMADisable                     
00007583  UARTRxErrorGet                     
00007595  UARTRxErrorClear                   
000075a5  UARTClockSourceSet                 
000075b9  UARTClockSourceGet                 
000075c9  UART9BitEnable                     
000075df  UART9BitDisable                    
000075f5  UART9BitAddrSet                    
0000761b  UART9BitAddrSend                   
00007663  UARTLoopbackEnable                 
00007679  xTimerCreateTimerTask              
000076a3  xTimerCreate                       
00007717  xTimerGenericCommand               
00007783  xTimerGetTimerDaemonTaskHandle     
00007789  xTimerGetPeriod                    
0000779b  xTimerGetExpiryTime                
000077b1  pcTimerGetName                     
00007b6d  xTimerIsTimerActive                
00007b99  pvTimerGetTimerID                  
00007bb3  vTimerSetTimerID                   
00007bcd  uxTimerGetTimerNumber              
00007bdb  vTimerSetTimerNumber               
00007c0b  IntMasterEnable                    
00007c1b  IntMasterDisable                   
00007c2b  IntRegister                        
00007c7d  IntUnregister                      
00007c91  IntPriorityGroupingSet             
00007cab  IntPriorityGroupingGet             
00007ce3  IntPrioritySet                     
00007d33  IntPriorityGet                     
00007d57  IntEnable                          
00007dc9  IntDisable                         
00007e3b  IntIsEnabled                       
00007ec1  IntPendSet                         
00007f31  IntPendClear                       
00007f7f  IntPriorityMaskSet                 
00007f8b  IntPriorityMaskGet                 
00007f93  IntTrigger                         
00007fc9  i2c_read                           
0000802b  i2c_readID                         
00008097  i2c_write                          
000080e7  i2c_setup                          
0000813f  i2c_BBGSetup                       
00008199  ReadDataBlock                      
00008257  i2c_BBGSend                        
00008281  i2c_BBGReceive                     
000082e5  pvPortMalloc                       
000083f5  vPortFree                          
0000844b  xPortGetFreeHeapSize               
00008451  xPortGetMinimumEverFreeHeapSize    
00008457  vPortInitialiseBlocks              
000085c1  UARTIntHandler                     
000085e1  ConfigureUART_terminal             
0000861b  ConfigureUART_BBG                  
00008663  BBGSend                            
00008733  BBGReceive                         
00008755  UART_TerminalSend                  
000087e5  pxPortInitialiseStack              
0000884f  xPortStartScheduler                
00008885  vPortEndScheduler                  
00008887  vPortEnterCritical                 
000088a7  vPortExitCritical                  
000088bd  xPortSysTickHandler                
000088e3  vPortSetupTimerInterrupt           
00008921  vListInitialise                    
00008951  vListInitialiseItem                
00008961  vListInsertEnd                     
0000899d  vListInsert                        
00008a03  uxListRemove                       
00008a4b  __mpu_init                         
00008a5d  ulPortGetIPSR                      
00008a75  xPortPendSVHandler                 
00008ad5  vPortSVCHandler                    
00008af5  vPortStartFirstTask                
00008b19  vPortEnableVFP                     
00008b27  __aeabi_memcpy                     
00008b27  __aeabi_memcpy4                    
00008b27  __aeabi_memcpy8                    
00008b27  memcpy                             
00008bc3  __aeabi_memclr                     
00008bc3  __aeabi_memclr4                    
00008bc3  __aeabi_memclr8                    
00008bc5  __aeabi_memset                     
00008bc5  __aeabi_memset4                    
00008bc5  __aeabi_memset8                    
00008bcb  memset                             
00008c3d  __TI_auto_init                     
00008cad  __TI_decompress_lzss               
00008d15  _c_int00                           
00008d69  C$$EXIT                            
00008d6d  abort                              
00008d75  exit                               
00008dbd  ltoa                               
00008e11  copy_in                            
00008e5d  CPUcpsid                           
00008e69  CPUprimask                         
00008e73  CPUcpsie                           
00008e7f  CPUwfi                             
00008e83  CPUbasepriSet                      
00008e91  CPUbasepriGet                      
00008e9b  _system_post_cinit                 
00008e9d  _args_main                         
00008eb5  _register_unlock                   
00008ebb  _register_lock                     
00008ec3  _nop                               
00008ec9  strlen                             
00008edd  __TI_decompress_none               
00008eeb  __TI_zero_init                     
00008ef7  ResetISR                           
00008f03  SysCtlDelay                        
00008f09  _system_pre_init                   
000095b0  ulMaxSyscallInterruptPriority      
000095d0  __TI_Handler_Table_Base            
000095dc  __TI_Handler_Table_Limit           
000095f0  __TI_CINIT_Base                    
00009608  __TI_CINIT_Limit                   
20000000  g_pfnRAMVectors                    
200078dc  gesture_data_                      
20007960  xQueueRegistry                     
20007a54  GestureTask                        
20007a58  HBGesture                          
20007a5c  HBRelay                            
20007a60  HeartBeatTask                      
20007a64  TermSem                            
20007a68  bbgReceiveTask                     
20007a6c  bbgSendSem                         
20007a70  bbgSocketSem                       
20007a74  g_ui32SysClock                     
20007a78  gesture_far_count_                 
20007a7c  gesture_lr_count_                  
20007a80  gesture_lr_delta_                  
20007a84  gesture_motion_                    
20007a88  gesture_near_count_                
20007a8c  gesture_state_                     
20007a90  gesture_ud_count_                  
20007a94  gesture_ud_delta_                  
20007a98  taskNotify1                        
20007a9c  int_status                         
20007a9d  uin8bbgSend                        
20007aa0  __stack                            
20007ca0  __STACK_END                        
20007ca0  __STACK_TOP                        
20007ca0  pxCurrentTCB                       
20007ce4  __TI_cleanup_ptr                   
20007ce8  __TI_dtors_ptr                     
20007cec  __TI_enable_exit_profile_output    
20007cfc  _lock                              
20007d00  _unlock                            
20007d08  main_func_sp                       
ffffffff  __TI_pprof_out_hndl                
ffffffff  __TI_prof_data_size                
ffffffff  __TI_prof_data_start               
ffffffff  __binit__                          
ffffffff  __c_args__                         
ffffffff  binit                              
UNDEFED   SHT$$INIT_ARRAY$$Base              
UNDEFED   SHT$$INIT_ARRAY$$Limit             

[525 symbols]
