<?xml version="1.0"?>
<link_info>
   <banner>TI ARM Linker PC v16.9.4.LTS</banner>
   <copyright>Copyright (c) 1996-2017 Texas Instruments Incorporated</copyright>
   <link_time>0x5ae2d8ec</link_time>
   <link_errors>0x0</link_errors>
   <output_file>Gesture_sensor.out</output_file>
   <entry_point>
      <name>_c_int00</name>
      <address>0x5e65</address>
   </entry_point>
   <input_file_list>
      <input_file id="fl-2">
         <path>.\</path>
         <kind>object</kind>
         <file>epi_workaround_ccs.obj</file>
         <name>epi_workaround_ccs.obj</name>
      </input_file>
      <input_file id="fl-3">
         <path>.\</path>
         <kind>object</kind>
         <file>tm4c1294ncpdt_startup_ccs.obj</file>
         <name>tm4c1294ncpdt_startup_ccs.obj</name>
      </input_file>
      <input_file id="fl-4">
         <path>.\Source\portable\CCS\ARM_CM4F\</path>
         <kind>object</kind>
         <file>port.obj</file>
         <name>port.obj</name>
      </input_file>
      <input_file id="fl-5">
         <path>.\Source\portable\CCS\ARM_CM4F\</path>
         <kind>object</kind>
         <file>portasm.obj</file>
         <name>portasm.obj</name>
      </input_file>
      <input_file id="fl-6">
         <path>.\Source\portable\Common\</path>
         <kind>object</kind>
         <file>mpu_wrappers.obj</file>
         <name>mpu_wrappers.obj</name>
      </input_file>
      <input_file id="fl-7">
         <path>.\Source\portable\MemMang\</path>
         <kind>object</kind>
         <file>heap_4.obj</file>
         <name>heap_4.obj</name>
      </input_file>
      <input_file id="fl-8">
         <path>.\driverlib\</path>
         <kind>object</kind>
         <file>adc.obj</file>
         <name>adc.obj</name>
      </input_file>
      <input_file id="fl-9">
         <path>.\driverlib\</path>
         <kind>object</kind>
         <file>aes.obj</file>
         <name>aes.obj</name>
      </input_file>
      <input_file id="fl-a">
         <path>.\driverlib\</path>
         <kind>object</kind>
         <file>can.obj</file>
         <name>can.obj</name>
      </input_file>
      <input_file id="fl-b">
         <path>.\driverlib\</path>
         <kind>object</kind>
         <file>comp.obj</file>
         <name>comp.obj</name>
      </input_file>
      <input_file id="fl-c">
         <path>.\driverlib\</path>
         <kind>object</kind>
         <file>cpu.obj</file>
         <name>cpu.obj</name>
      </input_file>
      <input_file id="fl-d">
         <path>.\driverlib\</path>
         <kind>object</kind>
         <file>crc.obj</file>
         <name>crc.obj</name>
      </input_file>
      <input_file id="fl-e">
         <path>.\driverlib\</path>
         <kind>object</kind>
         <file>des.obj</file>
         <name>des.obj</name>
      </input_file>
      <input_file id="fl-f">
         <path>.\driverlib\</path>
         <kind>object</kind>
         <file>eeprom.obj</file>
         <name>eeprom.obj</name>
      </input_file>
      <input_file id="fl-10">
         <path>.\driverlib\</path>
         <kind>object</kind>
         <file>emac.obj</file>
         <name>emac.obj</name>
      </input_file>
      <input_file id="fl-11">
         <path>.\driverlib\</path>
         <kind>object</kind>
         <file>epi.obj</file>
         <name>epi.obj</name>
      </input_file>
      <input_file id="fl-12">
         <path>.\driverlib\</path>
         <kind>object</kind>
         <file>flash.obj</file>
         <name>flash.obj</name>
      </input_file>
      <input_file id="fl-13">
         <path>.\driverlib\</path>
         <kind>object</kind>
         <file>fpu.obj</file>
         <name>fpu.obj</name>
      </input_file>
      <input_file id="fl-14">
         <path>.\driverlib\</path>
         <kind>object</kind>
         <file>gpio.obj</file>
         <name>gpio.obj</name>
      </input_file>
      <input_file id="fl-15">
         <path>.\driverlib\</path>
         <kind>object</kind>
         <file>hibernate.obj</file>
         <name>hibernate.obj</name>
      </input_file>
      <input_file id="fl-16">
         <path>.\driverlib\</path>
         <kind>object</kind>
         <file>i2c.obj</file>
         <name>i2c.obj</name>
      </input_file>
      <input_file id="fl-17">
         <path>.\driverlib\</path>
         <kind>object</kind>
         <file>interrupt.obj</file>
         <name>interrupt.obj</name>
      </input_file>
      <input_file id="fl-18">
         <path>.\driverlib\</path>
         <kind>object</kind>
         <file>lcd.obj</file>
         <name>lcd.obj</name>
      </input_file>
      <input_file id="fl-19">
         <path>.\driverlib\</path>
         <kind>object</kind>
         <file>mpu.obj</file>
         <name>mpu.obj</name>
      </input_file>
      <input_file id="fl-1a">
         <path>.\driverlib\</path>
         <kind>object</kind>
         <file>onewire.obj</file>
         <name>onewire.obj</name>
      </input_file>
      <input_file id="fl-1b">
         <path>.\driverlib\</path>
         <kind>object</kind>
         <file>pwm.obj</file>
         <name>pwm.obj</name>
      </input_file>
      <input_file id="fl-1c">
         <path>.\driverlib\</path>
         <kind>object</kind>
         <file>qei.obj</file>
         <name>qei.obj</name>
      </input_file>
      <input_file id="fl-1d">
         <path>.\driverlib\</path>
         <kind>object</kind>
         <file>shamd5.obj</file>
         <name>shamd5.obj</name>
      </input_file>
      <input_file id="fl-1e">
         <path>.\driverlib\</path>
         <kind>object</kind>
         <file>ssi.obj</file>
         <name>ssi.obj</name>
      </input_file>
      <input_file id="fl-1f">
         <path>.\driverlib\</path>
         <kind>object</kind>
         <file>sw_crc.obj</file>
         <name>sw_crc.obj</name>
      </input_file>
      <input_file id="fl-20">
         <path>.\driverlib\</path>
         <kind>object</kind>
         <file>sysctl.obj</file>
         <name>sysctl.obj</name>
      </input_file>
      <input_file id="fl-21">
         <path>.\driverlib\</path>
         <kind>object</kind>
         <file>sysexc.obj</file>
         <name>sysexc.obj</name>
      </input_file>
      <input_file id="fl-22">
         <path>.\driverlib\</path>
         <kind>object</kind>
         <file>systick.obj</file>
         <name>systick.obj</name>
      </input_file>
      <input_file id="fl-23">
         <path>.\driverlib\</path>
         <kind>object</kind>
         <file>timer.obj</file>
         <name>timer.obj</name>
      </input_file>
      <input_file id="fl-24">
         <path>.\driverlib\</path>
         <kind>object</kind>
         <file>uart.obj</file>
         <name>uart.obj</name>
      </input_file>
      <input_file id="fl-25">
         <path>.\driverlib\</path>
         <kind>object</kind>
         <file>udma.obj</file>
         <name>udma.obj</name>
      </input_file>
      <input_file id="fl-26">
         <path>.\driverlib\</path>
         <kind>object</kind>
         <file>usb.obj</file>
         <name>usb.obj</name>
      </input_file>
      <input_file id="fl-27">
         <path>.\driverlib\</path>
         <kind>object</kind>
         <file>watchdog.obj</file>
         <name>watchdog.obj</name>
      </input_file>
      <input_file id="fl-28">
         <path>.\src\</path>
         <kind>object</kind>
         <file>gesture_sensor.obj</file>
         <name>gesture_sensor.obj</name>
      </input_file>
      <input_file id="fl-29">
         <path>.\src\</path>
         <kind>object</kind>
         <file>i2c_comm.obj</file>
         <name>i2c_comm.obj</name>
      </input_file>
      <input_file id="fl-2a">
         <path>.\src\</path>
         <kind>object</kind>
         <file>main.obj</file>
         <name>main.obj</name>
      </input_file>
      <input_file id="fl-2b">
         <path>.\src\</path>
         <kind>object</kind>
         <file>uart_comm.obj</file>
         <name>uart_comm.obj</name>
      </input_file>
      <input_file id="fl-33">
         <kind>object</kind>
         <file>&lt;internal&gt;</file>
         <name>&lt;internal&gt;</name>
      </input_file>
      <input_file id="fl-e9">
         <path>C:\ti\ccsv7\tools\compiler\ti-cgt-arm_16.9.4.LTS\lib\</path>
         <kind>archive</kind>
         <file>rtsv7M4_T_le_v4SPD16_eabi.lib</file>
         <name>boot.obj</name>
      </input_file>
      <input_file id="fl-ea">
         <path>C:\ti\ccsv7\tools\compiler\ti-cgt-arm_16.9.4.LTS\lib\</path>
         <kind>archive</kind>
         <file>rtsv7M4_T_le_v4SPD16_eabi.lib</file>
         <name>copy_decompress_lzss.obj</name>
      </input_file>
      <input_file id="fl-eb">
         <path>C:\ti\ccsv7\tools\compiler\ti-cgt-arm_16.9.4.LTS\lib\</path>
         <kind>archive</kind>
         <file>rtsv7M4_T_le_v4SPD16_eabi.lib</file>
         <name>copy_decompress_none.obj</name>
      </input_file>
      <input_file id="fl-ec">
         <path>C:\ti\ccsv7\tools\compiler\ti-cgt-arm_16.9.4.LTS\lib\</path>
         <kind>archive</kind>
         <file>rtsv7M4_T_le_v4SPD16_eabi.lib</file>
         <name>copy_zero_init.obj</name>
      </input_file>
      <input_file id="fl-ed">
         <path>C:\ti\ccsv7\tools\compiler\ti-cgt-arm_16.9.4.LTS\lib\</path>
         <kind>archive</kind>
         <file>rtsv7M4_T_le_v4SPD16_eabi.lib</file>
         <name>exit.obj</name>
      </input_file>
      <input_file id="fl-ee">
         <path>C:\ti\ccsv7\tools\compiler\ti-cgt-arm_16.9.4.LTS\lib\</path>
         <kind>archive</kind>
         <file>rtsv7M4_T_le_v4SPD16_eabi.lib</file>
         <name>memcpy_t2.obj</name>
      </input_file>
      <input_file id="fl-ef">
         <path>C:\ti\ccsv7\tools\compiler\ti-cgt-arm_16.9.4.LTS\lib\</path>
         <kind>archive</kind>
         <file>rtsv7M4_T_le_v4SPD16_eabi.lib</file>
         <name>memset_t2.obj</name>
      </input_file>
      <input_file id="fl-f0">
         <path>C:\ti\ccsv7\tools\compiler\ti-cgt-arm_16.9.4.LTS\lib\</path>
         <kind>archive</kind>
         <file>rtsv7M4_T_le_v4SPD16_eabi.lib</file>
         <name>mpu_init.obj</name>
      </input_file>
      <input_file id="fl-f1">
         <path>C:\ti\ccsv7\tools\compiler\ti-cgt-arm_16.9.4.LTS\lib\</path>
         <kind>archive</kind>
         <file>rtsv7M4_T_le_v4SPD16_eabi.lib</file>
         <name>pre_init.obj</name>
      </input_file>
      <input_file id="fl-f2">
         <path>C:\ti\ccsv7\tools\compiler\ti-cgt-arm_16.9.4.LTS\lib\</path>
         <kind>archive</kind>
         <file>rtsv7M4_T_le_v4SPD16_eabi.lib</file>
         <name>sprintf.obj</name>
      </input_file>
      <input_file id="fl-f3">
         <path>C:\ti\ccsv7\tools\compiler\ti-cgt-arm_16.9.4.LTS\lib\</path>
         <kind>archive</kind>
         <file>rtsv7M4_T_le_v4SPD16_eabi.lib</file>
         <name>stkdepth_vars.obj</name>
      </input_file>
      <input_file id="fl-f4">
         <path>C:\ti\ccsv7\tools\compiler\ti-cgt-arm_16.9.4.LTS\lib\</path>
         <kind>archive</kind>
         <file>rtsv7M4_T_le_v4SPD16_eabi.lib</file>
         <name>strlen.obj</name>
      </input_file>
      <input_file id="fl-f5">
         <path>C:\ti\ccsv7\tools\compiler\ti-cgt-arm_16.9.4.LTS\lib\</path>
         <kind>archive</kind>
         <file>rtsv7M4_T_le_v4SPD16_eabi.lib</file>
         <name>_lock.obj</name>
      </input_file>
      <input_file id="fl-f6">
         <path>C:\ti\ccsv7\tools\compiler\ti-cgt-arm_16.9.4.LTS\lib\</path>
         <kind>archive</kind>
         <file>rtsv7M4_T_le_v4SPD16_eabi.lib</file>
         <name>_printfi.obj</name>
      </input_file>
      <input_file id="fl-f7">
         <path>C:\ti\ccsv7\tools\compiler\ti-cgt-arm_16.9.4.LTS\lib\</path>
         <kind>archive</kind>
         <file>rtsv7M4_T_le_v4SPD16_eabi.lib</file>
         <name>args_main.obj</name>
      </input_file>
      <input_file id="fl-f8">
         <path>C:\ti\ccsv7\tools\compiler\ti-cgt-arm_16.9.4.LTS\lib\</path>
         <kind>archive</kind>
         <file>rtsv7M4_T_le_v4SPD16_eabi.lib</file>
         <name>atoi.obj</name>
      </input_file>
      <input_file id="fl-f9">
         <path>C:\ti\ccsv7\tools\compiler\ti-cgt-arm_16.9.4.LTS\lib\</path>
         <kind>archive</kind>
         <file>rtsv7M4_T_le_v4SPD16_eabi.lib</file>
         <name>autoinit.obj</name>
      </input_file>
      <input_file id="fl-fa">
         <path>C:\ti\ccsv7\tools\compiler\ti-cgt-arm_16.9.4.LTS\lib\</path>
         <kind>archive</kind>
         <file>rtsv7M4_T_le_v4SPD16_eabi.lib</file>
         <name>cpy_tbl.obj</name>
      </input_file>
      <input_file id="fl-fb">
         <path>C:\ti\ccsv7\tools\compiler\ti-cgt-arm_16.9.4.LTS\lib\</path>
         <kind>archive</kind>
         <file>rtsv7M4_T_le_v4SPD16_eabi.lib</file>
         <name>ctype.obj</name>
      </input_file>
      <input_file id="fl-fc">
         <path>C:\ti\ccsv7\tools\compiler\ti-cgt-arm_16.9.4.LTS\lib\</path>
         <kind>archive</kind>
         <file>rtsv7M4_T_le_v4SPD16_eabi.lib</file>
         <name>fd_add_t2.obj</name>
      </input_file>
      <input_file id="fl-fd">
         <path>C:\ti\ccsv7\tools\compiler\ti-cgt-arm_16.9.4.LTS\lib\</path>
         <kind>archive</kind>
         <file>rtsv7M4_T_le_v4SPD16_eabi.lib</file>
         <name>fd_cmp_t2.obj</name>
      </input_file>
      <input_file id="fl-fe">
         <path>C:\ti\ccsv7\tools\compiler\ti-cgt-arm_16.9.4.LTS\lib\</path>
         <kind>archive</kind>
         <file>rtsv7M4_T_le_v4SPD16_eabi.lib</file>
         <name>fd_div_t2.obj</name>
      </input_file>
      <input_file id="fl-ff">
         <path>C:\ti\ccsv7\tools\compiler\ti-cgt-arm_16.9.4.LTS\lib\</path>
         <kind>archive</kind>
         <file>rtsv7M4_T_le_v4SPD16_eabi.lib</file>
         <name>fd_mul_t2.obj</name>
      </input_file>
      <input_file id="fl-100">
         <path>C:\ti\ccsv7\tools\compiler\ti-cgt-arm_16.9.4.LTS\lib\</path>
         <kind>archive</kind>
         <file>rtsv7M4_T_le_v4SPD16_eabi.lib</file>
         <name>fd_toi_t2.obj</name>
      </input_file>
      <input_file id="fl-101">
         <path>C:\ti\ccsv7\tools\compiler\ti-cgt-arm_16.9.4.LTS\lib\</path>
         <kind>archive</kind>
         <file>rtsv7M4_T_le_v4SPD16_eabi.lib</file>
         <name>i_tofd_t2.obj</name>
      </input_file>
      <input_file id="fl-102">
         <path>C:\ti\ccsv7\tools\compiler\ti-cgt-arm_16.9.4.LTS\lib\</path>
         <kind>archive</kind>
         <file>rtsv7M4_T_le_v4SPD16_eabi.lib</file>
         <name>ltoa.obj</name>
      </input_file>
      <input_file id="fl-103">
         <path>C:\ti\ccsv7\tools\compiler\ti-cgt-arm_16.9.4.LTS\lib\</path>
         <kind>archive</kind>
         <file>rtsv7M4_T_le_v4SPD16_eabi.lib</file>
         <name>memccpy.obj</name>
      </input_file>
      <input_file id="fl-104">
         <path>C:\ti\ccsv7\tools\compiler\ti-cgt-arm_16.9.4.LTS\lib\</path>
         <kind>archive</kind>
         <file>rtsv7M4_T_le_v4SPD16_eabi.lib</file>
         <name>s_frexp.obj</name>
      </input_file>
      <input_file id="fl-105">
         <path>C:\ti\ccsv7\tools\compiler\ti-cgt-arm_16.9.4.LTS\lib\</path>
         <kind>archive</kind>
         <file>rtsv7M4_T_le_v4SPD16_eabi.lib</file>
         <name>s_scalbn.obj</name>
      </input_file>
      <input_file id="fl-106">
         <path>C:\ti\ccsv7\tools\compiler\ti-cgt-arm_16.9.4.LTS\lib\</path>
         <kind>archive</kind>
         <file>rtsv7M4_T_le_v4SPD16_eabi.lib</file>
         <name>startup.obj</name>
      </input_file>
      <input_file id="fl-107">
         <path>C:\ti\ccsv7\tools\compiler\ti-cgt-arm_16.9.4.LTS\lib\</path>
         <kind>archive</kind>
         <file>rtsv7M4_T_le_v4SPD16_eabi.lib</file>
         <name>strchr.obj</name>
      </input_file>
      <input_file id="fl-108">
         <path>C:\ti\ccsv7\tools\compiler\ti-cgt-arm_16.9.4.LTS\lib\</path>
         <kind>archive</kind>
         <file>rtsv7M4_T_le_v4SPD16_eabi.lib</file>
         <name>ull_div_t2.obj</name>
      </input_file>
      <input_file id="fl-109">
         <path>C:\ti\ccsv7\tools\compiler\ti-cgt-arm_16.9.4.LTS\lib\</path>
         <kind>archive</kind>
         <file>rtsv7M4_T_le_v4SPD16_eabi.lib</file>
         <name>errno.obj</name>
      </input_file>
      <input_file id="fl-10a">
         <path>C:\ti\ccsv7\tools\compiler\ti-cgt-arm_16.9.4.LTS\lib\</path>
         <kind>archive</kind>
         <file>rtsv7M4_T_le_v4SPD16_eabi.lib</file>
         <name>s_copysign.obj</name>
      </input_file>
   </input_file_list>
   <object_component_list>
      <object_component id="oc-f">
         <name>.intvecs</name>
         <load_address>0x0</load_address>
         <run_address>0x0</run_address>
         <size>0x208</size>
         <input_file_ref idref="fl-3"/>
      </object_component>
      <object_component id="oc-12b">
         <name>.text</name>
         <load_address>0x208</load_address>
         <run_address>0x208</run_address>
         <size>0x113e</size>
         <input_file_ref idref="fl-f6"/>
      </object_component>
      <object_component id="oc-63">
         <name>.text</name>
         <load_address>0x1346</load_address>
         <run_address>0x1346</run_address>
         <size>0x2</size>
         <input_file_ref idref="fl-f0"/>
      </object_component>
      <object_component id="oc-8c">
         <name>.text</name>
         <load_address>0x1348</load_address>
         <run_address>0x1348</run_address>
         <size>0xf88</size>
         <input_file_ref idref="fl-20"/>
      </object_component>
      <object_component id="oc-9e">
         <name>.text</name>
         <load_address>0x22d0</load_address>
         <run_address>0x22d0</run_address>
         <size>0xf48</size>
         <input_file_ref idref="fl-28"/>
      </object_component>
      <object_component id="oc-86">
         <name>.text</name>
         <load_address>0x3218</load_address>
         <run_address>0x3218</run_address>
         <size>0xba0</size>
         <input_file_ref idref="fl-14"/>
      </object_component>
      <object_component id="oc-123">
         <name>.text</name>
         <load_address>0x3db8</load_address>
         <run_address>0x3db8</run_address>
         <size>0x704</size>
         <input_file_ref idref="fl-16"/>
      </object_component>
      <object_component id="oc-b8">
         <name>.text</name>
         <load_address>0x44bc</load_address>
         <run_address>0x44bc</run_address>
         <size>0x638</size>
         <input_file_ref idref="fl-24"/>
      </object_component>
      <object_component id="oc-be">
         <name>.text</name>
         <load_address>0x4af4</load_address>
         <run_address>0x4af4</run_address>
         <size>0x3c0</size>
         <input_file_ref idref="fl-17"/>
      </object_component>
      <object_component id="oc-1c4">
         <name>.text</name>
         <load_address>0x4eb4</load_address>
         <run_address>0x4eb4</run_address>
         <size>0x1f4</size>
         <input_file_ref idref="fl-108"/>
      </object_component>
      <object_component id="oc-92">
         <name>.text</name>
         <load_address>0x50a8</load_address>
         <run_address>0x50a8</run_address>
         <size>0x1e4</size>
         <input_file_ref idref="fl-29"/>
      </object_component>
      <object_component id="oc-31">
         <name>.text</name>
         <load_address>0x528c</load_address>
         <run_address>0x528c</run_address>
         <size>0x1b8</size>
         <input_file_ref idref="fl-2a"/>
      </object_component>
      <object_component id="oc-1ed">
         <name>.text</name>
         <load_address>0x5444</load_address>
         <run_address>0x5444</run_address>
         <size>0x1b6</size>
         <input_file_ref idref="fl-fc"/>
      </object_component>
      <object_component id="oc-ec">
         <name>.text</name>
         <load_address>0x55fa</load_address>
         <run_address>0x55fa</run_address>
         <size>0x2</size>
         <input_file_ref idref="fl-106"/>
      </object_component>
      <object_component id="oc-37">
         <name>.text</name>
         <load_address>0x55fc</load_address>
         <run_address>0x55fc</run_address>
         <size>0x178</size>
         <input_file_ref idref="fl-2b"/>
      </object_component>
      <object_component id="oc-1d3">
         <name>.text</name>
         <load_address>0x5774</load_address>
         <run_address>0x5774</run_address>
         <size>0x136</size>
         <input_file_ref idref="fl-fe"/>
      </object_component>
      <object_component id="oc-1ce">
         <name>.text</name>
         <load_address>0x58aa</load_address>
         <run_address>0x58aa</run_address>
         <size>0xfc</size>
         <input_file_ref idref="fl-ff"/>
      </object_component>
      <object_component id="oc-1f8">
         <name>.text</name>
         <load_address>0x59a8</load_address>
         <run_address>0x59a8</run_address>
         <size>0xfc</size>
         <input_file_ref idref="fl-105"/>
      </object_component>
      <object_component id="oc-4b">
         <name>.text</name>
         <load_address>0x5aa4</load_address>
         <run_address>0x5aa4</run_address>
         <size>0x9c</size>
         <input_file_ref idref="fl-ee"/>
      </object_component>
      <object_component id="oc-1c9">
         <name>.text:__aeabi_cdcmple</name>
         <load_address>0x5b40</load_address>
         <run_address>0x5b40</run_address>
         <size>0x86</size>
         <input_file_ref idref="fl-fd"/>
      </object_component>
      <object_component id="oc-1d8">
         <name>.text:__aeabi_cdrcmple</name>
         <load_address>0x5bc6</load_address>
         <run_address>0x5bc6</run_address>
         <size>0x86</size>
         <input_file_ref idref="fl-fd"/>
      </object_component>
      <object_component id="oc-57">
         <name>.text</name>
         <load_address>0x5c4c</load_address>
         <run_address>0x5c4c</run_address>
         <size>0x7a</size>
         <input_file_ref idref="fl-ef"/>
      </object_component>
      <object_component id="oc-6f">
         <name>.text</name>
         <load_address>0x5cc8</load_address>
         <run_address>0x5cc8</run_address>
         <size>0x70</size>
         <input_file_ref idref="fl-f9"/>
      </object_component>
      <object_component id="oc-12">
         <name>.text:decompress:lzss</name>
         <load_address>0x5d38</load_address>
         <run_address>0x5d38</run_address>
         <size>0x68</size>
         <input_file_ref idref="fl-ea"/>
      </object_component>
      <object_component id="oc-1f2">
         <name>.text</name>
         <load_address>0x5da0</load_address>
         <run_address>0x5da0</run_address>
         <size>0x64</size>
         <input_file_ref idref="fl-104"/>
      </object_component>
      <object_component id="oc-98">
         <name>.text</name>
         <load_address>0x5e04</load_address>
         <run_address>0x5e04</run_address>
         <size>0x60</size>
         <input_file_ref idref="fl-f2"/>
      </object_component>
      <object_component id="oc-24">
         <name>.text</name>
         <load_address>0x5e64</load_address>
         <run_address>0x5e64</run_address>
         <size>0x54</size>
         <input_file_ref idref="fl-e9"/>
      </object_component>
      <object_component id="oc-7b">
         <name>.text</name>
         <load_address>0x5eb8</load_address>
         <run_address>0x5eb8</run_address>
         <size>0x54</size>
         <input_file_ref idref="fl-ed"/>
      </object_component>
      <object_component id="oc-1e2">
         <name>.text</name>
         <load_address>0x5f0c</load_address>
         <run_address>0x5f0c</run_address>
         <size>0x54</size>
         <input_file_ref idref="fl-102"/>
      </object_component>
      <object_component id="oc-204">
         <name>.text</name>
         <load_address>0x5f60</load_address>
         <run_address>0x5f60</run_address>
         <size>0x4c</size>
         <input_file_ref idref="fl-f8"/>
      </object_component>
      <object_component id="oc-e6">
         <name>.text</name>
         <load_address>0x5fac</load_address>
         <run_address>0x5fac</run_address>
         <size>0x4c</size>
         <input_file_ref idref="fl-fa"/>
      </object_component>
      <object_component id="oc-1dd">
         <name>.text</name>
         <load_address>0x5ff8</load_address>
         <run_address>0x5ff8</run_address>
         <size>0x48</size>
         <input_file_ref idref="fl-100"/>
      </object_component>
      <object_component id="oc-112">
         <name>.text</name>
         <load_address>0x6040</load_address>
         <run_address>0x6040</run_address>
         <size>0x3e</size>
         <input_file_ref idref="fl-c"/>
      </object_component>
      <object_component id="oc-1e8">
         <name>.text</name>
         <load_address>0x607e</load_address>
         <run_address>0x607e</run_address>
         <size>0x2e</size>
         <input_file_ref idref="fl-101"/>
      </object_component>
      <object_component id="oc-20a">
         <name>.text</name>
         <load_address>0x60ac</load_address>
         <run_address>0x60ac</run_address>
         <size>0x1c</size>
         <input_file_ref idref="fl-103"/>
      </object_component>
      <object_component id="oc-75">
         <name>.text</name>
         <load_address>0x60c8</load_address>
         <run_address>0x60c8</run_address>
         <size>0x18</size>
         <input_file_ref idref="fl-f7"/>
      </object_component>
      <object_component id="oc-1fe">
         <name>.text</name>
         <load_address>0x60e0</load_address>
         <run_address>0x60e0</run_address>
         <size>0x16</size>
         <input_file_ref idref="fl-107"/>
      </object_component>
      <object_component id="oc-192">
         <name>.text</name>
         <load_address>0x60f8</load_address>
         <run_address>0x60f8</run_address>
         <size>0x14</size>
         <input_file_ref idref="fl-f5"/>
      </object_component>
      <object_component id="oc-267">
         <name>.text</name>
         <load_address>0x610c</load_address>
         <run_address>0x610c</run_address>
         <size>0x14</size>
         <input_file_ref idref="fl-10a"/>
      </object_component>
      <object_component id="oc-c4">
         <name>.text</name>
         <load_address>0x6120</load_address>
         <run_address>0x6120</run_address>
         <size>0x14</size>
         <input_file_ref idref="fl-f4"/>
      </object_component>
      <object_component id="oc-18">
         <name>.text:decompress:none</name>
         <load_address>0x6134</load_address>
         <run_address>0x6134</run_address>
         <size>0xe</size>
         <input_file_ref idref="fl-eb"/>
      </object_component>
      <object_component id="oc-1e">
         <name>.text:decompress:ZI</name>
         <load_address>0x6142</load_address>
         <run_address>0x6142</run_address>
         <size>0xc</size>
         <input_file_ref idref="fl-ec"/>
      </object_component>
      <object_component id="oc-2b">
         <name>.text</name>
         <load_address>0x614e</load_address>
         <run_address>0x614e</run_address>
         <size>0xc</size>
         <input_file_ref idref="fl-3"/>
      </object_component>
      <object_component id="oc-a4">
         <name>.text:SysCtlDelay</name>
         <load_address>0x615a</load_address>
         <run_address>0x615a</run_address>
         <size>0x6</size>
         <input_file_ref idref="fl-20"/>
      </object_component>
      <object_component id="oc-69">
         <name>.text</name>
         <load_address>0x6160</load_address>
         <run_address>0x6160</run_address>
         <size>0x4</size>
         <input_file_ref idref="fl-f1"/>
      </object_component>
      <object_component id="oc-11e">
         <name>.const:g_pppui32XTALtoVCO</name>
         <load_address>0x6164</load_address>
         <run_address>0x6164</run_address>
         <size>0x1b0</size>
         <input_file_ref idref="fl-20"/>
      </object_component>
      <object_component id="oc-274">
         <name>.const:.string:_ctypes_</name>
         <load_address>0x6314</load_address>
         <run_address>0x6314</run_address>
         <size>0x101</size>
         <input_file_ref idref="fl-fb"/>
      </object_component>
      <object_component id="oc-107">
         <name>.const:g_ppui32GPIOIntMapSnowflake</name>
         <load_address>0x6418</load_address>
         <run_address>0x6418</run_address>
         <size>0xd8</size>
         <input_file_ref idref="fl-14"/>
      </object_component>
      <object_component id="oc-101">
         <name>.const:g_ppui32GPIOIntMapBlizzard</name>
         <load_address>0x64f0</load_address>
         <run_address>0x64f0</run_address>
         <size>0xc0</size>
         <input_file_ref idref="fl-14"/>
      </object_component>
      <object_component id="oc-163">
         <name>.const:g_pui32Regs</name>
         <load_address>0x65b0</load_address>
         <run_address>0x65b0</run_address>
         <size>0x9c</size>
         <input_file_ref idref="fl-17"/>
      </object_component>
      <object_component id="oc-10a">
         <name>.const:g_pui32GPIOBaseAddrs</name>
         <load_address>0x664c</load_address>
         <run_address>0x664c</run_address>
         <size>0x90</size>
         <input_file_ref idref="fl-14"/>
      </object_component>
      <object_component id="oc-118">
         <name>.const:g_pui32Xtals</name>
         <load_address>0x66dc</load_address>
         <run_address>0x66dc</run_address>
         <size>0x6c</size>
         <input_file_ref idref="fl-20"/>
      </object_component>
      <object_component id="oc-1bd">
         <name>.const:g_ppui32I2CIntMapSnowflake</name>
         <load_address>0x6748</load_address>
         <run_address>0x6748</run_address>
         <size>0x50</size>
         <input_file_ref idref="fl-16"/>
      </object_component>
      <object_component id="oc-152">
         <name>.const:g_ppui32UARTIntMap</name>
         <load_address>0x6798</load_address>
         <run_address>0x6798</run_address>
         <size>0x40</size>
         <input_file_ref idref="fl-24"/>
      </object_component>
      <object_component id="oc-158">
         <name>.const:g_ppui32UARTIntMapSnowflake</name>
         <load_address>0x67d8</load_address>
         <run_address>0x67d8</run_address>
         <size>0x40</size>
         <input_file_ref idref="fl-24"/>
      </object_component>
      <object_component id="oc-1b7">
         <name>.const:g_ppui32I2CIntMap</name>
         <load_address>0x6818</load_address>
         <run_address>0x6818</run_address>
         <size>0x30</size>
         <input_file_ref idref="fl-16"/>
      </object_component>
      <object_component id="oc-10f">
         <name>.const:g_sXTALtoMEMTIM</name>
         <load_address>0x6848</load_address>
         <run_address>0x6848</run_address>
         <size>0x30</size>
         <input_file_ref idref="fl-20"/>
      </object_component>
      <object_component id="oc-160">
         <name>.const:g_pui32Priority</name>
         <load_address>0x6878</load_address>
         <run_address>0x6878</run_address>
         <size>0x20</size>
         <input_file_ref idref="fl-17"/>
      </object_component>
      <object_component id="oc-a8">
         <name>.const:.string:$P$T0$1</name>
         <load_address>0x6898</load_address>
         <run_address>0x6898</run_address>
         <size>0x1b</size>
         <input_file_ref idref="fl-2a"/>
      </object_component>
      <object_component id="oc-169">
         <name>.const:g_pui32Dii16Regs</name>
         <load_address>0x68b4</load_address>
         <run_address>0x68b4</run_address>
         <size>0x14</size>
         <input_file_ref idref="fl-17"/>
      </object_component>
      <object_component id="oc-166">
         <name>.const:g_pui32EnRegs</name>
         <load_address>0x68c8</load_address>
         <run_address>0x68c8</run_address>
         <size>0x14</size>
         <input_file_ref idref="fl-17"/>
      </object_component>
      <object_component id="oc-16c">
         <name>.const:g_pui32PendRegs</name>
         <load_address>0x68dc</load_address>
         <run_address>0x68dc</run_address>
         <size>0x14</size>
         <input_file_ref idref="fl-17"/>
      </object_component>
      <object_component id="oc-16f">
         <name>.const:g_pui32UnpendRegs</name>
         <load_address>0x68f0</load_address>
         <run_address>0x68f0</run_address>
         <size>0x14</size>
         <input_file_ref idref="fl-17"/>
      </object_component>
      <object_component id="oc-11b">
         <name>.const:g_pui32VCOFrequencies</name>
         <load_address>0x6904</load_address>
         <run_address>0x6904</run_address>
         <size>0x8</size>
         <input_file_ref idref="fl-20"/>
      </object_component>
      <object_component id="oc-104">
         <name>.const</name>
         <load_address>0x690c</load_address>
         <run_address>0x690c</run_address>
         <size>0x8</size>
         <input_file_ref idref="fl-14"/>
      </object_component>
      <object_component id="oc-1ba">
         <name>.const</name>
         <load_address>0x6914</load_address>
         <run_address>0x6914</run_address>
         <size>0x8</size>
         <input_file_ref idref="fl-16"/>
      </object_component>
      <object_component id="oc-155">
         <name>.const</name>
         <load_address>0x691c</load_address>
         <run_address>0x691c</run_address>
         <size>0x8</size>
         <input_file_ref idref="fl-24"/>
      </object_component>
      <object_component id="oc-2b8">
         <name>.cinit..data.load</name>
         <load_address>0x6928</load_address>
         <run_address>0x6928</run_address>
         <size>0x11</size>
      </object_component>
      <object_component id="oc-2b5">
         <name>__TI_handler_table</name>
         <load_address>0x693c</load_address>
         <run_address>0x693c</run_address>
         <size>0xc</size>
      </object_component>
      <object_component id="oc-2b9">
         <name>.cinit..bss.load</name>
         <load_address>0x6948</load_address>
         <run_address>0x6948</run_address>
         <size>0x8</size>
      </object_component>
      <object_component id="oc-2b7">
         <name>.cinit..vtable.load</name>
         <load_address>0x6950</load_address>
         <run_address>0x6950</run_address>
         <size>0x8</size>
      </object_component>
      <object_component id="oc-2b6">
         <name>__TI_cinit_table</name>
         <load_address>0x6958</load_address>
         <run_address>0x6958</run_address>
         <size>0x18</size>
      </object_component>
      <object_component id="oc-15d">
         <name>.vtable</name>
         <uninitialized>true</uninitialized>
         <run_address>0x20000000</run_address>
         <size>0x26c</size>
         <input_file_ref idref="fl-17"/>
      </object_component>
      <object_component id="oc-f6">
         <name>.data:$O1$$</name>
         <load_address>0x20000538</load_address>
         <run_address>0x20000538</run_address>
         <size>0xc</size>
         <input_file_ref idref="fl-ed"/>
      </object_component>
      <object_component id="oc-81">
         <name>.data</name>
         <load_address>0x20000550</load_address>
         <run_address>0x20000550</run_address>
         <size>0x4</size>
         <input_file_ref idref="fl-f3"/>
      </object_component>
      <object_component id="oc-f9">
         <name>.data:$O1$$</name>
         <load_address>0x20000544</load_address>
         <run_address>0x20000544</run_address>
         <size>0x8</size>
         <input_file_ref idref="fl-f5"/>
      </object_component>
      <object_component id="oc-26d">
         <name>.data</name>
         <load_address>0x2000054c</load_address>
         <run_address>0x2000054c</run_address>
         <size>0x4</size>
         <input_file_ref idref="fl-109"/>
      </object_component>
      <object_component id="oc-138">
         <name>.common:gesture_data_</name>
         <uninitialized>true</uninitialized>
         <run_address>0x2000046c</run_address>
         <size>0x84</size>
      </object_component>
      <object_component id="oc-13b">
         <name>.common:gesture_ud_delta_</name>
         <uninitialized>true</uninitialized>
         <run_address>0x20000530</run_address>
         <size>0x4</size>
      </object_component>
      <object_component id="oc-13c">
         <name>.common:gesture_lr_delta_</name>
         <uninitialized>true</uninitialized>
         <run_address>0x2000051c</run_address>
         <size>0x4</size>
      </object_component>
      <object_component id="oc-13d">
         <name>.common:gesture_ud_count_</name>
         <uninitialized>true</uninitialized>
         <run_address>0x2000052c</run_address>
         <size>0x4</size>
      </object_component>
      <object_component id="oc-13e">
         <name>.common:gesture_lr_count_</name>
         <uninitialized>true</uninitialized>
         <run_address>0x20000518</run_address>
         <size>0x4</size>
      </object_component>
      <object_component id="oc-13f">
         <name>.common:gesture_near_count_</name>
         <uninitialized>true</uninitialized>
         <run_address>0x20000524</run_address>
         <size>0x4</size>
      </object_component>
      <object_component id="oc-140">
         <name>.common:gesture_far_count_</name>
         <uninitialized>true</uninitialized>
         <run_address>0x20000514</run_address>
         <size>0x4</size>
      </object_component>
      <object_component id="oc-141">
         <name>.common:gesture_state_</name>
         <uninitialized>true</uninitialized>
         <run_address>0x20000528</run_address>
         <size>0x4</size>
      </object_component>
      <object_component id="oc-142">
         <name>.common:gesture_motion_</name>
         <uninitialized>true</uninitialized>
         <run_address>0x20000520</run_address>
         <size>0x4</size>
      </object_component>
      <object_component id="oc-a5">
         <name>.common:int_status</name>
         <uninitialized>true</uninitialized>
         <run_address>0x20000534</run_address>
         <size>0x1</size>
      </object_component>
      <object_component id="oc-ab">
         <name>.common:g_ui32SysClock</name>
         <uninitialized>true</uninitialized>
         <run_address>0x20000510</run_address>
         <size>0x4</size>
      </object_component>
      <object_component id="oc-ac">
         <name>.common:ui8PrintBuffer</name>
         <uninitialized>true</uninitialized>
         <run_address>0x200004f0</run_address>
         <size>0x20</size>
      </object_component>
      <object_component id="oc-2a">
         <name>.stack</name>
         <uninitialized>true</uninitialized>
         <run_address>0x2000026c</run_address>
         <size>0x0</size>
         <input_file_ref idref="fl-e9"/>
      </object_component>
      <object_component id="oc-2ba">
         <name>.stack</name>
         <uninitialized>true</uninitialized>
         <run_address>0x2000026c</run_address>
         <size>0x0</size>
      </object_component>
      <object_component id="oc-3f">
         <name>.debug_info</name>
         <load_address>0x0</load_address>
         <run_address>0x0</run_address>
         <size>0x2e3</size>
         <input_file_ref idref="fl-3"/>
      </object_component>
      <object_component id="oc-10">
         <name>.debug_info</name>
         <load_address>0x2e3</load_address>
         <run_address>0x2e3</run_address>
         <size>0xea</size>
         <input_file_ref idref="fl-3"/>
      </object_component>
      <object_component id="oc-2d">
         <name>.debug_info</name>
         <load_address>0x3cd</load_address>
         <run_address>0x3cd</run_address>
         <size>0x269</size>
         <input_file_ref idref="fl-3"/>
      </object_component>
      <object_component id="oc-46">
         <name>.debug_info</name>
         <load_address>0x636</load_address>
         <run_address>0x636</run_address>
         <size>0x84</size>
         <input_file_ref idref="fl-3"/>
      </object_component>
      <object_component id="oc-b3">
         <name>.debug_info</name>
         <load_address>0x6ba</load_address>
         <run_address>0x6ba</run_address>
         <size>0x18b</size>
         <input_file_ref idref="fl-3"/>
      </object_component>
      <object_component id="oc-ae">
         <name>.debug_info</name>
         <load_address>0x845</load_address>
         <run_address>0x845</run_address>
         <size>0x8b</size>
         <input_file_ref idref="fl-8"/>
      </object_component>
      <object_component id="oc-114">
         <name>.debug_info</name>
         <load_address>0x8d0</load_address>
         <run_address>0x8d0</run_address>
         <size>0x336</size>
         <input_file_ref idref="fl-c"/>
      </object_component>
      <object_component id="oc-10e">
         <name>.debug_info</name>
         <load_address>0xc06</load_address>
         <run_address>0xc06</run_address>
         <size>0x34d</size>
         <input_file_ref idref="fl-14"/>
      </object_component>
      <object_component id="oc-102">
         <name>.debug_info</name>
         <load_address>0xf53</load_address>
         <run_address>0xf53</run_address>
         <size>0xfa</size>
         <input_file_ref idref="fl-14"/>
      </object_component>
      <object_component id="oc-105">
         <name>.debug_info</name>
         <load_address>0x104d</load_address>
         <run_address>0x104d</run_address>
         <size>0x148</size>
         <input_file_ref idref="fl-14"/>
      </object_component>
      <object_component id="oc-108">
         <name>.debug_info</name>
         <load_address>0x1195</load_address>
         <run_address>0x1195</run_address>
         <size>0xfc</size>
         <input_file_ref idref="fl-14"/>
      </object_component>
      <object_component id="oc-10b">
         <name>.debug_info</name>
         <load_address>0x1291</load_address>
         <run_address>0x1291</run_address>
         <size>0xee</size>
         <input_file_ref idref="fl-14"/>
      </object_component>
      <object_component id="oc-87">
         <name>.debug_info</name>
         <load_address>0x137f</load_address>
         <run_address>0x137f</run_address>
         <size>0x311d</size>
         <input_file_ref idref="fl-14"/>
      </object_component>
      <object_component id="oc-1c1">
         <name>.debug_info</name>
         <load_address>0x449c</load_address>
         <run_address>0x449c</run_address>
         <size>0x33e</size>
         <input_file_ref idref="fl-16"/>
      </object_component>
      <object_component id="oc-1b8">
         <name>.debug_info</name>
         <load_address>0x47da</load_address>
         <run_address>0x47da</run_address>
         <size>0xe7</size>
         <input_file_ref idref="fl-16"/>
      </object_component>
      <object_component id="oc-1bb">
         <name>.debug_info</name>
         <load_address>0x48c1</load_address>
         <run_address>0x48c1</run_address>
         <size>0x12b</size>
         <input_file_ref idref="fl-16"/>
      </object_component>
      <object_component id="oc-1be">
         <name>.debug_info</name>
         <load_address>0x49ec</load_address>
         <run_address>0x49ec</run_address>
         <size>0xf9</size>
         <input_file_ref idref="fl-16"/>
      </object_component>
      <object_component id="oc-124">
         <name>.debug_info</name>
         <load_address>0x4ae5</load_address>
         <run_address>0x4ae5</run_address>
         <size>0x2b53</size>
         <input_file_ref idref="fl-16"/>
      </object_component>
      <object_component id="oc-173">
         <name>.debug_info</name>
         <load_address>0x7638</load_address>
         <run_address>0x7638</run_address>
         <size>0x325</size>
         <input_file_ref idref="fl-17"/>
      </object_component>
      <object_component id="oc-161">
         <name>.debug_info</name>
         <load_address>0x795d</load_address>
         <run_address>0x795d</run_address>
         <size>0xe9</size>
         <input_file_ref idref="fl-17"/>
      </object_component>
      <object_component id="oc-164">
         <name>.debug_info</name>
         <load_address>0x7a46</load_address>
         <run_address>0x7a46</run_address>
         <size>0xe1</size>
         <input_file_ref idref="fl-17"/>
      </object_component>
      <object_component id="oc-167">
         <name>.debug_info</name>
         <load_address>0x7b27</load_address>
         <run_address>0x7b27</run_address>
         <size>0xe5</size>
         <input_file_ref idref="fl-17"/>
      </object_component>
      <object_component id="oc-16a">
         <name>.debug_info</name>
         <load_address>0x7c0c</load_address>
         <run_address>0x7c0c</run_address>
         <size>0xeb</size>
         <input_file_ref idref="fl-17"/>
      </object_component>
      <object_component id="oc-16d">
         <name>.debug_info</name>
         <load_address>0x7cf7</load_address>
         <run_address>0x7cf7</run_address>
         <size>0xe9</size>
         <input_file_ref idref="fl-17"/>
      </object_component>
      <object_component id="oc-170">
         <name>.debug_info</name>
         <load_address>0x7de0</load_address>
         <run_address>0x7de0</run_address>
         <size>0xed</size>
         <input_file_ref idref="fl-17"/>
      </object_component>
      <object_component id="oc-15e">
         <name>.debug_info</name>
         <load_address>0x7ecd</load_address>
         <run_address>0x7ecd</run_address>
         <size>0xea</size>
         <input_file_ref idref="fl-17"/>
      </object_component>
      <object_component id="oc-bf">
         <name>.debug_info</name>
         <load_address>0x7fb7</load_address>
         <run_address>0x7fb7</run_address>
         <size>0xcea</size>
         <input_file_ref idref="fl-17"/>
      </object_component>
      <object_component id="oc-122">
         <name>.debug_info</name>
         <load_address>0x8ca1</load_address>
         <run_address>0x8ca1</run_address>
         <size>0x3aa</size>
         <input_file_ref idref="fl-20"/>
      </object_component>
      <object_component id="oc-119">
         <name>.debug_info</name>
         <load_address>0x904b</load_address>
         <run_address>0x904b</run_address>
         <size>0xe0</size>
         <input_file_ref idref="fl-20"/>
      </object_component>
      <object_component id="oc-11f">
         <name>.debug_info</name>
         <load_address>0x912b</load_address>
         <run_address>0x912b</run_address>
         <size>0xec</size>
         <input_file_ref idref="fl-20"/>
      </object_component>
      <object_component id="oc-110">
         <name>.debug_info</name>
         <load_address>0x9217</load_address>
         <run_address>0x9217</run_address>
         <size>0xe6</size>
         <input_file_ref idref="fl-20"/>
      </object_component>
      <object_component id="oc-11c">
         <name>.debug_info</name>
         <load_address>0x92fd</load_address>
         <run_address>0x92fd</run_address>
         <size>0xf3</size>
         <input_file_ref idref="fl-20"/>
      </object_component>
      <object_component id="oc-8d">
         <name>.debug_info</name>
         <load_address>0x93f0</load_address>
         <run_address>0x93f0</run_address>
         <size>0x2b30</size>
         <input_file_ref idref="fl-20"/>
      </object_component>
      <object_component id="oc-1b3">
         <name>.debug_info</name>
         <load_address>0xbf20</load_address>
         <run_address>0xbf20</run_address>
         <size>0x51</size>
         <input_file_ref idref="fl-20"/>
      </object_component>
      <object_component id="oc-15c">
         <name>.debug_info</name>
         <load_address>0xbf71</load_address>
         <run_address>0xbf71</run_address>
         <size>0x32f</size>
         <input_file_ref idref="fl-24"/>
      </object_component>
      <object_component id="oc-153">
         <name>.debug_info</name>
         <load_address>0xc2a0</load_address>
         <run_address>0xc2a0</run_address>
         <size>0xea</size>
         <input_file_ref idref="fl-24"/>
      </object_component>
      <object_component id="oc-156">
         <name>.debug_info</name>
         <load_address>0xc38a</load_address>
         <run_address>0xc38a</run_address>
         <size>0x134</size>
         <input_file_ref idref="fl-24"/>
      </object_component>
      <object_component id="oc-159">
         <name>.debug_info</name>
         <load_address>0xc4be</load_address>
         <run_address>0xc4be</run_address>
         <size>0xfc</size>
         <input_file_ref idref="fl-24"/>
      </object_component>
      <object_component id="oc-bb">
         <name>.debug_info</name>
         <load_address>0xc5ba</load_address>
         <run_address>0xc5ba</run_address>
         <size>0x26fc</size>
         <input_file_ref idref="fl-24"/>
      </object_component>
      <object_component id="oc-139">
         <name>.debug_info</name>
         <load_address>0xecb6</load_address>
         <run_address>0xecb6</run_address>
         <size>0x572</size>
         <input_file_ref idref="fl-28"/>
      </object_component>
      <object_component id="oc-a1">
         <name>.debug_info</name>
         <load_address>0xf228</load_address>
         <run_address>0xf228</run_address>
         <size>0x1e27</size>
         <input_file_ref idref="fl-28"/>
      </object_component>
      <object_component id="oc-146">
         <name>.debug_info</name>
         <load_address>0x1104f</load_address>
         <run_address>0x1104f</run_address>
         <size>0x15e</size>
         <input_file_ref idref="fl-28"/>
      </object_component>
      <object_component id="oc-12a">
         <name>.debug_info</name>
         <load_address>0x111ad</load_address>
         <run_address>0x111ad</run_address>
         <size>0x57a</size>
         <input_file_ref idref="fl-29"/>
      </object_component>
      <object_component id="oc-93">
         <name>.debug_info</name>
         <load_address>0x11727</load_address>
         <run_address>0x11727</run_address>
         <size>0x678</size>
         <input_file_ref idref="fl-29"/>
      </object_component>
      <object_component id="oc-a6">
         <name>.debug_info</name>
         <load_address>0x11d9f</load_address>
         <run_address>0x11d9f</run_address>
         <size>0x92b</size>
         <input_file_ref idref="fl-2a"/>
      </object_component>
      <object_component id="oc-a9">
         <name>.debug_info</name>
         <load_address>0x126ca</load_address>
         <run_address>0x126ca</run_address>
         <size>0xce</size>
         <input_file_ref idref="fl-2a"/>
      </object_component>
      <object_component id="oc-33">
         <name>.debug_info</name>
         <load_address>0x12798</load_address>
         <run_address>0x12798</run_address>
         <size>0x4a8</size>
         <input_file_ref idref="fl-2a"/>
      </object_component>
      <object_component id="oc-14b">
         <name>.debug_info</name>
         <load_address>0x12c40</load_address>
         <run_address>0x12c40</run_address>
         <size>0xc8</size>
         <input_file_ref idref="fl-2a"/>
      </object_component>
      <object_component id="oc-133">
         <name>.debug_info</name>
         <load_address>0x12d08</load_address>
         <run_address>0x12d08</run_address>
         <size>0x4e</size>
         <input_file_ref idref="fl-2a"/>
      </object_component>
      <object_component id="oc-cb">
         <name>.debug_info</name>
         <load_address>0x12d56</load_address>
         <run_address>0x12d56</run_address>
         <size>0x5c1</size>
         <input_file_ref idref="fl-2b"/>
      </object_component>
      <object_component id="oc-39">
         <name>.debug_info</name>
         <load_address>0x13317</load_address>
         <run_address>0x13317</run_address>
         <size>0x61f</size>
         <input_file_ref idref="fl-2b"/>
      </object_component>
      <object_component id="oc-dd">
         <name>.debug_info</name>
         <load_address>0x13936</load_address>
         <run_address>0x13936</run_address>
         <size>0x2c</size>
         <input_file_ref idref="fl-2b"/>
      </object_component>
      <object_component id="oc-26">
         <name>.debug_info</name>
         <load_address>0x13962</load_address>
         <run_address>0x13962</run_address>
         <size>0x160</size>
         <input_file_ref idref="fl-e9"/>
      </object_component>
      <object_component id="oc-d3">
         <name>.debug_info</name>
         <load_address>0x13ac2</load_address>
         <run_address>0x13ac2</run_address>
         <size>0x293</size>
         <input_file_ref idref="fl-ea"/>
      </object_component>
      <object_component id="oc-13">
         <name>.debug_info</name>
         <load_address>0x13d55</load_address>
         <run_address>0x13d55</run_address>
         <size>0x245</size>
         <input_file_ref idref="fl-ea"/>
      </object_component>
      <object_component id="oc-41">
         <name>.debug_info</name>
         <load_address>0x13f9a</load_address>
         <run_address>0x13f9a</run_address>
         <size>0x60</size>
         <input_file_ref idref="fl-ea"/>
      </object_component>
      <object_component id="oc-ce">
         <name>.debug_info</name>
         <load_address>0x13ffa</load_address>
         <run_address>0x13ffa</run_address>
         <size>0x46</size>
         <input_file_ref idref="fl-ea"/>
      </object_component>
      <object_component id="oc-56">
         <name>.debug_info</name>
         <load_address>0x14040</load_address>
         <run_address>0x14040</run_address>
         <size>0x2da</size>
         <input_file_ref idref="fl-eb"/>
      </object_component>
      <object_component id="oc-1a">
         <name>.debug_info</name>
         <load_address>0x1431a</load_address>
         <run_address>0x1431a</run_address>
         <size>0x1df</size>
         <input_file_ref idref="fl-eb"/>
      </object_component>
      <object_component id="oc-51">
         <name>.debug_info</name>
         <load_address>0x144f9</load_address>
         <run_address>0x144f9</run_address>
         <size>0x46</size>
         <input_file_ref idref="fl-eb"/>
      </object_component>
      <object_component id="oc-d5">
         <name>.debug_info</name>
         <load_address>0x1453f</load_address>
         <run_address>0x1453f</run_address>
         <size>0x2c</size>
         <input_file_ref idref="fl-eb"/>
      </object_component>
      <object_component id="oc-62">
         <name>.debug_info</name>
         <load_address>0x1456b</load_address>
         <run_address>0x1456b</run_address>
         <size>0x2c9</size>
         <input_file_ref idref="fl-ec"/>
      </object_component>
      <object_component id="oc-20">
         <name>.debug_info</name>
         <load_address>0x14834</load_address>
         <run_address>0x14834</run_address>
         <size>0x1aa</size>
         <input_file_ref idref="fl-ec"/>
      </object_component>
      <object_component id="oc-5d">
         <name>.debug_info</name>
         <load_address>0x149de</load_address>
         <run_address>0x149de</run_address>
         <size>0x46</size>
         <input_file_ref idref="fl-ec"/>
      </object_component>
      <object_component id="oc-fd">
         <name>.debug_info</name>
         <load_address>0x14a24</load_address>
         <run_address>0x14a24</run_address>
         <size>0x3ce</size>
         <input_file_ref idref="fl-ed"/>
      </object_component>
      <object_component id="oc-f7">
         <name>.debug_info</name>
         <load_address>0x14df2</load_address>
         <run_address>0x14df2</run_address>
         <size>0x185</size>
         <input_file_ref idref="fl-ed"/>
      </object_component>
      <object_component id="oc-7d">
         <name>.debug_info</name>
         <load_address>0x14f77</load_address>
         <run_address>0x14f77</run_address>
         <size>0x214</size>
         <input_file_ref idref="fl-ed"/>
      </object_component>
      <object_component id="oc-4c">
         <name>.debug_info</name>
         <load_address>0x1518b</load_address>
         <run_address>0x1518b</run_address>
         <size>0x111</size>
         <input_file_ref idref="fl-ee"/>
      </object_component>
      <object_component id="oc-58">
         <name>.debug_info</name>
         <load_address>0x1529c</load_address>
         <run_address>0x1529c</run_address>
         <size>0x13f</size>
         <input_file_ref idref="fl-ef"/>
      </object_component>
      <object_component id="oc-66">
         <name>.debug_info</name>
         <load_address>0x153db</load_address>
         <run_address>0x153db</run_address>
         <size>0x138</size>
         <input_file_ref idref="fl-f0"/>
      </object_component>
      <object_component id="oc-6b">
         <name>.debug_info</name>
         <load_address>0x15513</load_address>
         <run_address>0x15513</run_address>
         <size>0x148</size>
         <input_file_ref idref="fl-f1"/>
      </object_component>
      <object_component id="oc-132">
         <name>.debug_info</name>
         <load_address>0x1565b</load_address>
         <run_address>0x1565b</run_address>
         <size>0x355</size>
         <input_file_ref idref="fl-f2"/>
      </object_component>
      <object_component id="oc-99">
         <name>.debug_info</name>
         <load_address>0x159b0</load_address>
         <run_address>0x159b0</run_address>
         <size>0x2e4</size>
         <input_file_ref idref="fl-f2"/>
      </object_component>
      <object_component id="oc-21c">
         <name>.debug_info</name>
         <load_address>0x15c94</load_address>
         <run_address>0x15c94</run_address>
         <size>0x2c</size>
         <input_file_ref idref="fl-f2"/>
      </object_component>
      <object_component id="oc-82">
         <name>.debug_info</name>
         <load_address>0x15cc0</load_address>
         <run_address>0x15cc0</run_address>
         <size>0x109</size>
         <input_file_ref idref="fl-f3"/>
      </object_component>
      <object_component id="oc-175">
         <name>.debug_info</name>
         <load_address>0x15dc9</load_address>
         <run_address>0x15dc9</run_address>
         <size>0x284</size>
         <input_file_ref idref="fl-f4"/>
      </object_component>
      <object_component id="oc-c7">
         <name>.debug_info</name>
         <load_address>0x1604d</load_address>
         <run_address>0x1604d</run_address>
         <size>0x22a</size>
         <input_file_ref idref="fl-f4"/>
      </object_component>
      <object_component id="oc-19a">
         <name>.debug_info</name>
         <load_address>0x16277</load_address>
         <run_address>0x16277</run_address>
         <size>0x2be</size>
         <input_file_ref idref="fl-f5"/>
      </object_component>
      <object_component id="oc-fa">
         <name>.debug_info</name>
         <load_address>0x16535</load_address>
         <run_address>0x16535</run_address>
         <size>0x113</size>
         <input_file_ref idref="fl-f5"/>
      </object_component>
      <object_component id="oc-193">
         <name>.debug_info</name>
         <load_address>0x16648</load_address>
         <run_address>0x16648</run_address>
         <size>0x21f</size>
         <input_file_ref idref="fl-f5"/>
      </object_component>
      <object_component id="oc-211">
         <name>.debug_info</name>
         <load_address>0x16867</load_address>
         <run_address>0x16867</run_address>
         <size>0x51f</size>
         <input_file_ref idref="fl-f6"/>
      </object_component>
      <object_component id="oc-12f">
         <name>.debug_info</name>
         <load_address>0x16d86</load_address>
         <run_address>0x16d86</run_address>
         <size>0x1543</size>
         <input_file_ref idref="fl-f6"/>
      </object_component>
      <object_component id="oc-212">
         <name>.debug_info</name>
         <load_address>0x182c9</load_address>
         <run_address>0x182c9</run_address>
         <size>0x86</size>
         <input_file_ref idref="fl-f6"/>
      </object_component>
      <object_component id="oc-27d">
         <name>.debug_info</name>
         <load_address>0x1834f</load_address>
         <run_address>0x1834f</run_address>
         <size>0x46</size>
         <input_file_ref idref="fl-f6"/>
      </object_component>
      <object_component id="oc-217">
         <name>.debug_info</name>
         <load_address>0x18395</load_address>
         <run_address>0x18395</run_address>
         <size>0x39</size>
         <input_file_ref idref="fl-f6"/>
      </object_component>
      <object_component id="oc-f5">
         <name>.debug_info</name>
         <load_address>0x183ce</load_address>
         <run_address>0x183ce</run_address>
         <size>0x300</size>
         <input_file_ref idref="fl-f7"/>
      </object_component>
      <object_component id="oc-78">
         <name>.debug_info</name>
         <load_address>0x186ce</load_address>
         <run_address>0x186ce</run_address>
         <size>0x167</size>
         <input_file_ref idref="fl-f7"/>
      </object_component>
      <object_component id="oc-18b">
         <name>.debug_info</name>
         <load_address>0x18835</load_address>
         <run_address>0x18835</run_address>
         <size>0x5e</size>
         <input_file_ref idref="fl-f7"/>
      </object_component>
      <object_component id="oc-278">
         <name>.debug_info</name>
         <load_address>0x18893</load_address>
         <run_address>0x18893</run_address>
         <size>0x2ae</size>
         <input_file_ref idref="fl-f8"/>
      </object_component>
      <object_component id="oc-207">
         <name>.debug_info</name>
         <load_address>0x18b41</load_address>
         <run_address>0x18b41</run_address>
         <size>0x171</size>
         <input_file_ref idref="fl-f8"/>
      </object_component>
      <object_component id="oc-f3">
         <name>.debug_info</name>
         <load_address>0x18cb2</load_address>
         <run_address>0x18cb2</run_address>
         <size>0x483</size>
         <input_file_ref idref="fl-f9"/>
      </object_component>
      <object_component id="oc-72">
         <name>.debug_info</name>
         <load_address>0x19135</load_address>
         <run_address>0x19135</run_address>
         <size>0x190</size>
         <input_file_ref idref="fl-f9"/>
      </object_component>
      <object_component id="oc-17f">
         <name>.debug_info</name>
         <load_address>0x192c5</load_address>
         <run_address>0x192c5</run_address>
         <size>0x39</size>
         <input_file_ref idref="fl-f9"/>
      </object_component>
      <object_component id="oc-246">
         <name>.debug_info</name>
         <load_address>0x192fe</load_address>
         <run_address>0x192fe</run_address>
         <size>0x39</size>
         <input_file_ref idref="fl-f9"/>
      </object_component>
      <object_component id="oc-184">
         <name>.debug_info</name>
         <load_address>0x19337</load_address>
         <run_address>0x19337</run_address>
         <size>0xcd</size>
         <input_file_ref idref="fl-f9"/>
      </object_component>
      <object_component id="oc-17b">
         <name>.debug_info</name>
         <load_address>0x19404</load_address>
         <run_address>0x19404</run_address>
         <size>0x37a</size>
         <input_file_ref idref="fl-fa"/>
      </object_component>
      <object_component id="oc-e8">
         <name>.debug_info</name>
         <load_address>0x1977e</load_address>
         <run_address>0x1977e</run_address>
         <size>0x183</size>
         <input_file_ref idref="fl-fa"/>
      </object_component>
      <object_component id="oc-241">
         <name>.debug_info</name>
         <load_address>0x19901</load_address>
         <run_address>0x19901</run_address>
         <size>0x2c</size>
         <input_file_ref idref="fl-fa"/>
      </object_component>
      <object_component id="oc-28f">
         <name>.debug_info</name>
         <load_address>0x1992d</load_address>
         <run_address>0x1992d</run_address>
         <size>0xee</size>
         <input_file_ref idref="fl-fb"/>
      </object_component>
      <object_component id="oc-275">
         <name>.debug_info</name>
         <load_address>0x19a1b</load_address>
         <run_address>0x19a1b</run_address>
         <size>0xfa</size>
         <input_file_ref idref="fl-fb"/>
      </object_component>
      <object_component id="oc-1ee">
         <name>.debug_info</name>
         <load_address>0x19b15</load_address>
         <run_address>0x19b15</run_address>
         <size>0x144</size>
         <input_file_ref idref="fl-fc"/>
      </object_component>
      <object_component id="oc-1ca">
         <name>.debug_info</name>
         <load_address>0x19c59</load_address>
         <run_address>0x19c59</run_address>
         <size>0x120</size>
         <input_file_ref idref="fl-fd"/>
      </object_component>
      <object_component id="oc-1da">
         <name>.debug_info</name>
         <load_address>0x19d79</load_address>
         <run_address>0x19d79</run_address>
         <size>0x122</size>
         <input_file_ref idref="fl-fd"/>
      </object_component>
      <object_component id="oc-1d6">
         <name>.debug_info</name>
         <load_address>0x19e9b</load_address>
         <run_address>0x19e9b</run_address>
         <size>0x132</size>
         <input_file_ref idref="fl-fe"/>
      </object_component>
      <object_component id="oc-1cf">
         <name>.debug_info</name>
         <load_address>0x19fcd</load_address>
         <run_address>0x19fcd</run_address>
         <size>0x132</size>
         <input_file_ref idref="fl-ff"/>
      </object_component>
      <object_component id="oc-1de">
         <name>.debug_info</name>
         <load_address>0x1a0ff</load_address>
         <run_address>0x1a0ff</run_address>
         <size>0x126</size>
         <input_file_ref idref="fl-100"/>
      </object_component>
      <object_component id="oc-1e9">
         <name>.debug_info</name>
         <load_address>0x1a225</load_address>
         <run_address>0x1a225</run_address>
         <size>0x124</size>
         <input_file_ref idref="fl-101"/>
      </object_component>
      <object_component id="oc-25d">
         <name>.debug_info</name>
         <load_address>0x1a349</load_address>
         <run_address>0x1a349</run_address>
         <size>0x2e6</size>
         <input_file_ref idref="fl-102"/>
      </object_component>
      <object_component id="oc-1e3">
         <name>.debug_info</name>
         <load_address>0x1a62f</load_address>
         <run_address>0x1a62f</run_address>
         <size>0x1c2</size>
         <input_file_ref idref="fl-102"/>
      </object_component>
      <object_component id="oc-27a">
         <name>.debug_info</name>
         <load_address>0x1a7f1</load_address>
         <run_address>0x1a7f1</run_address>
         <size>0x28b</size>
         <input_file_ref idref="fl-103"/>
      </object_component>
      <object_component id="oc-20b">
         <name>.debug_info</name>
         <load_address>0x1aa7c</load_address>
         <run_address>0x1aa7c</run_address>
         <size>0x1ab</size>
         <input_file_ref idref="fl-103"/>
      </object_component>
      <object_component id="oc-261">
         <name>.debug_info</name>
         <load_address>0x1ac27</load_address>
         <run_address>0x1ac27</run_address>
         <size>0x2d9</size>
         <input_file_ref idref="fl-104"/>
      </object_component>
      <object_component id="oc-1f5">
         <name>.debug_info</name>
         <load_address>0x1af00</load_address>
         <run_address>0x1af00</run_address>
         <size>0x18a</size>
         <input_file_ref idref="fl-104"/>
      </object_component>
      <object_component id="oc-262">
         <name>.debug_info</name>
         <load_address>0x1b08a</load_address>
         <run_address>0x1b08a</run_address>
         <size>0x2c</size>
         <input_file_ref idref="fl-104"/>
      </object_component>
      <object_component id="oc-271">
         <name>.debug_info</name>
         <load_address>0x1b0b6</load_address>
         <run_address>0x1b0b6</run_address>
         <size>0x316</size>
         <input_file_ref idref="fl-105"/>
      </object_component>
      <object_component id="oc-1fb">
         <name>.debug_info</name>
         <load_address>0x1b3cc</load_address>
         <run_address>0x1b3cc</run_address>
         <size>0x1d5</size>
         <input_file_ref idref="fl-105"/>
      </object_component>
      <object_component id="oc-ed">
         <name>.debug_info</name>
         <load_address>0x1b5a1</load_address>
         <run_address>0x1b5a1</run_address>
         <size>0x145</size>
         <input_file_ref idref="fl-106"/>
      </object_component>
      <object_component id="oc-273">
         <name>.debug_info</name>
         <load_address>0x1b6e6</load_address>
         <run_address>0x1b6e6</run_address>
         <size>0x28f</size>
         <input_file_ref idref="fl-107"/>
      </object_component>
      <object_component id="oc-1ff">
         <name>.debug_info</name>
         <load_address>0x1b975</load_address>
         <run_address>0x1b975</run_address>
         <size>0x244</size>
         <input_file_ref idref="fl-107"/>
      </object_component>
      <object_component id="oc-1c7">
         <name>.debug_info</name>
         <load_address>0x1bbb9</load_address>
         <run_address>0x1bbb9</run_address>
         <size>0x17d</size>
         <input_file_ref idref="fl-108"/>
      </object_component>
      <object_component id="oc-26e">
         <name>.debug_info</name>
         <load_address>0x1bd36</load_address>
         <run_address>0x1bd36</run_address>
         <size>0xf3</size>
         <input_file_ref idref="fl-109"/>
      </object_component>
      <object_component id="oc-269">
         <name>.debug_info</name>
         <load_address>0x1be29</load_address>
         <run_address>0x1be29</run_address>
         <size>0x156</size>
         <input_file_ref idref="fl-10a"/>
      </object_component>
      <object_component id="oc-2bb">
         <name>.debug_info</name>
         <load_address>0x1bf7f</load_address>
         <run_address>0x1bf7f</run_address>
         <size>0x9f</size>
      </object_component>
      <object_component id="oc-cd">
         <name>.debug_line</name>
         <load_address>0x0</load_address>
         <run_address>0x0</run_address>
         <size>0x42</size>
         <input_file_ref idref="fl-3"/>
      </object_component>
      <object_component id="oc-3e">
         <name>.debug_line</name>
         <load_address>0x42</load_address>
         <run_address>0x42</run_address>
         <size>0x42</size>
         <input_file_ref idref="fl-3"/>
      </object_component>
      <object_component id="oc-2c">
         <name>.debug_line</name>
         <load_address>0x84</load_address>
         <run_address>0x84</run_address>
         <size>0xa2</size>
         <input_file_ref idref="fl-3"/>
      </object_component>
      <object_component id="oc-49">
         <name>.debug_line</name>
         <load_address>0x126</load_address>
         <run_address>0x126</run_address>
         <size>0x20</size>
         <input_file_ref idref="fl-3"/>
      </object_component>
      <object_component id="oc-b6">
         <name>.debug_line</name>
         <load_address>0x146</load_address>
         <run_address>0x146</run_address>
         <size>0x65</size>
         <input_file_ref idref="fl-3"/>
      </object_component>
      <object_component id="oc-b1">
         <name>.debug_line</name>
         <load_address>0x1ab</load_address>
         <run_address>0x1ab</run_address>
         <size>0x20</size>
         <input_file_ref idref="fl-8"/>
      </object_component>
      <object_component id="oc-113">
         <name>.debug_line</name>
         <load_address>0x1cb</load_address>
         <run_address>0x1cb</run_address>
         <size>0xd9</size>
         <input_file_ref idref="fl-c"/>
      </object_component>
      <object_component id="oc-1a7">
         <name>.debug_line</name>
         <load_address>0x2a4</load_address>
         <run_address>0x2a4</run_address>
         <size>0x64</size>
         <input_file_ref idref="fl-14"/>
      </object_component>
      <object_component id="oc-19f">
         <name>.debug_line</name>
         <load_address>0x308</load_address>
         <run_address>0x308</run_address>
         <size>0x37</size>
         <input_file_ref idref="fl-14"/>
      </object_component>
      <object_component id="oc-1a1">
         <name>.debug_line</name>
         <load_address>0x33f</load_address>
         <run_address>0x33f</run_address>
         <size>0x37</size>
         <input_file_ref idref="fl-14"/>
      </object_component>
      <object_component id="oc-1a3">
         <name>.debug_line</name>
         <load_address>0x376</load_address>
         <run_address>0x376</run_address>
         <size>0x37</size>
         <input_file_ref idref="fl-14"/>
      </object_component>
      <object_component id="oc-1a5">
         <name>.debug_line</name>
         <load_address>0x3ad</load_address>
         <run_address>0x3ad</run_address>
         <size>0x37</size>
         <input_file_ref idref="fl-14"/>
      </object_component>
      <object_component id="oc-8b">
         <name>.debug_line</name>
         <load_address>0x3e4</load_address>
         <run_address>0x3e4</run_address>
         <size>0x632</size>
         <input_file_ref idref="fl-14"/>
      </object_component>
      <object_component id="oc-255">
         <name>.debug_line</name>
         <load_address>0xa16</load_address>
         <run_address>0xa16</run_address>
         <size>0x64</size>
         <input_file_ref idref="fl-16"/>
      </object_component>
      <object_component id="oc-24f">
         <name>.debug_line</name>
         <load_address>0xa7a</load_address>
         <run_address>0xa7a</run_address>
         <size>0x36</size>
         <input_file_ref idref="fl-16"/>
      </object_component>
      <object_component id="oc-251">
         <name>.debug_line</name>
         <load_address>0xab0</load_address>
         <run_address>0xab0</run_address>
         <size>0x36</size>
         <input_file_ref idref="fl-16"/>
      </object_component>
      <object_component id="oc-253">
         <name>.debug_line</name>
         <load_address>0xae6</load_address>
         <run_address>0xae6</run_address>
         <size>0x36</size>
         <input_file_ref idref="fl-16"/>
      </object_component>
      <object_component id="oc-127">
         <name>.debug_line</name>
         <load_address>0xb1c</load_address>
         <run_address>0xb1c</run_address>
         <size>0x699</size>
         <input_file_ref idref="fl-16"/>
      </object_component>
      <object_component id="oc-23c">
         <name>.debug_line</name>
         <load_address>0x11b5</load_address>
         <run_address>0x11b5</run_address>
         <size>0x5e</size>
         <input_file_ref idref="fl-17"/>
      </object_component>
      <object_component id="oc-230">
         <name>.debug_line</name>
         <load_address>0x1213</load_address>
         <run_address>0x1213</run_address>
         <size>0x3c</size>
         <input_file_ref idref="fl-17"/>
      </object_component>
      <object_component id="oc-232">
         <name>.debug_line</name>
         <load_address>0x124f</load_address>
         <run_address>0x124f</run_address>
         <size>0x3c</size>
         <input_file_ref idref="fl-17"/>
      </object_component>
      <object_component id="oc-234">
         <name>.debug_line</name>
         <load_address>0x128b</load_address>
         <run_address>0x128b</run_address>
         <size>0x3c</size>
         <input_file_ref idref="fl-17"/>
      </object_component>
      <object_component id="oc-236">
         <name>.debug_line</name>
         <load_address>0x12c7</load_address>
         <run_address>0x12c7</run_address>
         <size>0x3c</size>
         <input_file_ref idref="fl-17"/>
      </object_component>
      <object_component id="oc-238">
         <name>.debug_line</name>
         <load_address>0x1303</load_address>
         <run_address>0x1303</run_address>
         <size>0x3c</size>
         <input_file_ref idref="fl-17"/>
      </object_component>
      <object_component id="oc-23a">
         <name>.debug_line</name>
         <load_address>0x133f</load_address>
         <run_address>0x133f</run_address>
         <size>0x3c</size>
         <input_file_ref idref="fl-17"/>
      </object_component>
      <object_component id="oc-22e">
         <name>.debug_line</name>
         <load_address>0x137b</load_address>
         <run_address>0x137b</run_address>
         <size>0x3c</size>
         <input_file_ref idref="fl-17"/>
      </object_component>
      <object_component id="oc-c3">
         <name>.debug_line</name>
         <load_address>0x13b7</load_address>
         <run_address>0x13b7</run_address>
         <size>0x2ed</size>
         <input_file_ref idref="fl-17"/>
      </object_component>
      <object_component id="oc-1b2">
         <name>.debug_line</name>
         <load_address>0x16a4</load_address>
         <run_address>0x16a4</run_address>
         <size>0xe3</size>
         <input_file_ref idref="fl-20"/>
      </object_component>
      <object_component id="oc-1ac">
         <name>.debug_line</name>
         <load_address>0x1787</load_address>
         <run_address>0x1787</run_address>
         <size>0x39</size>
         <input_file_ref idref="fl-20"/>
      </object_component>
      <object_component id="oc-1b0">
         <name>.debug_line</name>
         <load_address>0x17c0</load_address>
         <run_address>0x17c0</run_address>
         <size>0x39</size>
         <input_file_ref idref="fl-20"/>
      </object_component>
      <object_component id="oc-1a9">
         <name>.debug_line</name>
         <load_address>0x17f9</load_address>
         <run_address>0x17f9</run_address>
         <size>0x39</size>
         <input_file_ref idref="fl-20"/>
      </object_component>
      <object_component id="oc-1ae">
         <name>.debug_line</name>
         <load_address>0x1832</load_address>
         <run_address>0x1832</run_address>
         <size>0x39</size>
         <input_file_ref idref="fl-20"/>
      </object_component>
      <object_component id="oc-91">
         <name>.debug_line</name>
         <load_address>0x186b</load_address>
         <run_address>0x186b</run_address>
         <size>0x9b0</size>
         <input_file_ref idref="fl-20"/>
      </object_component>
      <object_component id="oc-1b5">
         <name>.debug_line</name>
         <load_address>0x221b</load_address>
         <run_address>0x221b</run_address>
         <size>0x39</size>
         <input_file_ref idref="fl-20"/>
      </object_component>
      <object_component id="oc-22c">
         <name>.debug_line</name>
         <load_address>0x2254</load_address>
         <run_address>0x2254</run_address>
         <size>0x64</size>
         <input_file_ref idref="fl-24"/>
      </object_component>
      <object_component id="oc-226">
         <name>.debug_line</name>
         <load_address>0x22b8</load_address>
         <run_address>0x22b8</run_address>
         <size>0x37</size>
         <input_file_ref idref="fl-24"/>
      </object_component>
      <object_component id="oc-228">
         <name>.debug_line</name>
         <load_address>0x22ef</load_address>
         <run_address>0x22ef</run_address>
         <size>0x37</size>
         <input_file_ref idref="fl-24"/>
      </object_component>
      <object_component id="oc-22a">
         <name>.debug_line</name>
         <load_address>0x2326</load_address>
         <run_address>0x2326</run_address>
         <size>0x37</size>
         <input_file_ref idref="fl-24"/>
      </object_component>
      <object_component id="oc-b9">
         <name>.debug_line</name>
         <load_address>0x235d</load_address>
[...]
         <object_component_ref idref="oc-b8"/>
      </symbol>
      <symbol id="sm-4e2">
         <name>UARTSpaceAvail</name>
         <value>0x4859</value>
         <object_component_ref idref="oc-b8"/>
      </symbol>
      <symbol id="sm-4e3">
         <name>UARTCharGet</name>
         <value>0x4893</value>
         <object_component_ref idref="oc-b8"/>
      </symbol>
      <symbol id="sm-4e4">
         <name>UARTFIFOLevelSet</name>
         <value>0x454d</value>
         <object_component_ref idref="oc-b8"/>
      </symbol>
      <symbol id="sm-4e5">
         <name>UARTModemControlClear</name>
         <value>0x4795</value>
         <object_component_ref idref="oc-b8"/>
      </symbol>
      <symbol id="sm-4e6">
         <name>UARTParityModeGet</name>
         <value>0x453b</value>
         <object_component_ref idref="oc-b8"/>
      </symbol>
      <symbol id="sm-4e7">
         <name>UARTIntRegister</name>
         <value>0x4933</value>
         <object_component_ref idref="oc-b8"/>
      </symbol>
      <symbol id="sm-4e8">
         <name>UARTBreakCtl</name>
         <value>0x48eb</value>
         <object_component_ref idref="oc-b8"/>
      </symbol>
      <symbol id="sm-4e9">
         <name>UART9BitAddrSet</name>
         <value>0x4a71</value>
         <object_component_ref idref="oc-b8"/>
      </symbol>
      <symbol id="sm-61b">
         <name>gesture_data_</name>
         <value>0x2000046c</value>
      </symbol>
      <symbol id="sm-61c">
         <name>gesture_ud_delta_</name>
         <value>0x20000530</value>
      </symbol>
      <symbol id="sm-61d">
         <name>gesture_lr_delta_</name>
         <value>0x2000051c</value>
      </symbol>
      <symbol id="sm-61e">
         <name>gesture_ud_count_</name>
         <value>0x2000052c</value>
      </symbol>
      <symbol id="sm-61f">
         <name>gesture_lr_count_</name>
         <value>0x20000518</value>
      </symbol>
      <symbol id="sm-620">
         <name>gesture_near_count_</name>
         <value>0x20000524</value>
      </symbol>
      <symbol id="sm-621">
         <name>gesture_far_count_</name>
         <value>0x20000514</value>
      </symbol>
      <symbol id="sm-622">
         <name>gesture_state_</name>
         <value>0x20000528</value>
      </symbol>
      <symbol id="sm-623">
         <name>gesture_motion_</name>
         <value>0x20000520</value>
      </symbol>
      <symbol id="sm-624">
         <name>processGestureData</name>
         <value>0x2afd</value>
         <object_component_ref idref="oc-9e"/>
      </symbol>
      <symbol id="sm-625">
         <name>setGestureGain</name>
         <value>0x284f</value>
         <object_component_ref idref="oc-9e"/>
      </symbol>
      <symbol id="sm-626">
         <name>sensor_init</name>
         <value>0x2591</value>
         <object_component_ref idref="oc-9e"/>
      </symbol>
      <symbol id="sm-627">
         <name>disableGestureSensor</name>
         <value>0x2aa1</value>
         <object_component_ref idref="oc-9e"/>
      </symbol>
      <symbol id="sm-628">
         <name>getGestureMode</name>
         <value>0x27dd</value>
         <object_component_ref idref="oc-9e"/>
      </symbol>
      <symbol id="sm-629">
         <name>setGestureExitThresh</name>
         <value>0x24ab</value>
         <object_component_ref idref="oc-9e"/>
      </symbol>
      <symbol id="sm-62a">
         <name>disablePower</name>
         <value>0x2fab</value>
         <object_component_ref idref="oc-9e"/>
      </symbol>
      <symbol id="sm-62b">
         <name>setGestureEnterThresh</name>
         <value>0x2491</value>
         <object_component_ref idref="oc-9e"/>
      </symbol>
      <symbol id="sm-62c">
         <name>setProxIntLowThresh</name>
         <value>0x23d5</value>
         <object_component_ref idref="oc-9e"/>
      </symbol>
      <symbol id="sm-62d">
         <name>setMode</name>
         <value>0x293b</value>
         <object_component_ref idref="oc-9e"/>
      </symbol>
      <symbol id="sm-62e">
         <name>setAmbientLightGain</name>
         <value>0x2385</value>
         <object_component_ref idref="oc-9e"/>
      </symbol>
      <symbol id="sm-62f">
         <name>setGestureWaitTime</name>
         <value>0x251f</value>
         <object_component_ref idref="oc-9e"/>
      </symbol>
      <symbol id="sm-630">
         <name>isGestureAvailable</name>
         <value>0x2ad1</value>
         <object_component_ref idref="oc-9e"/>
      </symbol>
      <symbol id="sm-631">
         <name>setGestureLEDDrive</name>
         <value>0x24c5</value>
         <object_component_ref idref="oc-9e"/>
      </symbol>
      <symbol id="sm-632">
         <name>getGestureIntEnable</name>
         <value>0x28a9</value>
         <object_component_ref idref="oc-9e"/>
      </symbol>
      <symbol id="sm-633">
         <name>setGestureIntEnable</name>
         <value>0x28cb</value>
         <object_component_ref idref="oc-9e"/>
      </symbol>
      <symbol id="sm-634">
         <name>decodeGesture</name>
         <value>0x2e0f</value>
         <object_component_ref idref="oc-9e"/>
      </symbol>
      <symbol id="sm-635">
         <name>setGestureMode</name>
         <value>0x27ff</value>
         <object_component_ref idref="oc-9e"/>
      </symbol>
      <symbol id="sm-636">
         <name>readGesture</name>
         <value>0x3019</value>
         <object_component_ref idref="oc-9e"/>
      </symbol>
      <symbol id="sm-637">
         <name>resetGestureParameters</name>
         <value>0x2745</value>
         <object_component_ref idref="oc-9e"/>
      </symbol>
      <symbol id="sm-638">
         <name>setLEDBoost</name>
         <value>0x2783</value>
         <object_component_ref idref="oc-9e"/>
      </symbol>
      <symbol id="sm-639">
         <name>setLightIntLowThreshold</name>
         <value>0x2409</value>
         <object_component_ref idref="oc-9e"/>
      </symbol>
      <symbol id="sm-63a">
         <name>handleGesture</name>
         <value>0x3149</value>
         <object_component_ref idref="oc-9e"/>
      </symbol>
      <symbol id="sm-63b">
         <name>getGestureGain</name>
         <value>0x2fc5</value>
         <object_component_ref idref="oc-9e"/>
      </symbol>
      <symbol id="sm-63c">
         <name>setLightIntHighThreshold</name>
         <value>0x244d</value>
         <object_component_ref idref="oc-9e"/>
      </symbol>
      <symbol id="sm-63d">
         <name>enablePower</name>
         <value>0x2f97</value>
         <object_component_ref idref="oc-9e"/>
      </symbol>
      <symbol id="sm-63e">
         <name>setProxIntHighThresh</name>
         <value>0x23ef</value>
         <object_component_ref idref="oc-9e"/>
      </symbol>
      <symbol id="sm-63f">
         <name>getMode</name>
         <value>0x2925</value>
         <object_component_ref idref="oc-9e"/>
      </symbol>
      <symbol id="sm-640">
         <name>getGestureWaitTime</name>
         <value>0x256f</value>
         <object_component_ref idref="oc-9e"/>
      </symbol>
      <symbol id="sm-641">
         <name>enableGestureSensor</name>
         <value>0x29fd</value>
         <object_component_ref idref="oc-9e"/>
      </symbol>
      <symbol id="sm-642">
         <name>getGestureLEDDrive</name>
         <value>0x2fed</value>
         <object_component_ref idref="oc-9e"/>
      </symbol>
      <symbol id="sm-643">
         <name>setLEDDrive</name>
         <value>0x22d1</value>
         <object_component_ref idref="oc-9e"/>
      </symbol>
      <symbol id="sm-644">
         <name>setProximityGain</name>
         <value>0x232b</value>
         <object_component_ref idref="oc-9e"/>
      </symbol>
      <symbol id="sm-66a">
         <name>i2c_setup</name>
         <value>0x515b</value>
         <object_component_ref idref="oc-92"/>
      </symbol>
      <symbol id="sm-66b">
         <name>ReadDataBlock</name>
         <value>0x51b3</value>
         <object_component_ref idref="oc-92"/>
      </symbol>
      <symbol id="sm-66c">
         <name>i2c_read</name>
         <value>0x50a9</value>
         <object_component_ref idref="oc-92"/>
      </symbol>
      <symbol id="sm-66d">
         <name>i2c_write</name>
         <value>0x510b</value>
         <object_component_ref idref="oc-92"/>
      </symbol>
      <symbol id="sm-6a6">
         <name>int_status</name>
         <value>0x20000534</value>
      </symbol>
      <symbol id="sm-6a7">
         <name>g_ui32SysClock</name>
         <value>0x20000510</value>
      </symbol>
      <symbol id="sm-6a8">
         <name>ui8PrintBuffer</name>
         <value>0x200004f0</value>
      </symbol>
      <symbol id="sm-6a9">
         <name>main</name>
         <value>0x52df</value>
         <object_component_ref idref="oc-31"/>
      </symbol>
      <symbol id="sm-6aa">
         <name>PortAIntHandler</name>
         <value>0x528d</value>
         <object_component_ref idref="oc-31"/>
      </symbol>
      <symbol id="sm-6ab">
         <name>interruptEnable</name>
         <value>0x52a1</value>
         <object_component_ref idref="oc-31"/>
      </symbol>
      <symbol id="sm-6da">
         <name>UART_TerminalSend</name>
         <value>0x570f</value>
         <object_component_ref idref="oc-37"/>
      </symbol>
      <symbol id="sm-6db">
         <name>ConfigureUART_BBG</name>
         <value>0x5667</value>
         <object_component_ref idref="oc-37"/>
      </symbol>
      <symbol id="sm-6dc">
         <name>UART_BBGReceive</name>
         <value>0x56df</value>
         <object_component_ref idref="oc-37"/>
      </symbol>
      <symbol id="sm-6dd">
         <name>UARTIntHandler</name>
         <value>0x55fd</value>
         <object_component_ref idref="oc-37"/>
      </symbol>
      <symbol id="sm-6de">
         <name>UART_BBGSend</name>
         <value>0x56af</value>
         <object_component_ref idref="oc-37"/>
      </symbol>
      <symbol id="sm-6df">
         <name>ConfigureUART_terminal</name>
         <value>0x562d</value>
         <object_component_ref idref="oc-37"/>
      </symbol>
      <symbol id="sm-6f0">
         <name>_c_int00</name>
         <value>0x5e65</value>
         <object_component_ref idref="oc-24"/>
      </symbol>
      <symbol id="sm-6f1">
         <name>__stack</name>
         <value>0x2000026c</value>
         <object_component_ref idref="oc-2a"/>
      </symbol>
      <symbol id="sm-70f">
         <name>__TI_decompress_lzss</name>
         <value>0x5d39</value>
         <object_component_ref idref="oc-12"/>
      </symbol>
      <symbol id="sm-726">
         <name>__TI_decompress_none</name>
         <value>0x6135</value>
         <object_component_ref idref="oc-18"/>
      </symbol>
      <symbol id="sm-738">
         <name>__TI_zero_init</name>
         <value>0x6143</value>
         <object_component_ref idref="oc-1e"/>
      </symbol>
      <symbol id="sm-759">
         <name>C$$EXIT</name>
         <value>0x5eb9</value>
         <object_component_ref idref="oc-7b"/>
      </symbol>
      <symbol id="sm-75a">
         <name>abort</name>
         <value>0x5ebd</value>
         <object_component_ref idref="oc-7b"/>
      </symbol>
      <symbol id="sm-75b">
         <name>exit</name>
         <value>0x5ec5</value>
         <object_component_ref idref="oc-7b"/>
      </symbol>
      <symbol id="sm-75c">
         <name>__TI_dtors_ptr</name>
         <value>0x2000053c</value>
         <object_component_ref idref="oc-f6"/>
      </symbol>
      <symbol id="sm-75d">
         <name>__TI_cleanup_ptr</name>
         <value>0x20000538</value>
         <object_component_ref idref="oc-f6"/>
      </symbol>
      <symbol id="sm-75e">
         <name>__TI_enable_exit_profile_output</name>
         <value>0x20000540</value>
         <object_component_ref idref="oc-f6"/>
      </symbol>
      <symbol id="sm-779">
         <name>memcpy</name>
         <value>0x5aa5</value>
         <object_component_ref idref="oc-4b"/>
      </symbol>
      <symbol id="sm-77a">
         <name>__aeabi_memcpy</name>
         <value>0x5aa5</value>
         <object_component_ref idref="oc-4b"/>
      </symbol>
      <symbol id="sm-77b">
         <name>__aeabi_memcpy8</name>
         <value>0x5aa5</value>
         <object_component_ref idref="oc-4b"/>
      </symbol>
      <symbol id="sm-77c">
         <name>__aeabi_memcpy4</name>
         <value>0x5aa5</value>
         <object_component_ref idref="oc-4b"/>
      </symbol>
      <symbol id="sm-78b">
         <name>__aeabi_memset</name>
         <value>0x5c4f</value>
         <object_component_ref idref="oc-57"/>
      </symbol>
      <symbol id="sm-78c">
         <name>memset</name>
         <value>0x5c55</value>
         <object_component_ref idref="oc-57"/>
      </symbol>
      <symbol id="sm-78d">
         <name>__aeabi_memset8</name>
         <value>0x5c4f</value>
         <object_component_ref idref="oc-57"/>
      </symbol>
      <symbol id="sm-78e">
         <name>__aeabi_memset4</name>
         <value>0x5c4f</value>
         <object_component_ref idref="oc-57"/>
      </symbol>
      <symbol id="sm-78f">
         <name>__aeabi_memclr8</name>
         <value>0x5c4d</value>
         <object_component_ref idref="oc-57"/>
      </symbol>
      <symbol id="sm-790">
         <name>__aeabi_memclr4</name>
         <value>0x5c4d</value>
         <object_component_ref idref="oc-57"/>
      </symbol>
      <symbol id="sm-791">
         <name>__aeabi_memclr</name>
         <value>0x5c4d</value>
         <object_component_ref idref="oc-57"/>
      </symbol>
      <symbol id="sm-79b">
         <name>__mpu_init</name>
         <value>0x1347</value>
         <object_component_ref idref="oc-63"/>
      </symbol>
      <symbol id="sm-7a5">
         <name>_system_pre_init</name>
         <value>0x6161</value>
         <object_component_ref idref="oc-69"/>
      </symbol>
      <symbol id="sm-7be">
         <name>sprintf</name>
         <value>0x5e05</value>
         <object_component_ref idref="oc-98"/>
      </symbol>
      <symbol id="sm-7c6">
         <name>main_func_sp</name>
         <value>0x20000550</value>
         <object_component_ref idref="oc-81"/>
      </symbol>
      <symbol id="sm-7d4">
         <name>strlen</name>
         <value>0x6121</value>
         <object_component_ref idref="oc-c4"/>
      </symbol>
      <symbol id="sm-7ed">
         <name>_nop</name>
         <value>0x6107</value>
         <object_component_ref idref="oc-192"/>
      </symbol>
      <symbol id="sm-7ee">
         <name>_lock</name>
         <value>0x20000544</value>
         <object_component_ref idref="oc-f9"/>
      </symbol>
      <symbol id="sm-7ef">
         <name>_unlock</name>
         <value>0x20000548</value>
         <object_component_ref idref="oc-f9"/>
      </symbol>
      <symbol id="sm-7f0">
         <name>_register_lock</name>
         <value>0x60ff</value>
         <object_component_ref idref="oc-192"/>
      </symbol>
      <symbol id="sm-7f1">
         <name>_register_unlock</name>
         <value>0x60f9</value>
         <object_component_ref idref="oc-192"/>
      </symbol>
      <symbol id="sm-8f2">
         <name>__TI_printfi</name>
         <value>0xa4d</value>
         <object_component_ref idref="oc-12b"/>
      </symbol>
      <symbol id="sm-906">
         <name>_args_main</name>
         <value>0x60c9</value>
         <object_component_ref idref="oc-75"/>
      </symbol>
      <symbol id="sm-91c">
         <name>atoi</name>
         <value>0x5f61</value>
         <object_component_ref idref="oc-204"/>
      </symbol>
      <symbol id="sm-946">
         <name>__TI_auto_init</name>
         <value>0x5cc9</value>
         <object_component_ref idref="oc-6f"/>
      </symbol>
      <symbol id="sm-960">
         <name>copy_in</name>
         <value>0x5fad</value>
         <object_component_ref idref="oc-e6"/>
      </symbol>
      <symbol id="sm-96b">
         <name>_ctypes_</name>
         <value>0x6314</value>
         <object_component_ref idref="oc-274"/>
      </symbol>
      <symbol id="sm-982">
         <name>__aeabi_dsub</name>
         <value>0x5445</value>
         <object_component_ref idref="oc-1ed"/>
      </symbol>
      <symbol id="sm-983">
         <name>__aeabi_dadd</name>
         <value>0x544f</value>
         <object_component_ref idref="oc-1ed"/>
      </symbol>
      <symbol id="sm-9a5">
         <name>__aeabi_cdcmpeq</name>
         <value>0x5b41</value>
         <object_component_ref idref="oc-1c9"/>
      </symbol>
      <symbol id="sm-9a6">
         <name>__aeabi_cdcmple</name>
         <value>0x5b41</value>
         <object_component_ref idref="oc-1c9"/>
      </symbol>
      <symbol id="sm-9a7">
         <name>__aeabi_cdrcmple</name>
         <value>0x5bc7</value>
         <object_component_ref idref="oc-1d8"/>
      </symbol>
      <symbol id="sm-9bb">
         <name>__aeabi_ddiv</name>
         <value>0x5775</value>
         <object_component_ref idref="oc-1d3"/>
      </symbol>
      <symbol id="sm-9c6">
         <name>__aeabi_dmul</name>
         <value>0x58ab</value>
         <object_component_ref idref="oc-1ce"/>
      </symbol>
      <symbol id="sm-9d0">
         <name>__aeabi_d2iz</name>
         <value>0x5ff9</value>
         <object_component_ref idref="oc-1dd"/>
      </symbol>
      <symbol id="sm-9da">
         <name>__aeabi_i2d</name>
         <value>0x607f</value>
         <object_component_ref idref="oc-1e8"/>
      </symbol>
      <symbol id="sm-9e9">
         <name>ltoa</name>
         <value>0x5f0d</value>
         <object_component_ref idref="oc-1e2"/>
      </symbol>
      <symbol id="sm-9f9">
         <name>memccpy</name>
         <value>0x60ad</value>
         <object_component_ref idref="oc-20a"/>
      </symbol>
      <symbol id="sm-a14">
         <name>frexpl</name>
         <value>0x5da1</value>
         <object_component_ref idref="oc-1f2"/>
      </symbol>
      <symbol id="sm-a15">
         <name>frexp</name>
         <value>0x5da1</value>
         <object_component_ref idref="oc-1f2"/>
      </symbol>
      <symbol id="sm-a32">
         <name>scalbn</name>
         <value>0x59a9</value>
         <object_component_ref idref="oc-1f8"/>
      </symbol>
      <symbol id="sm-a33">
         <name>scalbnl</name>
         <value>0x59a9</value>
         <object_component_ref idref="oc-1f8"/>
      </symbol>
      <symbol id="sm-a34">
         <name>ldexpl</name>
         <value>0x59a9</value>
         <object_component_ref idref="oc-1f8"/>
      </symbol>
      <symbol id="sm-a35">
         <name>ldexp</name>
         <value>0x59a9</value>
         <object_component_ref idref="oc-1f8"/>
      </symbol>
      <symbol id="sm-a3f">
         <name>_system_post_cinit</name>
         <value>0x55fb</value>
         <object_component_ref idref="oc-ec"/>
      </symbol>
      <symbol id="sm-a4f">
         <name>strchr</name>
         <value>0x60e1</value>
         <object_component_ref idref="oc-1fe"/>
      </symbol>
      <symbol id="sm-a6b">
         <name>__aeabi_uldivmod</name>
         <value>0x4eb5</value>
         <object_component_ref idref="oc-1c4"/>
      </symbol>
      <symbol id="sm-a73">
         <name>errno</name>
         <value>0x2000054c</value>
         <object_component_ref idref="oc-26d"/>
      </symbol>
      <symbol id="sm-a7d">
         <name>copysign</name>
         <value>0x610d</value>
         <object_component_ref idref="oc-267"/>
      </symbol>
      <symbol id="sm-a7e">
         <name>copysignl</name>
         <value>0x610d</value>
         <object_component_ref idref="oc-267"/>
      </symbol>
      <symbol id="sm-a7f">
         <name>__TI_static_base__</name>
         <value>0x0</value>
      </symbol>
      <symbol id="sm-a82">
         <name>SHT$$INIT_ARRAY$$Limit</name>
         <value>0x0</value>
      </symbol>
      <symbol id="sm-a83">
         <name>SHT$$INIT_ARRAY$$Base</name>
         <value>0x0</value>
      </symbol>
   </symbol_table>
   <title>Link successful</title>
</link_info>
