******************************************************************************
                  TI ARM Linker PC v16.9.4                     
******************************************************************************
>> Linked Sat Apr 28 21:35:48 2018

OUTPUT FILE NAME:   <Gesture_sensor.out>
ENTRY POINT SYMBOL: "_c_int00"  address: 00009fad


MEMORY CONFIGURATION

         name            origin    length      used     unused   attr    fill
----------------------  --------  ---------  --------  --------  ----  --------
  FLASH                 00000000   00100000  0000aaa8  000f5558  R  X
  SRAM                  20000000   00040000  00007cf6  0003830a  RW X


SEGMENT ALLOCATION MAP

run origin  load origin   length   init length attrs members
----------  ----------- ---------- ----------- ----- -------
00000000    00000000    0000aaa8   0000aaa8    r-x
  00000000    00000000    00000208   00000208    r-- .intvecs
  00000208    00000208    0000a0a4   0000a0a4    r-x .text
  0000a2ac    0000a2ac    000007ac   000007ac    r-- .const
  0000aa58    0000aa58    00000050   00000050    r-- .cinit
20000000    20000000    00007cf8   00000000    rw-
  20000000    20000000    0000026c   00000000    rw- .vtable
  2000026c    2000026c    0000781a   00000000    rw- .bss
  20007a88    20007a88    00000200   00000000    rw- .stack
  20007c88    20007c88    00000070   00000000    rw- .data


SECTION ALLOCATION MAP

 output                                  attributes/
section   page    origin      length       input sections
--------  ----  ----------  ----------   ----------------
.intvecs   0    00000000    00000208     
                  00000000    00000208     tm4c1294ncpdt_startup_ccs.obj (.intvecs)

.text      0    00000208    0000a0a4     
                  00000208    00001910     tasks.obj (.text)
                  00001b18    0000113e     rtsv7M4_T_le_v4SPD16_eabi.lib : _printfi.obj (.text)
                  00002c56    00000002                                   : mpu_init.obj (.text)
                  00002c58    00000f88     sysctl.obj (.text)
                  00003be0    00000ea4     gesture_sensor.obj (.text)
                  00004a84    00000ce8     queue.obj (.text)
                  0000576c    00000ba0     gpio.obj (.text)
                  0000630c    00000920     hibernate.obj (.text)
                  00006c2c    00000780     main.obj (.text)
                  000073ac    00000704     i2c.obj (.text)
                  00007ab0    00000638     uart.obj (.text)
                  000080e8    00000590     timers.obj (.text)
                  00008678    000003c0     interrupt.obj (.text)
                  00008a38    000002dc     heap_4.obj (.text)
                  00008d14    0000026c     uart_comm.obj (.text)
                  00008f80    00000254     i2c_comm.obj (.text)
                  000091d4    000001f4     rtsv7M4_T_le_v4SPD16_eabi.lib : ull_div_t2.obj (.text)
                  000093c8    000001b6                                   : fd_add_t2.obj (.text)
                  0000957e    00000002                                   : startup.obj (.text)
                  00009580    0000013c     port.obj (.text)
                  000096bc    00000136     rtsv7M4_T_le_v4SPD16_eabi.lib : fd_div_t2.obj (.text)
                  000097f2    0000012a     list.obj (.text)
                  0000991c    000000fc     rtsv7M4_T_le_v4SPD16_eabi.lib : fd_mul_t2.obj (.text)
                  00009a18    000000fc                                   : s_scalbn.obj (.text)
                  00009b14    000000da     portasm.obj (.text)
                  00009bee    0000009c     rtsv7M4_T_le_v4SPD16_eabi.lib : memcpy_t2.obj (.text)
                  00009c8a    00000086                                   : fd_cmp_t2.obj (.text:__aeabi_cdcmple)
                  00009d10    00000086                                   : fd_cmp_t2.obj (.text:__aeabi_cdrcmple)
                  00009d96    0000007a                                   : memset_t2.obj (.text)
                  00009e10    00000070                                   : autoinit.obj (.text)
                  00009e80    00000068                                   : copy_decompress_lzss.obj (.text:decompress:lzss)
                  00009ee8    00000064                                   : s_frexp.obj (.text)
                  00009f4c    00000060                                   : sprintf.obj (.text)
                  00009fac    00000054                                   : boot.obj (.text)
                  0000a000    00000054                                   : exit.obj (.text)
                  0000a054    00000054                                   : ltoa.obj (.text)
                  0000a0a8    0000004c                                   : atoi.obj (.text)
                  0000a0f4    0000004c                                   : cpy_tbl.obj (.text)
                  0000a140    00000048                                   : fd_toi_t2.obj (.text)
                  0000a188    0000003e     cpu.obj (.text)
                  0000a1c6    0000002e     rtsv7M4_T_le_v4SPD16_eabi.lib : i_tofd_t2.obj (.text)
                  0000a1f4    0000001c                                   : memccpy.obj (.text)
                  0000a210    00000018                                   : args_main.obj (.text)
                  0000a228    00000016                                   : strchr.obj (.text)
                  0000a23e    00000002     --HOLE-- [fill = 0]
                  0000a240    00000014                                   : _lock.obj (.text)
                  0000a254    00000014                                   : s_copysign.obj (.text)
                  0000a268    00000014                                   : strlen.obj (.text)
                  0000a27c    0000000e                                   : copy_decompress_none.obj (.text:decompress:none)
                  0000a28a    0000000c                                   : copy_zero_init.obj (.text:decompress:ZI)
                  0000a296    0000000c     tm4c1294ncpdt_startup_ccs.obj (.text)
                  0000a2a2    00000006     sysctl.obj (.text:SysCtlDelay)
                  0000a2a8    00000004     rtsv7M4_T_le_v4SPD16_eabi.lib : pre_init.obj (.text)

.const     0    0000a2ac    000007ac     
                  0000a2ac    000001b0     sysctl.obj (.const:g_pppui32XTALtoVCO)
                  0000a45c    00000101     rtsv7M4_T_le_v4SPD16_eabi.lib : ctype.obj (.const:.string:_ctypes_)
                  0000a55d    00000003     --HOLE-- [fill = 0]
                  0000a560    000000d8     gpio.obj (.const:g_ppui32GPIOIntMapSnowflake)
                  0000a638    000000c0     gpio.obj (.const:g_ppui32GPIOIntMapBlizzard)
                  0000a6f8    0000009c     interrupt.obj (.const:g_pui32Regs)
                  0000a794    00000090     gpio.obj (.const:g_pui32GPIOBaseAddrs)
                  0000a824    0000006c     sysctl.obj (.const:g_pui32Xtals)
                  0000a890    00000050     i2c.obj (.const:g_ppui32I2CIntMapSnowflake)
                  0000a8e0    00000040     uart.obj (.const:g_ppui32UARTIntMap)
                  0000a920    00000040     uart.obj (.const:g_ppui32UARTIntMapSnowflake)
                  0000a960    00000030     i2c.obj (.const:g_ppui32I2CIntMap)
                  0000a990    00000030     sysctl.obj (.const:g_sXTALtoMEMTIM)
                  0000a9c0    00000020     interrupt.obj (.const:g_pui32Priority)
                  0000a9e0    00000014     interrupt.obj (.const:g_pui32Dii16Regs)
                  0000a9f4    00000014     interrupt.obj (.const:g_pui32EnRegs)
                  0000aa08    00000014     interrupt.obj (.const:g_pui32PendRegs)
                  0000aa1c    00000014     interrupt.obj (.const:g_pui32UnpendRegs)
                  0000aa30    00000008     sysctl.obj (.const:g_pui32VCOFrequencies)
                  0000aa38    00000008     gpio.obj (.const)
                  0000aa40    00000008     i2c.obj (.const)
                  0000aa48    00000008     uart.obj (.const)
                  0000aa50    00000004     heap_4.obj (.const)
                  0000aa54    00000004     port.obj (.const)

.cinit     0    0000aa58    00000050     
                  0000aa58    00000015     (.cinit..data.load) [load image, compression = lzss]
                  0000aa6d    00000003     --HOLE-- [fill = 0]
                  0000aa70    0000000c     (__TI_handler_table)
                  0000aa7c    00000004     --HOLE-- [fill = 0]
                  0000aa80    00000008     (.cinit..bss.load) [load image, compression = zero_init]
                  0000aa88    00000008     (.cinit..vtable.load) [load image, compression = zero_init]
                  0000aa90    00000018     (__TI_cinit_table)

.init_array 
*          0    00000000    00000000     UNINITIALIZED

.vtable    0    20000000    0000026c     UNINITIALIZED
                  20000000    0000026c     interrupt.obj (.vtable)

.bss       0    2000026c    0000781a     UNINITIALIZED
                  2000026c    00007530     heap_4.obj (.bss:ucHeap)
                  2000779c    00000140     tasks.obj (.bss:pxReadyTasksLists)
                  200078dc    00000084     (.common:gesture_data_)
                  20007960    00000050     (.common:xQueueRegistry)
                  200079b0    00000014     timers.obj (.bss:xActiveTimerList1)
                  200079c4    00000014     timers.obj (.bss:xActiveTimerList2)
                  200079d8    00000014     tasks.obj (.bss:xDelayedTaskList1)
                  200079ec    00000014     tasks.obj (.bss:xDelayedTaskList2)
                  20007a00    00000014     tasks.obj (.bss:xPendingReadyList)
                  20007a14    00000014     tasks.obj (.bss:xSuspendedTaskList)
                  20007a28    00000014     tasks.obj (.bss:xTasksWaitingTermination)
                  20007a3c    00000008     tasks.obj (.bss)
                  20007a44    00000008     timers.obj (.bss)
                  20007a4c    00000008     heap_4.obj (.bss:xStart)
                  20007a54    00000004     (.common:GestureTask)
                  20007a58    00000004     (.common:TermSem)
                  20007a5c    00000004     (.common:g_ui32SysClock)
                  20007a60    00000004     (.common:gesture_far_count_)
                  20007a64    00000004     (.common:gesture_lr_count_)
                  20007a68    00000004     (.common:gesture_lr_delta_)
                  20007a6c    00000004     (.common:gesture_motion_)
                  20007a70    00000004     (.common:gesture_near_count_)
                  20007a74    00000004     (.common:gesture_state_)
                  20007a78    00000004     (.common:gesture_ud_count_)
                  20007a7c    00000004     (.common:gesture_ud_delta_)
                  20007a80    00000004     (.common:taskNotify1)
                  20007a84    00000001     (.common:int_status)
                  20007a85    00000001     (.common:uin8bbgSend)

.stack     0    20007a88    00000200     UNINITIALIZED
                  20007a88    00000200     --HOLE--

.data      0    20007c88    00000070     UNINITIALIZED
                  20007c88    00000034     tasks.obj (.data)
                  20007cbc    00000010     heap_4.obj (.data)
                  20007ccc    0000000c     rtsv7M4_T_le_v4SPD16_eabi.lib : exit.obj (.data:$O1$$)
                  20007cd8    0000000c     timers.obj (.data)
                  20007ce4    00000008     rtsv7M4_T_le_v4SPD16_eabi.lib : _lock.obj (.data:$O1$$)
                  20007cec    00000004     port.obj (.data)
                  20007cf0    00000004     rtsv7M4_T_le_v4SPD16_eabi.lib : errno.obj (.data)
                  20007cf4    00000004                                   : stkdepth_vars.obj (.data)

MODULE SUMMARY

       Module                          code    ro data   rw data
       ------                          ----    -------   -------
    .\
       tm4c1294ncpdt_startup_ccs.obj   12      520       0      
    +--+-------------------------------+-------+---------+---------+
       Total:                          12      520       0      
                                                                
    .\Source\
       tasks.obj                       6416    0         480    
       queue.obj                       3304    0         80     
       timers.obj                      1424    0         60     
       list.obj                        298     0         0      
    +--+-------------------------------+-------+---------+---------+
       Total:                          11442   0         620    
                                                                
    .\Source\portable\CCS\ARM_CM4F\
       port.obj                        316     4         4      
       portasm.obj                     218     0         0      
    +--+-------------------------------+-------+---------+---------+
       Total:                          534     4         4      
                                                                
    .\Source\portable\MemMang\
       heap_4.obj                      732     4         30024  
    +--+-------------------------------+-------+---------+---------+
       Total:                          732     4         30024  
                                                                
    .\driverlib\
       sysctl.obj                      3982    596       0      
       gpio.obj                        2976    560       0      
       hibernate.obj                   2336    0         0      
       i2c.obj                         1796    136       0      
       interrupt.obj                   960     268       620    
       uart.obj                        1592    136       0      
       cpu.obj                         62      0         0      
    +--+-------------------------------+-------+---------+---------+
       Total:                          13704   1696      620    
                                                                
    .\src\
       gesture_sensor.obj              3748    0         164    
       main.obj                        1920    0         18     
       uart_comm.obj                   620     0         0      
       i2c_comm.obj                    596     0         0      
    +--+-------------------------------+-------+---------+---------+
       Total:                          6884    0         182    
                                                                
    C:\ti\ccsv7\tools\compiler\ti-cgt-arm_16.9.4.LTS\lib\rtsv7M4_T_le_v4SPD16_eabi.lib
       _printfi.obj                    4414    0         0      
       ull_div_t2.obj                  500     0         0      
       fd_add_t2.obj                   438     0         0      
       fd_div_t2.obj                   310     0         0      
       fd_cmp_t2.obj                   268     0         0      
       ctype.obj                       0       257       0      
       fd_mul_t2.obj                   252     0         0      
       s_scalbn.obj                    252     0         0      
       memcpy_t2.obj                   156     0         0      
       memset_t2.obj                   122     0         0      
       autoinit.obj                    112     0         0      
       copy_decompress_lzss.obj        104     0         0      
       s_frexp.obj                     100     0         0      
       exit.obj                        84      0         12     
       sprintf.obj                     96      0         0      
       boot.obj                        84      0         0      
       ltoa.obj                        84      0         0      
       atoi.obj                        76      0         0      
       cpy_tbl.obj                     76      0         0      
       fd_toi_t2.obj                   72      0         0      
       i_tofd_t2.obj                   46      0         0      
       _lock.obj                       20      0         8      
       memccpy.obj                     28      0         0      
       args_main.obj                   24      0         0      
       strchr.obj                      22      0         0      
       s_copysign.obj                  20      0         0      
       strlen.obj                      20      0         0      
       copy_decompress_none.obj        14      0         0      
       copy_zero_init.obj              12      0         0      
       errno.obj                       0       0         4      
       pre_init.obj                    4       0         0      
       stkdepth_vars.obj               0       0         4      
       mpu_init.obj                    2       0         0      
       startup.obj                     2       0         0      
    +--+-------------------------------+-------+---------+---------+
       Total:                          7814    257       28     
                                                                
       Stack:                          0       0         512    
       Linker Generated:               0       73        0      
    +--+-------------------------------+-------+---------+---------+
       Grand Total:                    41122   2554      31990  


LINKER GENERATED COPY TABLES

__TI_cinit_table @ 0000aa90 records: 3, size/record: 8, table size: 24
	.data: load addr=0000aa58, load size=00000015 bytes, run addr=20007c88, run size=00000070 bytes, compression=lzss
	.bss: load addr=0000aa80, load size=00000008 bytes, run addr=2000026c, run size=0000781a bytes, compression=zero_init
	.vtable: load addr=0000aa88, load size=00000008 bytes, run addr=20000000, run size=0000026c bytes, compression=zero_init


LINKER GENERATED HANDLER TABLE

__TI_handler_table @ 0000aa70 records: 3, size/record: 4, table size: 12
	index: 0, handler: __TI_zero_init
	index: 1, handler: __TI_decompress_lzss
	index: 2, handler: __TI_decompress_none


GLOBAL SYMBOLS: SORTED ALPHABETICALLY BY Name 

address   name                               
-------   ----                               
0000a001  C$$EXIT                            
0000a1bd  CPUbasepriGet                      
0000a1af  CPUbasepriSet                      
0000a189  CPUcpsid                           
0000a19f  CPUcpsie                           
0000a195  CPUprimask                         
0000a1ab  CPUwfi                             
00008dab  ConfigureUART_BBG                  
00008d71  ConfigureUART_terminal             
00007059  CreateTasks                        
000062e5  GPIOADCTriggerDisable              
000062c7  GPIOADCTriggerEnable               
000062a9  GPIODMATriggerDisable              
0000628b  GPIODMATriggerEnable               
0000582b  GPIODirModeGet                     
000057cf  GPIODirModeSet                     
00005d9b  GPIOIntClear                       
00005d5f  GPIOIntDisable                     
00005d45  GPIOIntEnable                      
00005daf  GPIOIntRegister                    
00005de7  GPIOIntRegisterPin                 
00005d79  GPIOIntStatus                      
0000591b  GPIOIntTypeGet                     
00005877  GPIOIntTypeSet                     
00005dcd  GPIOIntUnregister                  
00005e15  GPIOIntUnregisterPin               
00005bf3  GPIOPadConfigGet                   
000059b9  GPIOPadConfigSet                   
0000622d  GPIOPinConfigure                   
00005e39  GPIOPinRead                        
00005e71  GPIOPinTypeADC                     
00005e95  GPIOPinTypeCAN                     
00005eb9  GPIOPinTypeComparator              
00005edd  GPIOPinTypeComparatorOutput        
00005f01  GPIOPinTypeDIVSCLK                 
00005f25  GPIOPinTypeEPI                     
00005f49  GPIOPinTypeEthernetLED             
00005f6d  GPIOPinTypeEthernetMII             
00005f91  GPIOPinTypeGPIOInput               
00005fb5  GPIOPinTypeGPIOOutput              
00005fd9  GPIOPinTypeGPIOOutputOD            
00005ffd  GPIOPinTypeHibernateRTCCLK         
00006021  GPIOPinTypeI2C                     
00006045  GPIOPinTypeI2CSCL                  
00006069  GPIOPinTypeLCD                     
0000608d  GPIOPinTypeOneWire                 
000060b1  GPIOPinTypePWM                     
000060d5  GPIOPinTypeQEI                     
000060f9  GPIOPinTypeSSI                     
0000611d  GPIOPinTypeTimer                   
00006141  GPIOPinTypeTrace                   
00006165  GPIOPinTypeUART                    
00006189  GPIOPinTypeUSBAnalog               
000061ad  GPIOPinTypeUSBDigital              
000061d1  GPIOPinTypeWakeHigh                
000061f7  GPIOPinTypeWakeLow                 
0000621d  GPIOPinWakeStatus                  
00005e51  GPIOPinWrite                       
20007a54  GestureTask                        
000063c3  HibernateBatCheckDone              
000063b1  HibernateBatCheckStart             
00006819  HibernateCalendarGet               
000068e1  HibernateCalendarMatchGet          
000068b9  HibernateCalendarMatchSet          
00006803  HibernateCalendarSet               
0000633d  HibernateClockConfig               
000066ab  HibernateCounterMode               
00006553  HibernateDataGet                   
0000651d  HibernateDataSet                   
0000632b  HibernateDisable                   
00006317  HibernateEnableExpClk              
0000667d  HibernateGPIORetentionDisable      
0000665d  HibernateGPIORetentionEnable       
00006695  HibernateGPIORetentionGet          
00006639  HibernateIntClear                  
000065af  HibernateIntDisable                
0000659b  HibernateIntEnable                 
000065e5  HibernateIntRegister               
0000661b  HibernateIntStatus                 
00006605  HibernateIntUnregister             
0000664d  HibernateIsActive                  
00006483  HibernateLowBatGet                 
00006469  HibernateLowBatSet                 
0000639f  HibernateRTCDisable                
0000638d  HibernateRTCEnable                 
000064b3  HibernateRTCGet                    
000064cb  HibernateRTCMatchGet               
000064b9  HibernateRTCMatchSet               
000064fd  HibernateRTCSSGet                  
000064ed  HibernateRTCSSMatchGet             
000064d9  HibernateRTCSSMatchSet             
0000648f  HibernateRTCSet                    
00006517  HibernateRTCTrimGet                
00006507  HibernateRTCTrimSet                
00006589  HibernateRequest                   
000069e5  HibernateTamperDisable             
000069bb  HibernateTamperEnable              
00006a91  HibernateTamperEventsClear         
00006ac1  HibernateTamperEventsClearNoLock   
00006989  HibernateTamperEventsConfig        
00006b5f  HibernateTamperEventsGet           
00006bcd  HibernateTamperExtOscRecover       
00006bf3  HibernateTamperExtOscValid         
00006a61  HibernateTamperIODisable           
00006a0b  HibernateTamperIOEnable            
00006aeb  HibernateTamperLock                
00006b05  HibernateTamperStatusGet           
00006add  HibernateTamperUnLock              
00006431  HibernateWakeGet                   
000063cd  HibernateWakeSet                   
000079af  I2CFIFODataGet                     
000079c9  I2CFIFODataGetNonBlocking          
00007965  I2CFIFODataPut                     
00007987  I2CFIFODataPutNonBlocking          
00007955  I2CFIFOStatus                      
00007541  I2CIntRegister                     
0000755f  I2CIntUnregister                   
00007a8b  I2CLoopbackEnable                  
00007a05  I2CMasterBurstCountGet             
000079ef  I2CMasterBurstLengthSet            
000077ad  I2CMasterBusBusy                   
00007795  I2CMasterBusy                      
000077c5  I2CMasterControl                   
00007819  I2CMasterDataGet                   
00007803  I2CMasterDataPut                   
0000750d  I2CMasterDisable                   
000074d9  I2CMasterEnable                    
000077d7  I2CMasterErr                       
00007a13  I2CMasterGlitchFilterConfigSet     
0000740f  I2CMasterInitExpClk                
0000770f  I2CMasterIntClear                  
0000772d  I2CMasterIntClearEx                
000075d3  I2CMasterIntDisable                
000075e3  I2CMasterIntDisableEx              
00007579  I2CMasterIntEnable                 
00007589  I2CMasterIntEnableEx               
0000762d  I2CMasterIntStatus                 
00007681  I2CMasterIntStatusEx               
00007787  I2CMasterLineStateGet              
00007765  I2CMasterSlaveAddrSet              
00007827  I2CMasterTimeoutSet                
00007915  I2CRxFIFOConfigSet                 
0000793d  I2CRxFIFOFlush                     
00007839  I2CSlaveACKOverride                
0000786b  I2CSlaveACKValueSet                
0000749b  I2CSlaveAddressSet                 
000078c5  I2CSlaveDataGet                    
000078ad  I2CSlaveDataPut                    
00007523  I2CSlaveDisable                    
000074ef  I2CSlaveEnable                     
00007a79  I2CSlaveFIFODisable                
00007a61  I2CSlaveFIFOEnable                 
00007481  I2CSlaveInit                       
0000773f  I2CSlaveIntClear                   
00007751  I2CSlaveIntClearEx                 
000075fb  I2CSlaveIntDisable                 
00007613  I2CSlaveIntDisableEx               
000075a1  I2CSlaveIntEnable                  
000075b9  I2CSlaveIntEnableEx                
000076a5  I2CSlaveIntStatus                  
000076ed  I2CSlaveIntStatusEx                
0000789d  I2CSlaveStatus                     
000078d5  I2CTxFIFOConfigSet                 
000078fd  I2CTxFIFOFlush                     
00008839  IntDisable                         
000087c7  IntEnable                          
000088ab  IntIsEnabled                       
0000868b  IntMasterDisable                   
0000867b  IntMasterEnable                    
000089a1  IntPendClear                       
00008931  IntPendSet                         
000087a3  IntPriorityGet                     
0000871b  IntPriorityGroupingGet             
00008701  IntPriorityGroupingSet             
000089fb  IntPriorityMaskGet                 
000089ef  IntPriorityMaskSet                 
00008753  IntPrioritySet                     
0000869b  IntRegister                        
00008a03  IntTrigger                         
000086ed  IntUnregister                      
00006c2d  LOG                                
00006c93  PortAIntHandler                    
000090f7  ReadDataBlock                      
00006ce5  RelayGPIOEnable                    
0000a297  ResetISR                           
UNDEFED   SHT$$INIT_ARRAY$$Base              
UNDEFED   SHT$$INIT_ARRAY$$Limit             
00006d4f  StartupTest                        
00003b9d  SysCtlAltClkConfig                 
000032c1  SysCtlClockFreqSet                 
00003789  SysCtlClockGet                     
00003b81  SysCtlClockOutConfig               
000035b9  SysCtlClockSet                     
000031c5  SysCtlDeepSleep                    
00003951  SysCtlDeepSleepClockConfigSet      
00003935  SysCtlDeepSleepClockSet            
000031a5  SysCtlDeepSleepPowerSet            
0000a2a3  SysCtlDelay                        
00002d51  SysCtlFlashSectorSizeGet           
00002d25  SysCtlFlashSizeGet                 
00003a27  SysCtlGPIOAHBDisable               
00003a0b  SysCtlGPIOAHBEnable                
00003139  SysCtlIntClear                     
00003121  SysCtlIntDisable                   
0000310d  SysCtlIntEnable                    
000030e5  SysCtlIntRegister                  
00003149  SysCtlIntStatus                    
000030fd  SysCtlIntUnregister                
0000318b  SysCtlLDODeepSleepGet              
0000317b  SysCtlLDODeepSleepSet              
00003175  SysCtlLDOSleepGet                  
00003165  SysCtlLDOSleepSet                  
000031fb  SysCtlMOSCConfigSet                
00003b65  SysCtlNMIClear                     
00003b55  SysCtlNMIStatus                    
00003211  SysCtlPIOSCCalibrate               
000039f5  SysCtlPWMClockGet                  
000039db  SysCtlPWMClockSet                  
00003091  SysCtlPeripheralClockGating        
00003049  SysCtlPeripheralDeepSleepDisable   
00002ff9  SysCtlPeripheralDeepSleepEnable    
00002f35  SysCtlPeripheralDisable            
00002ef9  SysCtlPeripheralEnable             
00002e35  SysCtlPeripheralPowerOff           
00002df9  SysCtlPeripheralPowerOn            
00002d79  SysCtlPeripheralPresent            
00002db9  SysCtlPeripheralReady              
00002e71  SysCtlPeripheralReset              
00002fbd  SysCtlPeripheralSleepDisable       
00002f79  SysCtlPeripheralSleepEnable        
000031b5  SysCtlReset                        
00003271  SysCtlResetBehaviorGet             
00003261  SysCtlResetBehaviorSet             
000031e7  SysCtlResetCauseClear              
000031e1  SysCtlResetCauseGet                
00002d1b  SysCtlSRAMSizeGet                  
000031bd  SysCtlSleep                        
00003191  SysCtlSleepPowerSet                
00003a4f  SysCtlUSBPLLDisable                
00003a43  SysCtlUSBPLLEnable                 
00003a95  SysCtlVCOGet                       
00003a81  SysCtlVoltageEventClear            
00003a61  SysCtlVoltageEventConfig           
00003a75  SysCtlVoltageEventStatus           
20007a58  TermSem                            
00006c77  TimerConfig                        
0000808b  UART9BitAddrSend                   
00008065  UART9BitAddrSet                    
0000804f  UART9BitDisable                    
00008039  UART9BitEnable                     
00007edf  UARTBreakCtl                       
00007f09  UARTBusy                           
00007e87  UARTCharGet                        
00007e6b  UARTCharGetNonBlocking             
00007ec1  UARTCharPut                        
00007e9d  UARTCharPutNonBlocking             
00007e2f  UARTCharsAvail                     
00008029  UARTClockSourceGet                 
00008015  UARTClockSourceSet                 
00007bf7  UARTConfigGetExpClk                
00007b81  UARTConfigSetExpClk                
00007fdb  UARTDMADisable                     
00007fc3  UARTDMAEnable                      
00007c67  UARTDisable                        
00007ceb  UARTDisableSIR                     
00007c43  UARTEnable                         
00007cbd  UARTEnableSIR                      
00007ca7  UARTFIFODisable                    
00007c91  UARTFIFOEnable                     
00007b59  UARTFIFOLevelGet                   
00007b41  UARTFIFOLevelSet                   
00007def  UARTFlowControlGet                 
00007dd3  UARTFlowControlSet                 
00007fb1  UARTIntClear                       
00007f7b  UARTIntDisable                     
00007f63  UARTIntEnable                      
00008d15  UARTIntHandler                     
00007f27  UARTIntRegister                    
00007f93  UARTIntStatus                      
00007f49  UARTIntUnregister                  
000080d3  UARTLoopbackEnable                 
00007d89  UARTModemControlClear              
00007dad  UARTModemControlGet                
00007d49  UARTModemControlSet                
00007dbf  UARTModemStatusGet                 
00007b2f  UARTParityModeGet                  
00007b13  UARTParityModeSet                  
00008005  UARTRxErrorClear                   
00007ff3  UARTRxErrorGet                     
00007d33  UARTSmartCardDisable               
00007d01  UARTSmartCardEnable                
00007e4d  UARTSpaceAvail                     
00007e1d  UARTTxIntModeGet                   
00007e01  UARTTxIntModeSet                   
00008eb9  UART_BBGReceive                    
00008df3  UART_BBGSend                       
00008ee9  UART_TerminalSend                  
20007c88  __STACK_END                        
00000200  __STACK_SIZE                       
20007c88  __STACK_TOP                        
0000aa90  __TI_CINIT_Base                    
0000aaa8  __TI_CINIT_Limit                   
0000aa70  __TI_Handler_Table_Base            
0000aa7c  __TI_Handler_Table_Limit           
00009e11  __TI_auto_init                     
20007ccc  __TI_cleanup_ptr                   
00009e81  __TI_decompress_lzss               
0000a27d  __TI_decompress_none               
20007cd0  __TI_dtors_ptr                     
20007cd4  __TI_enable_exit_profile_output    
ffffffff  __TI_pprof_out_hndl                
0000235d  __TI_printfi                       
ffffffff  __TI_prof_data_size                
ffffffff  __TI_prof_data_start               
00000000  __TI_static_base__                 
0000a28b  __TI_zero_init                     
00009c8b  __aeabi_cdcmpeq                    
00009c8b  __aeabi_cdcmple                    
00009d11  __aeabi_cdrcmple                   
0000a141  __aeabi_d2iz                       
000093d3  __aeabi_dadd                       
000096bd  __aeabi_ddiv                       
0000991d  __aeabi_dmul                       
000093c9  __aeabi_dsub                       
0000a1c7  __aeabi_i2d                        
00009d97  __aeabi_memclr                     
00009d97  __aeabi_memclr4                    
00009d97  __aeabi_memclr8                    
00009bef  __aeabi_memcpy                     
00009bef  __aeabi_memcpy4                    
00009bef  __aeabi_memcpy8                    
00009d99  __aeabi_memset                     
00009d99  __aeabi_memset4                    
00009d99  __aeabi_memset8                    
000091d5  __aeabi_uldivmod                   
ffffffff  __binit__                          
ffffffff  __c_args__                         
00002c57  __mpu_init                         
20007a88  __stack                            
0000a211  _args_main                         
00009fad  _c_int00                           
0000a45c  _ctypes_                           
20007ce4  _lock                              
0000a24f  _nop                               
0000a247  _register_lock                     
0000a241  _register_unlock                   
0000957f  _system_post_cinit                 
0000a2a9  _system_pre_init                   
20007ce8  _unlock                            
0000a005  abort                              
0000a0a9  atoi                               
ffffffff  binit                              
0000a0f5  copy_in                            
0000a255  copysign                           
0000a255  copysignl                          
0000471f  decodeGesture                      
000043b1  disableGestureSensor               
000048bb  disablePower                       
0000057d  eTaskGetState                      
0000430d  enableGestureSensor                
000048a7  enablePower                        
20007cf0  errno                              
0000a00d  exit                               
00009ee9  frexp                              
00009ee9  frexpl                             
20000000  g_pfnRAMVectors                    
00000000  g_pfnVectors                       
20007a5c  g_ui32SysClock                     
200078dc  gesture_data_                      
20007a60  gesture_far_count_                 
20007a64  gesture_lr_count_                  
20007a68  gesture_lr_delta_                  
20007a6c  gesture_motion_                    
20007a70  gesture_near_count_                
20007a74  gesture_state_                     
20007a78  gesture_ud_count_                  
20007a7c  gesture_ud_delta_                  
000048d5  getGestureGain                     
000041b9  getGestureIntEnable                
000048fd  getGestureLEDDrive                 
000040ed  getGestureMode                     
00003e7f  getGestureWaitTime                 
00004235  getMode                            
00008f81  i2c_read                           
00008fe3  i2c_readID                         
0000909f  i2c_setup                          
0000904f  i2c_write                          
20007a84  int_status                         
00006ca7  interruptEnable                    
000043e1  isGestureAvailable                 
00009a19  ldexp                              
00009a19  ldexpl                             
0000a055  ltoa                               
00007191  main                               
20007cf4  main_func_sp                       
0000a1f5  memccpy                            
00009bef  memcpy                             
00009d9f  memset                             
00005683  pcQueueGetName                     
00000b5b  pcTaskGetName                      
00008221  pcTimerGetName                     
0000440d  processGestureData                 
00008a39  pvPortMalloc                       
00001637  pvTaskIncrementMutexHeldCount      
00008609  pvTimerGetTimerID                  
20007c88  pxCurrentTCB                       
00009581  pxPortInitialiseStack              
00004929  readGesture                        
00004055  resetGestureParameters             
00009a19  scalbn                             
00009a19  scalbnl                            
00003ea1  sensor_init                        
00003c95  setAmbientLightGain                
00003da1  setGestureEnterThresh              
00003dbb  setGestureExitThresh               
0000415f  setGestureGain                     
000041db  setGestureIntEnable                
00003dd5  setGestureLEDDrive                 
0000410f  setGestureMode                     
00003e2f  setGestureWaitTime                 
00004093  setLEDBoost                        
00003be1  setLEDDrive                        
00003d5d  setLightIntHighThreshold           
00003d19  setLightIntLowThreshold            
0000424b  setMode                            
00003cff  setProxIntHighThresh               
00003ce5  setProxIntLowThresh                
00003c3b  setProximityGain                   
00009f4d  sprintf                            
0000a229  strchr                             
0000a269  strlen                             
20007a80  taskNotify1                        
000053e5  ucQueueGetQueueType                
20007a85  uin8bbgSend                        
0000aa54  ulMaxSyscallInterruptPriority      
00009b25  ulPortGetIPSR                      
00001655  ulTaskNotifyTake                   
000098d5  uxListRemove                       
000053c5  uxQueueGetQueueNumber              
00005367  uxQueueMessagesWaiting             
0000539d  uxQueueMessagesWaitingFromISR      
0000537d  uxQueueSpacesAvailable             
00000b55  uxTaskGetNumberOfTasks             
000012e9  uxTaskGetStackHighWaterMark        
00000b81  uxTaskGetSystemState               
00001077  uxTaskGetTaskNumber                
00000611  uxTaskPriorityGet                  
00000641  uxTaskPriorityGetFromISR           
00001615  uxTaskResetEventItemValue          
0000863d  uxTimerGetTimerNumber              
00006d45  vApplicationStackOverflowHook      
00006ee9  vGestureTask                       
000097f3  vListInitialise                    
00009823  vListInitialiseItem                
0000986f  vListInsert                        
00009833  vListInsertEnd                     
00006d6d  vMainTask                          
00009be1  vPortEnableVFP                     
00009621  vPortEndScheduler                  
00009623  vPortEnterCritical                 
00009643  vPortExitCritical                  
00008b49  vPortFree                          
00008bab  vPortInitialiseBlocks              
00009b9d  vPortSVCHandler                    
0000967f  vPortSetupTimerInterrupt           
00009bbd  vPortStartFirstTask                
00005641  vQueueAddToRegistry                
000053af  vQueueDelete                       
000053d3  vQueueSetQueueNumber               
000056c3  vQueueUnregisterQueue              
00005707  vQueueWaitForMessageRestricted     
00006d75  vRelayTask                         
00000541  vTaskDelay                         
000004b1  vTaskDelayUntil                    
00000403  vTaskDelete                        
00000a19  vTaskEndScheduler                  
00001159  vTaskGetInfo                       
00000fc5  vTaskInternalSetTimeOutState       
0000106f  vTaskMissedYield                   
00001971  vTaskNotifyGiveFromISR             
00000e3f  vTaskPlaceOnEventList              
00000e8d  vTaskPlaceOnEventListRestricted    
00000e5b  vTaskPlaceOnUnorderedEventList     
0000153d  vTaskPriorityDisinheritAfterTimeout
0000068d  vTaskPrioritySet                   
00000f45  vTaskRemoveFromUnorderedEventList  
000008b5  vTaskResume                        
0000109d  vTaskSetTaskNumber                 
00000fa7  vTaskSetTimeOutState               
000009bd  vTaskStartScheduler                
000007a5  vTaskSuspend                       
00000a35  vTaskSuspendAll                    
00000d9d  vTaskSwitchContext                 
00008623  vTimerSetTimerID                   
0000864b  vTimerSetTimerNumber               
00008b9f  xPortGetFreeHeapSize               
00008ba5  xPortGetMinimumEverFreeHeapSize    
00009b3d  xPortPendSVHandler                 
000095eb  xPortStartScheduler                
00009659  xPortSysTickHandler                
00004bdd  xQueueCreateMutex                  
00004b23  xQueueGenericCreate                
00004a85  xQueueGenericReset                 
00004c89  xQueueGenericSend                  
00004db7  xQueueGenericSendFromISR           
00004e51  xQueueGiveFromISR                  
00004c09  xQueueGiveMutexRecursive           
000055dd  xQueueIsQueueEmptyFromISR          
0000561f  xQueueIsQueueFullFromISR           
0000515b  xQueuePeek                         
00005315  xQueuePeekFromISR                  
00004ee3  xQueueReceive                      
0000527d  xQueueReceiveFromISR               
20007960  xQueueRegistry                     
00005001  xQueueSemaphoreTake                
00004c45  xQueueTakeMutexRecursive           
00000ff1  xTaskCheckForTimeOut               
00000209  xTaskCreate                        
00001777  xTaskGenericNotify                 
00001861  xTaskGenericNotifyFromISR          
0000135d  xTaskGetCurrentTaskHandle          
00001381  xTaskGetSchedulerState             
00000b31  xTaskGetTickCount                  
00000b41  xTaskGetTickCountFromISR           
00000c75  xTaskIncrementTick                 
00001a1f  xTaskNotifyStateClear              
000016d5  xTaskNotifyWait                    
0000149b  xTaskPriorityDisinherit            
000013b9  xTaskPriorityInherit               
00000ebd  xTaskRemoveFromEventList           
00000a49  xTaskResumeAll                     
0000092f  xTaskResumeFromISR                 
00008113  xTimerCreate                       
000080e9  xTimerCreateTimerTask              
00008187  xTimerGenericCommand               
0000820b  xTimerGetExpiryTime                
000081f9  xTimerGetPeriod                    
000081f3  xTimerGetTimerDaemonTaskHandle     
000085dd  xTimerIsTimerActive                


GLOBAL SYMBOLS: SORTED BY Symbol Address 

address   name                               
-------   ----                               
00000000  __TI_static_base__                 
00000000  g_pfnVectors                       
00000200  __STACK_SIZE                       
00000209  xTaskCreate                        
00000403  vTaskDelete                        
000004b1  vTaskDelayUntil                    
00000541  vTaskDelay                         
0000057d  eTaskGetState                      
00000611  uxTaskPriorityGet                  
00000641  uxTaskPriorityGetFromISR           
0000068d  vTaskPrioritySet                   
000007a5  vTaskSuspend                       
000008b5  vTaskResume                        
0000092f  xTaskResumeFromISR                 
000009bd  vTaskStartScheduler                
00000a19  vTaskEndScheduler                  
00000a35  vTaskSuspendAll                    
00000a49  xTaskResumeAll                     
00000b31  xTaskGetTickCount                  
00000b41  xTaskGetTickCountFromISR           
00000b55  uxTaskGetNumberOfTasks             
00000b5b  pcTaskGetName                      
00000b81  uxTaskGetSystemState               
00000c75  xTaskIncrementTick                 
00000d9d  vTaskSwitchContext                 
00000e3f  vTaskPlaceOnEventList              
00000e5b  vTaskPlaceOnUnorderedEventList     
00000e8d  vTaskPlaceOnEventListRestricted    
00000ebd  xTaskRemoveFromEventList           
00000f45  vTaskRemoveFromUnorderedEventList  
00000fa7  vTaskSetTimeOutState               
00000fc5  vTaskInternalSetTimeOutState       
00000ff1  xTaskCheckForTimeOut               
0000106f  vTaskMissedYield                   
00001077  uxTaskGetTaskNumber                
0000109d  vTaskSetTaskNumber                 
00001159  vTaskGetInfo                       
000012e9  uxTaskGetStackHighWaterMark        
0000135d  xTaskGetCurrentTaskHandle          
00001381  xTaskGetSchedulerState             
000013b9  xTaskPriorityInherit               
0000149b  xTaskPriorityDisinherit            
0000153d  vTaskPriorityDisinheritAfterTimeout
00001615  uxTaskResetEventItemValue          
00001637  pvTaskIncrementMutexHeldCount      
00001655  ulTaskNotifyTake                   
000016d5  xTaskNotifyWait                    
00001777  xTaskGenericNotify                 
00001861  xTaskGenericNotifyFromISR          
00001971  vTaskNotifyGiveFromISR             
00001a1f  xTaskNotifyStateClear              
0000235d  __TI_printfi                       
00002c57  __mpu_init                         
00002d1b  SysCtlSRAMSizeGet                  
00002d25  SysCtlFlashSizeGet                 
00002d51  SysCtlFlashSectorSizeGet           
00002d79  SysCtlPeripheralPresent            
00002db9  SysCtlPeripheralReady              
00002df9  SysCtlPeripheralPowerOn            
00002e35  SysCtlPeripheralPowerOff           
00002e71  SysCtlPeripheralReset              
00002ef9  SysCtlPeripheralEnable             
00002f35  SysCtlPeripheralDisable            
00002f79  SysCtlPeripheralSleepEnable        
00002fbd  SysCtlPeripheralSleepDisable       
00002ff9  SysCtlPeripheralDeepSleepEnable    
00003049  SysCtlPeripheralDeepSleepDisable   
00003091  SysCtlPeripheralClockGating        
000030e5  SysCtlIntRegister                  
000030fd  SysCtlIntUnregister                
0000310d  SysCtlIntEnable                    
00003121  SysCtlIntDisable                   
00003139  SysCtlIntClear                     
00003149  SysCtlIntStatus                    
00003165  SysCtlLDOSleepSet                  
00003175  SysCtlLDOSleepGet                  
0000317b  SysCtlLDODeepSleepSet              
0000318b  SysCtlLDODeepSleepGet              
00003191  SysCtlSleepPowerSet                
000031a5  SysCtlDeepSleepPowerSet            
000031b5  SysCtlReset                        
000031bd  SysCtlSleep                        
000031c5  SysCtlDeepSleep                    
000031e1  SysCtlResetCauseGet                
000031e7  SysCtlResetCauseClear              
000031fb  SysCtlMOSCConfigSet                
00003211  SysCtlPIOSCCalibrate               
00003261  SysCtlResetBehaviorSet             
00003271  SysCtlResetBehaviorGet             
000032c1  SysCtlClockFreqSet                 
000035b9  SysCtlClockSet                     
00003789  SysCtlClockGet                     
00003935  SysCtlDeepSleepClockSet            
00003951  SysCtlDeepSleepClockConfigSet      
000039db  SysCtlPWMClockSet                  
000039f5  SysCtlPWMClockGet                  
00003a0b  SysCtlGPIOAHBEnable                
00003a27  SysCtlGPIOAHBDisable               
00003a43  SysCtlUSBPLLEnable                 
00003a4f  SysCtlUSBPLLDisable                
00003a61  SysCtlVoltageEventConfig           
00003a75  SysCtlVoltageEventStatus           
00003a81  SysCtlVoltageEventClear            
00003a95  SysCtlVCOGet                       
00003b55  SysCtlNMIStatus                    
00003b65  SysCtlNMIClear                     
00003b81  SysCtlClockOutConfig               
00003b9d  SysCtlAltClkConfig                 
00003be1  setLEDDrive                        
00003c3b  setProximityGain                   
00003c95  setAmbientLightGain                
00003ce5  setProxIntLowThresh                
00003cff  setProxIntHighThresh               
00003d19  setLightIntLowThreshold            
00003d5d  setLightIntHighThreshold           
00003da1  setGestureEnterThresh              
00003dbb  setGestureExitThresh               
00003dd5  setGestureLEDDrive                 
00003e2f  setGestureWaitTime                 
00003e7f  getGestureWaitTime                 
00003ea1  sensor_init                        
00004055  resetGestureParameters             
00004093  setLEDBoost                        
000040ed  getGestureMode                     
0000410f  setGestureMode                     
0000415f  setGestureGain                     
000041b9  getGestureIntEnable                
000041db  setGestureIntEnable                
00004235  getMode                            
0000424b  setMode                            
0000430d  enableGestureSensor                
000043b1  disableGestureSensor               
000043e1  isGestureAvailable                 
0000440d  processGestureData                 
0000471f  decodeGesture                      
000048a7  enablePower                        
000048bb  disablePower                       
000048d5  getGestureGain                     
000048fd  getGestureLEDDrive                 
00004929  readGesture                        
00004a85  xQueueGenericReset                 
00004b23  xQueueGenericCreate                
00004bdd  xQueueCreateMutex                  
00004c09  xQueueGiveMutexRecursive           
00004c45  xQueueTakeMutexRecursive           
00004c89  xQueueGenericSend                  
00004db7  xQueueGenericSendFromISR           
00004e51  xQueueGiveFromISR                  
00004ee3  xQueueReceive                      
00005001  xQueueSemaphoreTake                
0000515b  xQueuePeek                         
0000527d  xQueueReceiveFromISR               
00005315  xQueuePeekFromISR                  
00005367  uxQueueMessagesWaiting             
0000537d  uxQueueSpacesAvailable             
0000539d  uxQueueMessagesWaitingFromISR      
000053af  vQueueDelete                       
000053c5  uxQueueGetQueueNumber              
000053d3  vQueueSetQueueNumber               
000053e5  ucQueueGetQueueType                
000055dd  xQueueIsQueueEmptyFromISR          
0000561f  xQueueIsQueueFullFromISR           
00005641  vQueueAddToRegistry                
00005683  pcQueueGetName                     
000056c3  vQueueUnregisterQueue              
00005707  vQueueWaitForMessageRestricted     
000057cf  GPIODirModeSet                     
0000582b  GPIODirModeGet                     
00005877  GPIOIntTypeSet                     
0000591b  GPIOIntTypeGet                     
000059b9  GPIOPadConfigSet                   
00005bf3  GPIOPadConfigGet                   
00005d45  GPIOIntEnable                      
00005d5f  GPIOIntDisable                     
00005d79  GPIOIntStatus                      
00005d9b  GPIOIntClear                       
00005daf  GPIOIntRegister                    
00005dcd  GPIOIntUnregister                  
00005de7  GPIOIntRegisterPin                 
00005e15  GPIOIntUnregisterPin               
00005e39  GPIOPinRead                        
00005e51  GPIOPinWrite                       
00005e71  GPIOPinTypeADC                     
00005e95  GPIOPinTypeCAN                     
00005eb9  GPIOPinTypeComparator              
00005edd  GPIOPinTypeComparatorOutput        
00005f01  GPIOPinTypeDIVSCLK                 
00005f25  GPIOPinTypeEPI                     
00005f49  GPIOPinTypeEthernetLED             
00005f6d  GPIOPinTypeEthernetMII             
00005f91  GPIOPinTypeGPIOInput               
00005fb5  GPIOPinTypeGPIOOutput              
00005fd9  GPIOPinTypeGPIOOutputOD            
00005ffd  GPIOPinTypeHibernateRTCCLK         
00006021  GPIOPinTypeI2C                     
00006045  GPIOPinTypeI2CSCL                  
00006069  GPIOPinTypeLCD                     
0000608d  GPIOPinTypeOneWire                 
000060b1  GPIOPinTypePWM                     
000060d5  GPIOPinTypeQEI                     
000060f9  GPIOPinTypeSSI                     
0000611d  GPIOPinTypeTimer                   
00006141  GPIOPinTypeTrace                   
00006165  GPIOPinTypeUART                    
00006189  GPIOPinTypeUSBAnalog               
000061ad  GPIOPinTypeUSBDigital              
000061d1  GPIOPinTypeWakeHigh                
000061f7  GPIOPinTypeWakeLow                 
0000621d  GPIOPinWakeStatus                  
0000622d  GPIOPinConfigure                   
0000628b  GPIODMATriggerEnable               
000062a9  GPIODMATriggerDisable              
000062c7  GPIOADCTriggerEnable               
000062e5  GPIOADCTriggerDisable              
00006317  HibernateEnableExpClk              
0000632b  HibernateDisable                   
0000633d  HibernateClockConfig               
0000638d  HibernateRTCEnable                 
0000639f  HibernateRTCDisable                
000063b1  HibernateBatCheckStart             
000063c3  HibernateBatCheckDone              
000063cd  HibernateWakeSet                   
00006431  HibernateWakeGet                   
00006469  HibernateLowBatSet                 
00006483  HibernateLowBatGet                 
0000648f  HibernateRTCSet                    
000064b3  HibernateRTCGet                    
000064b9  HibernateRTCMatchSet               
000064cb  HibernateRTCMatchGet               
000064d9  HibernateRTCSSMatchSet             
000064ed  HibernateRTCSSMatchGet             
000064fd  HibernateRTCSSGet                  
00006507  HibernateRTCTrimSet                
00006517  HibernateRTCTrimGet                
0000651d  HibernateDataSet                   
00006553  HibernateDataGet                   
00006589  HibernateRequest                   
0000659b  HibernateIntEnable                 
000065af  HibernateIntDisable                
000065e5  HibernateIntRegister               
00006605  HibernateIntUnregister             
0000661b  HibernateIntStatus                 
00006639  HibernateIntClear                  
0000664d  HibernateIsActive                  
0000665d  HibernateGPIORetentionEnable       
0000667d  HibernateGPIORetentionDisable      
00006695  HibernateGPIORetentionGet          
000066ab  HibernateCounterMode               
00006803  HibernateCalendarSet               
00006819  HibernateCalendarGet               
000068b9  HibernateCalendarMatchSet          
000068e1  HibernateCalendarMatchGet          
00006989  HibernateTamperEventsConfig        
000069bb  HibernateTamperEnable              
000069e5  HibernateTamperDisable             
00006a0b  HibernateTamperIOEnable            
00006a61  HibernateTamperIODisable           
00006a91  HibernateTamperEventsClear         
00006ac1  HibernateTamperEventsClearNoLock   
00006add  HibernateTamperUnLock              
00006aeb  HibernateTamperLock                
00006b05  HibernateTamperStatusGet           
00006b5f  HibernateTamperEventsGet           
00006bcd  HibernateTamperExtOscRecover       
00006bf3  HibernateTamperExtOscValid         
00006c2d  LOG                                
00006c77  TimerConfig                        
00006c93  PortAIntHandler                    
00006ca7  interruptEnable                    
00006ce5  RelayGPIOEnable                    
00006d45  vApplicationStackOverflowHook      
00006d4f  StartupTest                        
00006d6d  vMainTask                          
00006d75  vRelayTask                         
00006ee9  vGestureTask                       
00007059  CreateTasks                        
00007191  main                               
0000740f  I2CMasterInitExpClk                
00007481  I2CSlaveInit                       
0000749b  I2CSlaveAddressSet                 
000074d9  I2CMasterEnable                    
000074ef  I2CSlaveEnable                     
0000750d  I2CMasterDisable                   
00007523  I2CSlaveDisable                    
00007541  I2CIntRegister                     
0000755f  I2CIntUnregister                   
00007579  I2CMasterIntEnable                 
00007589  I2CMasterIntEnableEx               
000075a1  I2CSlaveIntEnable                  
000075b9  I2CSlaveIntEnableEx                
000075d3  I2CMasterIntDisable                
000075e3  I2CMasterIntDisableEx              
000075fb  I2CSlaveIntDisable                 
00007613  I2CSlaveIntDisableEx               
0000762d  I2CMasterIntStatus                 
00007681  I2CMasterIntStatusEx               
000076a5  I2CSlaveIntStatus                  
000076ed  I2CSlaveIntStatusEx                
0000770f  I2CMasterIntClear                  
0000772d  I2CMasterIntClearEx                
0000773f  I2CSlaveIntClear                   
00007751  I2CSlaveIntClearEx                 
00007765  I2CMasterSlaveAddrSet              
00007787  I2CMasterLineStateGet              
00007795  I2CMasterBusy                      
000077ad  I2CMasterBusBusy                   
000077c5  I2CMasterControl                   
000077d7  I2CMasterErr                       
00007803  I2CMasterDataPut                   
00007819  I2CMasterDataGet                   
00007827  I2CMasterTimeoutSet                
00007839  I2CSlaveACKOverride                
0000786b  I2CSlaveACKValueSet                
0000789d  I2CSlaveStatus                     
000078ad  I2CSlaveDataPut                    
000078c5  I2CSlaveDataGet                    
000078d5  I2CTxFIFOConfigSet                 
000078fd  I2CTxFIFOFlush                     
00007915  I2CRxFIFOConfigSet                 
0000793d  I2CRxFIFOFlush                     
00007955  I2CFIFOStatus                      
00007965  I2CFIFODataPut                     
00007987  I2CFIFODataPutNonBlocking          
000079af  I2CFIFODataGet                     
000079c9  I2CFIFODataGetNonBlocking          
000079ef  I2CMasterBurstLengthSet            
00007a05  I2CMasterBurstCountGet             
00007a13  I2CMasterGlitchFilterConfigSet     
00007a61  I2CSlaveFIFOEnable                 
00007a79  I2CSlaveFIFODisable                
00007a8b  I2CLoopbackEnable                  
00007b13  UARTParityModeSet                  
00007b2f  UARTParityModeGet                  
00007b41  UARTFIFOLevelSet                   
00007b59  UARTFIFOLevelGet                   
00007b81  UARTConfigSetExpClk                
00007bf7  UARTConfigGetExpClk                
00007c43  UARTEnable                         
00007c67  UARTDisable                        
00007c91  UARTFIFOEnable                     
00007ca7  UARTFIFODisable                    
00007cbd  UARTEnableSIR                      
00007ceb  UARTDisableSIR                     
00007d01  UARTSmartCardEnable                
00007d33  UARTSmartCardDisable               
00007d49  UARTModemControlSet                
00007d89  UARTModemControlClear              
00007dad  UARTModemControlGet                
00007dbf  UARTModemStatusGet                 
00007dd3  UARTFlowControlSet                 
00007def  UARTFlowControlGet                 
00007e01  UARTTxIntModeSet                   
00007e1d  UARTTxIntModeGet                   
00007e2f  UARTCharsAvail                     
00007e4d  UARTSpaceAvail                     
00007e6b  UARTCharGetNonBlocking             
00007e87  UARTCharGet                        
00007e9d  UARTCharPutNonBlocking             
00007ec1  UARTCharPut                        
00007edf  UARTBreakCtl                       
00007f09  UARTBusy                           
00007f27  UARTIntRegister                    
00007f49  UARTIntUnregister                  
00007f63  UARTIntEnable                      
00007f7b  UARTIntDisable                     
00007f93  UARTIntStatus                      
00007fb1  UARTIntClear                       
00007fc3  UARTDMAEnable                      
00007fdb  UARTDMADisable                     
00007ff3  UARTRxErrorGet                     
00008005  UARTRxErrorClear                   
00008015  UARTClockSourceSet                 
00008029  UARTClockSourceGet                 
00008039  UART9BitEnable                     
0000804f  UART9BitDisable                    
00008065  UART9BitAddrSet                    
0000808b  UART9BitAddrSend                   
000080d3  UARTLoopbackEnable                 
000080e9  xTimerCreateTimerTask              
00008113  xTimerCreate                       
00008187  xTimerGenericCommand               
000081f3  xTimerGetTimerDaemonTaskHandle     
000081f9  xTimerGetPeriod                    
0000820b  xTimerGetExpiryTime                
00008221  pcTimerGetName                     
000085dd  xTimerIsTimerActive                
00008609  pvTimerGetTimerID                  
00008623  vTimerSetTimerID                   
0000863d  uxTimerGetTimerNumber              
0000864b  vTimerSetTimerNumber               
0000867b  IntMasterEnable                    
0000868b  IntMasterDisable                   
0000869b  IntRegister                        
000086ed  IntUnregister                      
00008701  IntPriorityGroupingSet             
0000871b  IntPriorityGroupingGet             
00008753  IntPrioritySet                     
000087a3  IntPriorityGet                     
000087c7  IntEnable                          
00008839  IntDisable                         
000088ab  IntIsEnabled                       
00008931  IntPendSet                         
000089a1  IntPendClear                       
000089ef  IntPriorityMaskSet                 
000089fb  IntPriorityMaskGet                 
00008a03  IntTrigger                         
00008a39  pvPortMalloc                       
00008b49  vPortFree                          
00008b9f  xPortGetFreeHeapSize               
00008ba5  xPortGetMinimumEverFreeHeapSize    
00008bab  vPortInitialiseBlocks              
00008d15  UARTIntHandler                     
00008d71  ConfigureUART_terminal             
00008dab  ConfigureUART_BBG                  
00008df3  UART_BBGSend                       
00008eb9  UART_BBGReceive                    
00008ee9  UART_TerminalSend                  
00008f81  i2c_read                           
00008fe3  i2c_readID                         
0000904f  i2c_write                          
0000909f  i2c_setup                          
000090f7  ReadDataBlock                      
000091d5  __aeabi_uldivmod                   
000093c9  __aeabi_dsub                       
000093d3  __aeabi_dadd                       
0000957f  _system_post_cinit                 
00009581  pxPortInitialiseStack              
000095eb  xPortStartScheduler                
00009621  vPortEndScheduler                  
00009623  vPortEnterCritical                 
00009643  vPortExitCritical                  
00009659  xPortSysTickHandler                
0000967f  vPortSetupTimerInterrupt           
000096bd  __aeabi_ddiv                       
000097f3  vListInitialise                    
00009823  vListInitialiseItem                
00009833  vListInsertEnd                     
0000986f  vListInsert                        
000098d5  uxListRemove                       
0000991d  __aeabi_dmul                       
00009a19  ldexp                              
00009a19  ldexpl                             
00009a19  scalbn                             
00009a19  scalbnl                            
00009b25  ulPortGetIPSR                      
00009b3d  xPortPendSVHandler                 
00009b9d  vPortSVCHandler                    
00009bbd  vPortStartFirstTask                
00009be1  vPortEnableVFP                     
00009bef  __aeabi_memcpy                     
00009bef  __aeabi_memcpy4                    
00009bef  __aeabi_memcpy8                    
00009bef  memcpy                             
00009c8b  __aeabi_cdcmpeq                    
00009c8b  __aeabi_cdcmple                    
00009d11  __aeabi_cdrcmple                   
00009d97  __aeabi_memclr                     
00009d97  __aeabi_memclr4                    
00009d97  __aeabi_memclr8                    
00009d99  __aeabi_memset                     
00009d99  __aeabi_memset4                    
00009d99  __aeabi_memset8                    
00009d9f  memset                             
00009e11  __TI_auto_init                     
00009e81  __TI_decompress_lzss               
00009ee9  frexp                              
00009ee9  frexpl                             
00009f4d  sprintf                            
00009fad  _c_int00                           
0000a001  C$$EXIT                            
0000a005  abort                              
0000a00d  exit                               
0000a055  ltoa                               
0000a0a9  atoi                               
0000a0f5  copy_in                            
0000a141  __aeabi_d2iz                       
0000a189  CPUcpsid                           
0000a195  CPUprimask                         
0000a19f  CPUcpsie                           
0000a1ab  CPUwfi                             
0000a1af  CPUbasepriSet                      
0000a1bd  CPUbasepriGet                      
0000a1c7  __aeabi_i2d                        
0000a1f5  memccpy                            
0000a211  _args_main                         
0000a229  strchr                             
0000a241  _register_unlock                   
0000a247  _register_lock                     
0000a24f  _nop                               
0000a255  copysign                           
0000a255  copysignl                          
0000a269  strlen                             
0000a27d  __TI_decompress_none               
0000a28b  __TI_zero_init                     
0000a297  ResetISR                           
0000a2a3  SysCtlDelay                        
0000a2a9  _system_pre_init                   
0000a45c  _ctypes_                           
0000aa54  ulMaxSyscallInterruptPriority      
0000aa70  __TI_Handler_Table_Base            
0000aa7c  __TI_Handler_Table_Limit           
0000aa90  __TI_CINIT_Base                    
0000aaa8  __TI_CINIT_Limit                   
20000000  g_pfnRAMVectors                    
200078dc  gesture_data_                      
20007960  xQueueRegistry                     
20007a54  GestureTask                        
20007a58  TermSem                            
20007a5c  g_ui32SysClock                     
20007a60  gesture_far_count_                 
20007a64  gesture_lr_count_                  
20007a68  gesture_lr_delta_                  
20007a6c  gesture_motion_                    
20007a70  gesture_near_count_                
20007a74  gesture_state_                     
20007a78  gesture_ud_count_                  
20007a7c  gesture_ud_delta_                  
20007a80  taskNotify1                        
20007a84  int_status                         
20007a85  uin8bbgSend                        
20007a88  __stack                            
20007c88  __STACK_END                        
20007c88  __STACK_TOP                        
20007c88  pxCurrentTCB                       
20007ccc  __TI_cleanup_ptr                   
20007cd0  __TI_dtors_ptr                     
20007cd4  __TI_enable_exit_profile_output    
20007ce4  _lock                              
20007ce8  _unlock                            
20007cf0  errno                              
20007cf4  main_func_sp                       
ffffffff  __TI_pprof_out_hndl                
ffffffff  __TI_prof_data_size                
ffffffff  __TI_prof_data_start               
ffffffff  __binit__                          
ffffffff  __c_args__                         
ffffffff  binit                              
UNDEFED   SHT$$INIT_ARRAY$$Base              
UNDEFED   SHT$$INIT_ARRAY$$Limit             

[539 symbols]
