<?xml version="1.0"?>
<link_info>
   <banner>TI ARM Linker PC v16.9.4.LTS</banner>
   <copyright>Copyright (c) 1996-2017 Texas Instruments Incorporated</copyright>
   <link_time>0x5ae53d94</link_time>
   <link_errors>0x0</link_errors>
   <output_file>Gesture_sensor.out</output_file>
   <entry_point>
      <name>_c_int00</name>
      <address>0x9fad</address>
   </entry_point>
   <input_file_list>
      <input_file id="fl-2">
         <path>.\</path>
         <kind>object</kind>
         <file>epi_workaround_ccs.obj</file>
         <name>epi_workaround_ccs.obj</name>
      </input_file>
      <input_file id="fl-3">
         <path>.\</path>
         <kind>object</kind>
         <file>tm4c1294ncpdt_startup_ccs.obj</file>
         <name>tm4c1294ncpdt_startup_ccs.obj</name>
      </input_file>
      <input_file id="fl-4">
         <path>.\Source\</path>
         <kind>object</kind>
         <file>croutine.obj</file>
         <name>croutine.obj</name>
      </input_file>
      <input_file id="fl-5">
         <path>.\Source\</path>
         <kind>object</kind>
         <file>event_groups.obj</file>
         <name>event_groups.obj</name>
      </input_file>
      <input_file id="fl-6">
         <path>.\Source\</path>
         <kind>object</kind>
         <file>list.obj</file>
         <name>list.obj</name>
      </input_file>
      <input_file id="fl-7">
         <path>.\Source\</path>
         <kind>object</kind>
         <file>queue.obj</file>
         <name>queue.obj</name>
      </input_file>
      <input_file id="fl-8">
         <path>.\Source\</path>
         <kind>object</kind>
         <file>stream_buffer.obj</file>
         <name>stream_buffer.obj</name>
      </input_file>
      <input_file id="fl-9">
         <path>.\Source\</path>
         <kind>object</kind>
         <file>tasks.obj</file>
         <name>tasks.obj</name>
      </input_file>
      <input_file id="fl-a">
         <path>.\Source\</path>
         <kind>object</kind>
         <file>timers.obj</file>
         <name>timers.obj</name>
      </input_file>
      <input_file id="fl-b">
         <path>.\Source\portable\CCS\ARM_CM4F\</path>
         <kind>object</kind>
         <file>port.obj</file>
         <name>port.obj</name>
      </input_file>
      <input_file id="fl-c">
         <path>.\Source\portable\CCS\ARM_CM4F\</path>
         <kind>object</kind>
         <file>portasm.obj</file>
         <name>portasm.obj</name>
      </input_file>
      <input_file id="fl-d">
         <path>.\Source\portable\Common\</path>
         <kind>object</kind>
         <file>mpu_wrappers.obj</file>
         <name>mpu_wrappers.obj</name>
      </input_file>
      <input_file id="fl-e">
         <path>.\Source\portable\MemMang\</path>
         <kind>object</kind>
         <file>heap_4.obj</file>
         <name>heap_4.obj</name>
      </input_file>
      <input_file id="fl-f">
         <path>.\driverlib\</path>
         <kind>object</kind>
         <file>adc.obj</file>
         <name>adc.obj</name>
      </input_file>
      <input_file id="fl-10">
         <path>.\driverlib\</path>
         <kind>object</kind>
         <file>aes.obj</file>
         <name>aes.obj</name>
      </input_file>
      <input_file id="fl-11">
         <path>.\driverlib\</path>
         <kind>object</kind>
         <file>can.obj</file>
         <name>can.obj</name>
      </input_file>
      <input_file id="fl-12">
         <path>.\driverlib\</path>
         <kind>object</kind>
         <file>comp.obj</file>
         <name>comp.obj</name>
      </input_file>
      <input_file id="fl-13">
         <path>.\driverlib\</path>
         <kind>object</kind>
         <file>cpu.obj</file>
         <name>cpu.obj</name>
      </input_file>
      <input_file id="fl-14">
         <path>.\driverlib\</path>
         <kind>object</kind>
         <file>crc.obj</file>
         <name>crc.obj</name>
      </input_file>
      <input_file id="fl-15">
         <path>.\driverlib\</path>
         <kind>object</kind>
         <file>des.obj</file>
         <name>des.obj</name>
      </input_file>
      <input_file id="fl-16">
         <path>.\driverlib\</path>
         <kind>object</kind>
         <file>eeprom.obj</file>
         <name>eeprom.obj</name>
      </input_file>
      <input_file id="fl-17">
         <path>.\driverlib\</path>
         <kind>object</kind>
         <file>emac.obj</file>
         <name>emac.obj</name>
      </input_file>
      <input_file id="fl-18">
         <path>.\driverlib\</path>
         <kind>object</kind>
         <file>epi.obj</file>
         <name>epi.obj</name>
      </input_file>
      <input_file id="fl-19">
         <path>.\driverlib\</path>
         <kind>object</kind>
         <file>flash.obj</file>
         <name>flash.obj</name>
      </input_file>
      <input_file id="fl-1a">
         <path>.\driverlib\</path>
         <kind>object</kind>
         <file>fpu.obj</file>
         <name>fpu.obj</name>
      </input_file>
      <input_file id="fl-1b">
         <path>.\driverlib\</path>
         <kind>object</kind>
         <file>gpio.obj</file>
         <name>gpio.obj</name>
      </input_file>
      <input_file id="fl-1c">
         <path>.\driverlib\</path>
         <kind>object</kind>
         <file>hibernate.obj</file>
         <name>hibernate.obj</name>
      </input_file>
      <input_file id="fl-1d">
         <path>.\driverlib\</path>
         <kind>object</kind>
         <file>i2c.obj</file>
         <name>i2c.obj</name>
      </input_file>
      <input_file id="fl-1e">
         <path>.\driverlib\</path>
         <kind>object</kind>
         <file>interrupt.obj</file>
         <name>interrupt.obj</name>
      </input_file>
      <input_file id="fl-1f">
         <path>.\driverlib\</path>
         <kind>object</kind>
         <file>lcd.obj</file>
         <name>lcd.obj</name>
      </input_file>
      <input_file id="fl-20">
         <path>.\driverlib\</path>
         <kind>object</kind>
         <file>mpu.obj</file>
         <name>mpu.obj</name>
      </input_file>
      <input_file id="fl-21">
         <path>.\driverlib\</path>
         <kind>object</kind>
         <file>onewire.obj</file>
         <name>onewire.obj</name>
      </input_file>
      <input_file id="fl-22">
         <path>.\driverlib\</path>
         <kind>object</kind>
         <file>pwm.obj</file>
         <name>pwm.obj</name>
      </input_file>
      <input_file id="fl-23">
         <path>.\driverlib\</path>
         <kind>object</kind>
         <file>qei.obj</file>
         <name>qei.obj</name>
      </input_file>
      <input_file id="fl-24">
         <path>.\driverlib\</path>
         <kind>object</kind>
         <file>shamd5.obj</file>
         <name>shamd5.obj</name>
      </input_file>
      <input_file id="fl-25">
         <path>.\driverlib\</path>
         <kind>object</kind>
         <file>ssi.obj</file>
         <name>ssi.obj</name>
      </input_file>
      <input_file id="fl-26">
         <path>.\driverlib\</path>
         <kind>object</kind>
         <file>sw_crc.obj</file>
         <name>sw_crc.obj</name>
      </input_file>
      <input_file id="fl-27">
         <path>.\driverlib\</path>
         <kind>object</kind>
         <file>sysctl.obj</file>
         <name>sysctl.obj</name>
      </input_file>
      <input_file id="fl-28">
         <path>.\driverlib\</path>
         <kind>object</kind>
         <file>sysexc.obj</file>
         <name>sysexc.obj</name>
      </input_file>
      <input_file id="fl-29">
         <path>.\driverlib\</path>
         <kind>object</kind>
         <file>systick.obj</file>
         <name>systick.obj</name>
      </input_file>
      <input_file id="fl-2a">
         <path>.\driverlib\</path>
         <kind>object</kind>
         <file>timer.obj</file>
         <name>timer.obj</name>
      </input_file>
      <input_file id="fl-2b">
         <path>.\driverlib\</path>
         <kind>object</kind>
         <file>uart.obj</file>
         <name>uart.obj</name>
      </input_file>
      <input_file id="fl-2c">
         <path>.\driverlib\</path>
         <kind>object</kind>
         <file>udma.obj</file>
         <name>udma.obj</name>
      </input_file>
      <input_file id="fl-2d">
         <path>.\driverlib\</path>
         <kind>object</kind>
         <file>usb.obj</file>
         <name>usb.obj</name>
      </input_file>
      <input_file id="fl-2e">
         <path>.\driverlib\</path>
         <kind>object</kind>
         <file>watchdog.obj</file>
         <name>watchdog.obj</name>
      </input_file>
      <input_file id="fl-2f">
         <path>.\src\</path>
         <kind>object</kind>
         <file>gesture_sensor.obj</file>
         <name>gesture_sensor.obj</name>
      </input_file>
      <input_file id="fl-30">
         <path>.\src\</path>
         <kind>object</kind>
         <file>i2c_comm.obj</file>
         <name>i2c_comm.obj</name>
      </input_file>
      <input_file id="fl-31">
         <path>.\src\</path>
         <kind>object</kind>
         <file>main.obj</file>
         <name>main.obj</name>
      </input_file>
      <input_file id="fl-32">
         <path>.\src\</path>
         <kind>object</kind>
         <file>uart_comm.obj</file>
         <name>uart_comm.obj</name>
      </input_file>
      <input_file id="fl-3a">
         <kind>object</kind>
         <file>&lt;internal&gt;</file>
         <name>&lt;internal&gt;</name>
      </input_file>
      <input_file id="fl-f0">
         <path>C:\ti\ccsv7\tools\compiler\ti-cgt-arm_16.9.4.LTS\lib\</path>
         <kind>archive</kind>
         <file>rtsv7M4_T_le_v4SPD16_eabi.lib</file>
         <name>boot.obj</name>
      </input_file>
      <input_file id="fl-f1">
         <path>C:\ti\ccsv7\tools\compiler\ti-cgt-arm_16.9.4.LTS\lib\</path>
         <kind>archive</kind>
         <file>rtsv7M4_T_le_v4SPD16_eabi.lib</file>
         <name>copy_decompress_lzss.obj</name>
      </input_file>
      <input_file id="fl-f2">
         <path>C:\ti\ccsv7\tools\compiler\ti-cgt-arm_16.9.4.LTS\lib\</path>
         <kind>archive</kind>
         <file>rtsv7M4_T_le_v4SPD16_eabi.lib</file>
         <name>copy_decompress_none.obj</name>
      </input_file>
      <input_file id="fl-f3">
         <path>C:\ti\ccsv7\tools\compiler\ti-cgt-arm_16.9.4.LTS\lib\</path>
         <kind>archive</kind>
         <file>rtsv7M4_T_le_v4SPD16_eabi.lib</file>
         <name>copy_zero_init.obj</name>
      </input_file>
      <input_file id="fl-f4">
         <path>C:\ti\ccsv7\tools\compiler\ti-cgt-arm_16.9.4.LTS\lib\</path>
         <kind>archive</kind>
         <file>rtsv7M4_T_le_v4SPD16_eabi.lib</file>
         <name>exit.obj</name>
      </input_file>
      <input_file id="fl-f5">
         <path>C:\ti\ccsv7\tools\compiler\ti-cgt-arm_16.9.4.LTS\lib\</path>
         <kind>archive</kind>
         <file>rtsv7M4_T_le_v4SPD16_eabi.lib</file>
         <name>ltoa.obj</name>
      </input_file>
      <input_file id="fl-f6">
         <path>C:\ti\ccsv7\tools\compiler\ti-cgt-arm_16.9.4.LTS\lib\</path>
         <kind>archive</kind>
         <file>rtsv7M4_T_le_v4SPD16_eabi.lib</file>
         <name>memcpy_t2.obj</name>
      </input_file>
      <input_file id="fl-f7">
         <path>C:\ti\ccsv7\tools\compiler\ti-cgt-arm_16.9.4.LTS\lib\</path>
         <kind>archive</kind>
         <file>rtsv7M4_T_le_v4SPD16_eabi.lib</file>
         <name>memset_t2.obj</name>
      </input_file>
      <input_file id="fl-f8">
         <path>C:\ti\ccsv7\tools\compiler\ti-cgt-arm_16.9.4.LTS\lib\</path>
         <kind>archive</kind>
         <file>rtsv7M4_T_le_v4SPD16_eabi.lib</file>
         <name>mpu_init.obj</name>
      </input_file>
      <input_file id="fl-f9">
         <path>C:\ti\ccsv7\tools\compiler\ti-cgt-arm_16.9.4.LTS\lib\</path>
         <kind>archive</kind>
         <file>rtsv7M4_T_le_v4SPD16_eabi.lib</file>
         <name>pre_init.obj</name>
      </input_file>
      <input_file id="fl-fa">
         <path>C:\ti\ccsv7\tools\compiler\ti-cgt-arm_16.9.4.LTS\lib\</path>
         <kind>archive</kind>
         <file>rtsv7M4_T_le_v4SPD16_eabi.lib</file>
         <name>sprintf.obj</name>
      </input_file>
      <input_file id="fl-fb">
         <path>C:\ti\ccsv7\tools\compiler\ti-cgt-arm_16.9.4.LTS\lib\</path>
         <kind>archive</kind>
         <file>rtsv7M4_T_le_v4SPD16_eabi.lib</file>
         <name>stkdepth_vars.obj</name>
      </input_file>
      <input_file id="fl-fc">
         <path>C:\ti\ccsv7\tools\compiler\ti-cgt-arm_16.9.4.LTS\lib\</path>
         <kind>archive</kind>
         <file>rtsv7M4_T_le_v4SPD16_eabi.lib</file>
         <name>strlen.obj</name>
      </input_file>
      <input_file id="fl-fd">
         <path>C:\ti\ccsv7\tools\compiler\ti-cgt-arm_16.9.4.LTS\lib\</path>
         <kind>archive</kind>
         <file>rtsv7M4_T_le_v4SPD16_eabi.lib</file>
         <name>_lock.obj</name>
      </input_file>
      <input_file id="fl-fe">
         <path>C:\ti\ccsv7\tools\compiler\ti-cgt-arm_16.9.4.LTS\lib\</path>
         <kind>archive</kind>
         <file>rtsv7M4_T_le_v4SPD16_eabi.lib</file>
         <name>_printfi.obj</name>
      </input_file>
      <input_file id="fl-ff">
         <path>C:\ti\ccsv7\tools\compiler\ti-cgt-arm_16.9.4.LTS\lib\</path>
         <kind>archive</kind>
         <file>rtsv7M4_T_le_v4SPD16_eabi.lib</file>
         <name>args_main.obj</name>
      </input_file>
      <input_file id="fl-100">
         <path>C:\ti\ccsv7\tools\compiler\ti-cgt-arm_16.9.4.LTS\lib\</path>
         <kind>archive</kind>
         <file>rtsv7M4_T_le_v4SPD16_eabi.lib</file>
         <name>atoi.obj</name>
      </input_file>
      <input_file id="fl-101">
         <path>C:\ti\ccsv7\tools\compiler\ti-cgt-arm_16.9.4.LTS\lib\</path>
         <kind>archive</kind>
         <file>rtsv7M4_T_le_v4SPD16_eabi.lib</file>
         <name>autoinit.obj</name>
      </input_file>
      <input_file id="fl-102">
         <path>C:\ti\ccsv7\tools\compiler\ti-cgt-arm_16.9.4.LTS\lib\</path>
         <kind>archive</kind>
         <file>rtsv7M4_T_le_v4SPD16_eabi.lib</file>
         <name>cpy_tbl.obj</name>
      </input_file>
      <input_file id="fl-103">
         <path>C:\ti\ccsv7\tools\compiler\ti-cgt-arm_16.9.4.LTS\lib\</path>
         <kind>archive</kind>
         <file>rtsv7M4_T_le_v4SPD16_eabi.lib</file>
         <name>ctype.obj</name>
      </input_file>
      <input_file id="fl-104">
         <path>C:\ti\ccsv7\tools\compiler\ti-cgt-arm_16.9.4.LTS\lib\</path>
         <kind>archive</kind>
         <file>rtsv7M4_T_le_v4SPD16_eabi.lib</file>
         <name>fd_add_t2.obj</name>
      </input_file>
      <input_file id="fl-105">
         <path>C:\ti\ccsv7\tools\compiler\ti-cgt-arm_16.9.4.LTS\lib\</path>
         <kind>archive</kind>
         <file>rtsv7M4_T_le_v4SPD16_eabi.lib</file>
         <name>fd_cmp_t2.obj</name>
      </input_file>
      <input_file id="fl-106">
         <path>C:\ti\ccsv7\tools\compiler\ti-cgt-arm_16.9.4.LTS\lib\</path>
         <kind>archive</kind>
         <file>rtsv7M4_T_le_v4SPD16_eabi.lib</file>
         <name>fd_div_t2.obj</name>
      </input_file>
      <input_file id="fl-107">
         <path>C:\ti\ccsv7\tools\compiler\ti-cgt-arm_16.9.4.LTS\lib\</path>
         <kind>archive</kind>
         <file>rtsv7M4_T_le_v4SPD16_eabi.lib</file>
         <name>fd_mul_t2.obj</name>
      </input_file>
      <input_file id="fl-108">
         <path>C:\ti\ccsv7\tools\compiler\ti-cgt-arm_16.9.4.LTS\lib\</path>
         <kind>archive</kind>
         <file>rtsv7M4_T_le_v4SPD16_eabi.lib</file>
         <name>fd_toi_t2.obj</name>
      </input_file>
      <input_file id="fl-109">
         <path>C:\ti\ccsv7\tools\compiler\ti-cgt-arm_16.9.4.LTS\lib\</path>
         <kind>archive</kind>
         <file>rtsv7M4_T_le_v4SPD16_eabi.lib</file>
         <name>i_tofd_t2.obj</name>
      </input_file>
      <input_file id="fl-10a">
         <path>C:\ti\ccsv7\tools\compiler\ti-cgt-arm_16.9.4.LTS\lib\</path>
         <kind>archive</kind>
         <file>rtsv7M4_T_le_v4SPD16_eabi.lib</file>
         <name>memccpy.obj</name>
      </input_file>
      <input_file id="fl-10b">
         <path>C:\ti\ccsv7\tools\compiler\ti-cgt-arm_16.9.4.LTS\lib\</path>
         <kind>archive</kind>
         <file>rtsv7M4_T_le_v4SPD16_eabi.lib</file>
         <name>s_frexp.obj</name>
      </input_file>
      <input_file id="fl-10c">
         <path>C:\ti\ccsv7\tools\compiler\ti-cgt-arm_16.9.4.LTS\lib\</path>
         <kind>archive</kind>
         <file>rtsv7M4_T_le_v4SPD16_eabi.lib</file>
         <name>s_scalbn.obj</name>
      </input_file>
      <input_file id="fl-10d">
         <path>C:\ti\ccsv7\tools\compiler\ti-cgt-arm_16.9.4.LTS\lib\</path>
         <kind>archive</kind>
         <file>rtsv7M4_T_le_v4SPD16_eabi.lib</file>
         <name>startup.obj</name>
      </input_file>
      <input_file id="fl-10e">
         <path>C:\ti\ccsv7\tools\compiler\ti-cgt-arm_16.9.4.LTS\lib\</path>
         <kind>archive</kind>
         <file>rtsv7M4_T_le_v4SPD16_eabi.lib</file>
         <name>strchr.obj</name>
      </input_file>
      <input_file id="fl-10f">
         <path>C:\ti\ccsv7\tools\compiler\ti-cgt-arm_16.9.4.LTS\lib\</path>
         <kind>archive</kind>
         <file>rtsv7M4_T_le_v4SPD16_eabi.lib</file>
         <name>ull_div_t2.obj</name>
      </input_file>
      <input_file id="fl-110">
         <path>C:\ti\ccsv7\tools\compiler\ti-cgt-arm_16.9.4.LTS\lib\</path>
         <kind>archive</kind>
         <file>rtsv7M4_T_le_v4SPD16_eabi.lib</file>
         <name>errno.obj</name>
      </input_file>
      <input_file id="fl-111">
         <path>C:\ti\ccsv7\tools\compiler\ti-cgt-arm_16.9.4.LTS\lib\</path>
         <kind>archive</kind>
         <file>rtsv7M4_T_le_v4SPD16_eabi.lib</file>
         <name>s_copysign.obj</name>
      </input_file>
   </input_file_list>
   <object_component_list>
      <object_component id="oc-f">
         <name>.intvecs</name>
         <load_address>0x0</load_address>
         <run_address>0x0</run_address>
         <size>0x208</size>
         <input_file_ref idref="fl-3"/>
      </object_component>
      <object_component id="oc-97">
         <name>.text</name>
         <load_address>0x208</load_address>
         <run_address>0x208</run_address>
         <size>0x1910</size>
         <input_file_ref idref="fl-9"/>
      </object_component>
      <object_component id="oc-1e2">
         <name>.text</name>
         <load_address>0x1b18</load_address>
         <run_address>0x1b18</run_address>
         <size>0x113e</size>
         <input_file_ref idref="fl-fe"/>
      </object_component>
      <object_component id="oc-6e">
         <name>.text</name>
         <load_address>0x2c56</load_address>
         <run_address>0x2c56</run_address>
         <size>0x2</size>
         <input_file_ref idref="fl-f8"/>
      </object_component>
      <object_component id="oc-b3">
         <name>.text</name>
         <load_address>0x2c58</load_address>
         <run_address>0x2c58</run_address>
         <size>0xf88</size>
         <input_file_ref idref="fl-27"/>
      </object_component>
      <object_component id="oc-c8">
         <name>.text</name>
         <load_address>0x3be0</load_address>
         <run_address>0x3be0</run_address>
         <size>0xea4</size>
         <input_file_ref idref="fl-2f"/>
      </object_component>
      <object_component id="oc-d2">
         <name>.text</name>
         <load_address>0x4a84</load_address>
         <run_address>0x4a84</run_address>
         <size>0xce8</size>
         <input_file_ref idref="fl-7"/>
      </object_component>
      <object_component id="oc-b9">
         <name>.text</name>
         <load_address>0x576c</load_address>
         <run_address>0x576c</run_address>
         <size>0xba0</size>
         <input_file_ref idref="fl-1b"/>
      </object_component>
      <object_component id="oc-ad">
         <name>.text</name>
         <load_address>0x630c</load_address>
         <run_address>0x630c</run_address>
         <size>0x920</size>
         <input_file_ref idref="fl-1c"/>
      </object_component>
      <object_component id="oc-3c">
         <name>.text</name>
         <load_address>0x6c2c</load_address>
         <run_address>0x6c2c</run_address>
         <size>0x780</size>
         <input_file_ref idref="fl-31"/>
      </object_component>
      <object_component id="oc-1a9">
         <name>.text</name>
         <load_address>0x73ac</load_address>
         <run_address>0x73ac</run_address>
         <size>0x704</size>
         <input_file_ref idref="fl-1d"/>
      </object_component>
      <object_component id="oc-ea">
         <name>.text</name>
         <load_address>0x7ab0</load_address>
         <run_address>0x7ab0</run_address>
         <size>0x638</size>
         <input_file_ref idref="fl-2b"/>
      </object_component>
      <object_component id="oc-161">
         <name>.text</name>
         <load_address>0x80e8</load_address>
         <run_address>0x80e8</run_address>
         <size>0x590</size>
         <input_file_ref idref="fl-a"/>
      </object_component>
      <object_component id="oc-f6">
         <name>.text</name>
         <load_address>0x8678</load_address>
         <run_address>0x8678</run_address>
         <size>0x3c0</size>
         <input_file_ref idref="fl-1e"/>
      </object_component>
      <object_component id="oc-149">
         <name>.text</name>
         <load_address>0x8a38</load_address>
         <run_address>0x8a38</run_address>
         <size>0x2dc</size>
         <input_file_ref idref="fl-e"/>
      </object_component>
      <object_component id="oc-42">
         <name>.text</name>
         <load_address>0x8d14</load_address>
         <run_address>0x8d14</run_address>
         <size>0x26c</size>
         <input_file_ref idref="fl-32"/>
      </object_component>
      <object_component id="oc-bf">
         <name>.text</name>
         <load_address>0x8f80</load_address>
         <run_address>0x8f80</run_address>
         <size>0x254</size>
         <input_file_ref idref="fl-30"/>
      </object_component>
      <object_component id="oc-2ba">
         <name>.text</name>
         <load_address>0x91d4</load_address>
         <run_address>0x91d4</run_address>
         <size>0x1f4</size>
         <input_file_ref idref="fl-10f"/>
      </object_component>
      <object_component id="oc-2dd">
         <name>.text</name>
         <load_address>0x93c8</load_address>
         <run_address>0x93c8</run_address>
         <size>0x1b6</size>
         <input_file_ref idref="fl-104"/>
      </object_component>
      <object_component id="oc-12a">
         <name>.text</name>
         <load_address>0x957e</load_address>
         <run_address>0x957e</run_address>
         <size>0x2</size>
         <input_file_ref idref="fl-10d"/>
      </object_component>
      <object_component id="oc-36">
         <name>.text</name>
         <load_address>0x9580</load_address>
         <run_address>0x9580</run_address>
         <size>0x13c</size>
         <input_file_ref idref="fl-b"/>
      </object_component>
      <object_component id="oc-2c9">
         <name>.text</name>
         <load_address>0x96bc</load_address>
         <run_address>0x96bc</run_address>
         <size>0x136</size>
         <input_file_ref idref="fl-106"/>
      </object_component>
      <object_component id="oc-14f">
         <name>.text</name>
         <load_address>0x97f2</load_address>
         <run_address>0x97f2</run_address>
         <size>0x12a</size>
         <input_file_ref idref="fl-6"/>
      </object_component>
      <object_component id="oc-2c4">
         <name>.text</name>
         <load_address>0x991c</load_address>
         <run_address>0x991c</run_address>
         <size>0xfc</size>
         <input_file_ref idref="fl-107"/>
      </object_component>
      <object_component id="oc-2e8">
         <name>.text</name>
         <load_address>0x9a18</load_address>
         <run_address>0x9a18</run_address>
         <size>0xfc</size>
         <input_file_ref idref="fl-10c"/>
      </object_component>
      <object_component id="oc-31">
         <name>.text</name>
         <load_address>0x9b14</load_address>
         <run_address>0x9b14</run_address>
         <size>0xda</size>
         <input_file_ref idref="fl-c"/>
      </object_component>
      <object_component id="oc-56">
         <name>.text</name>
         <load_address>0x9bee</load_address>
         <run_address>0x9bee</run_address>
         <size>0x9c</size>
         <input_file_ref idref="fl-f6"/>
      </object_component>
      <object_component id="oc-2bf">
         <name>.text:__aeabi_cdcmple</name>
         <load_address>0x9c8a</load_address>
         <run_address>0x9c8a</run_address>
         <size>0x86</size>
         <input_file_ref idref="fl-105"/>
      </object_component>
      <object_component id="oc-2ce">
         <name>.text:__aeabi_cdrcmple</name>
         <load_address>0x9d10</load_address>
         <run_address>0x9d10</run_address>
         <size>0x86</size>
         <input_file_ref idref="fl-105"/>
      </object_component>
      <object_component id="oc-62">
         <name>.text</name>
         <load_address>0x9d96</load_address>
         <run_address>0x9d96</run_address>
         <size>0x7a</size>
         <input_file_ref idref="fl-f7"/>
      </object_component>
      <object_component id="oc-7a">
         <name>.text</name>
         <load_address>0x9e10</load_address>
         <run_address>0x9e10</run_address>
         <size>0x70</size>
         <input_file_ref idref="fl-101"/>
      </object_component>
      <object_component id="oc-12">
         <name>.text:decompress:lzss</name>
         <load_address>0x9e80</load_address>
         <run_address>0x9e80</run_address>
         <size>0x68</size>
         <input_file_ref idref="fl-f1"/>
      </object_component>
      <object_component id="oc-2e2">
         <name>.text</name>
         <load_address>0x9ee8</load_address>
         <run_address>0x9ee8</run_address>
         <size>0x64</size>
         <input_file_ref idref="fl-10b"/>
      </object_component>
      <object_component id="oc-f0">
         <name>.text</name>
         <load_address>0x9f4c</load_address>
         <run_address>0x9f4c</run_address>
         <size>0x60</size>
         <input_file_ref idref="fl-fa"/>
      </object_component>
      <object_component id="oc-24">
         <name>.text</name>
         <load_address>0x9fac</load_address>
         <run_address>0x9fac</run_address>
         <size>0x54</size>
         <input_file_ref idref="fl-f0"/>
      </object_component>
      <object_component id="oc-86">
         <name>.text</name>
         <load_address>0xa000</load_address>
         <run_address>0xa000</run_address>
         <size>0x54</size>
         <input_file_ref idref="fl-f4"/>
      </object_component>
      <object_component id="oc-fc">
         <name>.text</name>
         <load_address>0xa054</load_address>
         <run_address>0xa054</run_address>
         <size>0x54</size>
         <input_file_ref idref="fl-f5"/>
      </object_component>
      <object_component id="oc-2f4">
         <name>.text</name>
         <load_address>0xa0a8</load_address>
         <run_address>0xa0a8</run_address>
         <size>0x4c</size>
         <input_file_ref idref="fl-100"/>
      </object_component>
      <object_component id="oc-124">
         <name>.text</name>
         <load_address>0xa0f4</load_address>
         <run_address>0xa0f4</run_address>
         <size>0x4c</size>
         <input_file_ref idref="fl-102"/>
      </object_component>
      <object_component id="oc-2d3">
         <name>.text</name>
         <load_address>0xa140</load_address>
         <run_address>0xa140</run_address>
         <size>0x48</size>
         <input_file_ref idref="fl-108"/>
      </object_component>
      <object_component id="oc-18a">
         <name>.text</name>
         <load_address>0xa188</load_address>
         <run_address>0xa188</run_address>
         <size>0x3e</size>
         <input_file_ref idref="fl-13"/>
      </object_component>
      <object_component id="oc-2d8">
         <name>.text</name>
         <load_address>0xa1c6</load_address>
         <run_address>0xa1c6</run_address>
         <size>0x2e</size>
         <input_file_ref idref="fl-109"/>
      </object_component>
      <object_component id="oc-2fa">
         <name>.text</name>
         <load_address>0xa1f4</load_address>
         <run_address>0xa1f4</run_address>
         <size>0x1c</size>
         <input_file_ref idref="fl-10a"/>
      </object_component>
      <object_component id="oc-80">
         <name>.text</name>
         <load_address>0xa210</load_address>
         <run_address>0xa210</run_address>
         <size>0x18</size>
         <input_file_ref idref="fl-ff"/>
      </object_component>
      <object_component id="oc-2ee">
         <name>.text</name>
         <load_address>0xa228</load_address>
         <run_address>0xa228</run_address>
         <size>0x16</size>
         <input_file_ref idref="fl-10e"/>
      </object_component>
      <object_component id="oc-226">
         <name>.text</name>
         <load_address>0xa240</load_address>
         <run_address>0xa240</run_address>
         <size>0x14</size>
         <input_file_ref idref="fl-fd"/>
      </object_component>
      <object_component id="oc-374">
         <name>.text</name>
         <load_address>0xa254</load_address>
         <run_address>0xa254</run_address>
         <size>0x14</size>
         <input_file_ref idref="fl-111"/>
      </object_component>
      <object_component id="oc-102">
         <name>.text</name>
         <load_address>0xa268</load_address>
         <run_address>0xa268</run_address>
         <size>0x14</size>
         <input_file_ref idref="fl-fc"/>
      </object_component>
      <object_component id="oc-18">
         <name>.text:decompress:none</name>
         <load_address>0xa27c</load_address>
         <run_address>0xa27c</run_address>
         <size>0xe</size>
         <input_file_ref idref="fl-f2"/>
      </object_component>
      <object_component id="oc-1e">
         <name>.text:decompress:ZI</name>
         <load_address>0xa28a</load_address>
         <run_address>0xa28a</run_address>
         <size>0xc</size>
         <input_file_ref idref="fl-f3"/>
      </object_component>
      <object_component id="oc-2b">
         <name>.text</name>
         <load_address>0xa296</load_address>
         <run_address>0xa296</run_address>
         <size>0xc</size>
         <input_file_ref idref="fl-3"/>
      </object_component>
      <object_component id="oc-cf">
         <name>.text:SysCtlDelay</name>
         <load_address>0xa2a2</load_address>
         <run_address>0xa2a2</run_address>
         <size>0x6</size>
         <input_file_ref idref="fl-27"/>
      </object_component>
      <object_component id="oc-74">
         <name>.text</name>
         <load_address>0xa2a8</load_address>
         <run_address>0xa2a8</run_address>
         <size>0x4</size>
         <input_file_ref idref="fl-f9"/>
      </object_component>
      <object_component id="oc-196">
         <name>.const:g_pppui32XTALtoVCO</name>
         <load_address>0xa2ac</load_address>
         <run_address>0xa2ac</run_address>
         <size>0x1b0</size>
         <input_file_ref idref="fl-27"/>
      </object_component>
      <object_component id="oc-381">
         <name>.const:.string:_ctypes_</name>
         <load_address>0xa45c</load_address>
         <run_address>0xa45c</run_address>
         <size>0x101</size>
         <input_file_ref idref="fl-103"/>
      </object_component>
      <object_component id="oc-1a1">
         <name>.const:g_ppui32GPIOIntMapSnowflake</name>
         <load_address>0xa560</load_address>
         <run_address>0xa560</run_address>
         <size>0xd8</size>
         <input_file_ref idref="fl-1b"/>
      </object_component>
      <object_component id="oc-19b">
         <name>.const:g_ppui32GPIOIntMapBlizzard</name>
         <load_address>0xa638</load_address>
         <run_address>0xa638</run_address>
         <size>0xc0</size>
         <input_file_ref idref="fl-1b"/>
      </object_component>
      <object_component id="oc-1f5">
         <name>.const:g_pui32Regs</name>
         <load_address>0xa6f8</load_address>
         <run_address>0xa6f8</run_address>
         <size>0x9c</size>
         <input_file_ref idref="fl-1e"/>
      </object_component>
      <object_component id="oc-1a4">
         <name>.const:g_pui32GPIOBaseAddrs</name>
         <load_address>0xa794</load_address>
         <run_address>0xa794</run_address>
         <size>0x90</size>
         <input_file_ref idref="fl-1b"/>
      </object_component>
      <object_component id="oc-190">
         <name>.const:g_pui32Xtals</name>
         <load_address>0xa824</load_address>
         <run_address>0xa824</run_address>
         <size>0x6c</size>
         <input_file_ref idref="fl-27"/>
      </object_component>
      <object_component id="oc-2a1">
         <name>.const:g_ppui32I2CIntMapSnowflake</name>
         <load_address>0xa890</load_address>
         <run_address>0xa890</run_address>
         <size>0x50</size>
         <input_file_ref idref="fl-1d"/>
      </object_component>
      <object_component id="oc-1d7">
         <name>.const:g_ppui32UARTIntMap</name>
         <load_address>0xa8e0</load_address>
         <run_address>0xa8e0</run_address>
         <size>0x40</size>
         <input_file_ref idref="fl-2b"/>
      </object_component>
      <object_component id="oc-1dd">
         <name>.const:g_ppui32UARTIntMapSnowflake</name>
         <load_address>0xa920</load_address>
         <run_address>0xa920</run_address>
         <size>0x40</size>
         <input_file_ref idref="fl-2b"/>
      </object_component>
      <object_component id="oc-29b">
         <name>.const:g_ppui32I2CIntMap</name>
         <load_address>0xa960</load_address>
         <run_address>0xa960</run_address>
         <size>0x30</size>
         <input_file_ref idref="fl-1d"/>
      </object_component>
      <object_component id="oc-187">
         <name>.const:g_sXTALtoMEMTIM</name>
         <load_address>0xa990</load_address>
         <run_address>0xa990</run_address>
         <size>0x30</size>
         <input_file_ref idref="fl-27"/>
      </object_component>
      <object_component id="oc-1f2">
         <name>.const:g_pui32Priority</name>
         <load_address>0xa9c0</load_address>
         <run_address>0xa9c0</run_address>
         <size>0x20</size>
         <input_file_ref idref="fl-1e"/>
      </object_component>
      <object_component id="oc-1fb">
         <name>.const:g_pui32Dii16Regs</name>
         <load_address>0xa9e0</load_address>
         <run_address>0xa9e0</run_address>
         <size>0x14</size>
         <input_file_ref idref="fl-1e"/>
      </object_component>
      <object_component id="oc-1f8">
         <name>.const:g_pui32EnRegs</name>
         <load_address>0xa9f4</load_address>
         <run_address>0xa9f4</run_address>
         <size>0x14</size>
         <input_file_ref idref="fl-1e"/>
      </object_component>
      <object_component id="oc-1fe">
         <name>.const:g_pui32PendRegs</name>
         <load_address>0xaa08</load_address>
         <run_address>0xaa08</run_address>
         <size>0x14</size>
         <input_file_ref idref="fl-1e"/>
      </object_component>
      <object_component id="oc-201">
         <name>.const:g_pui32UnpendRegs</name>
         <load_address>0xaa1c</load_address>
         <run_address>0xaa1c</run_address>
         <size>0x14</size>
         <input_file_ref idref="fl-1e"/>
      </object_component>
      <object_component id="oc-193">
         <name>.const:g_pui32VCOFrequencies</name>
         <load_address>0xaa30</load_address>
         <run_address>0xaa30</run_address>
         <size>0x8</size>
         <input_file_ref idref="fl-27"/>
      </object_component>
      <object_component id="oc-19e">
         <name>.const</name>
         <load_address>0xaa38</load_address>
         <run_address>0xaa38</run_address>
         <size>0x8</size>
         <input_file_ref idref="fl-1b"/>
      </object_component>
      <object_component id="oc-29e">
         <name>.const</name>
         <load_address>0xaa40</load_address>
         <run_address>0xaa40</run_address>
         <size>0x8</size>
         <input_file_ref idref="fl-1d"/>
      </object_component>
      <object_component id="oc-1da">
         <name>.const</name>
         <load_address>0xaa48</load_address>
         <run_address>0xaa48</run_address>
         <size>0x8</size>
         <input_file_ref idref="fl-2b"/>
      </object_component>
      <object_component id="oc-246">
         <name>.const</name>
         <load_address>0xaa50</load_address>
         <run_address>0xaa50</run_address>
         <size>0x4</size>
         <input_file_ref idref="fl-e"/>
      </object_component>
      <object_component id="oc-94">
         <name>.const</name>
         <load_address>0xaa54</load_address>
         <run_address>0xaa54</run_address>
         <size>0x4</size>
         <input_file_ref idref="fl-b"/>
      </object_component>
      <object_component id="oc-3c3">
         <name>.cinit..data.load</name>
         <load_address>0xaa58</load_address>
         <run_address>0xaa58</run_address>
         <size>0x15</size>
      </object_component>
      <object_component id="oc-3c0">
         <name>__TI_handler_table</name>
         <load_address>0xaa70</load_address>
         <run_address>0xaa70</run_address>
         <size>0xc</size>
      </object_component>
      <object_component id="oc-3c4">
         <name>.cinit..bss.load</name>
         <load_address>0xaa80</load_address>
         <run_address>0xaa80</run_address>
         <size>0x8</size>
      </object_component>
      <object_component id="oc-3c2">
         <name>.cinit..vtable.load</name>
         <load_address>0xaa88</load_address>
         <run_address>0xaa88</run_address>
         <size>0x8</size>
      </object_component>
      <object_component id="oc-3c1">
         <name>__TI_cinit_table</name>
         <load_address>0xaa90</load_address>
         <run_address>0xaa90</run_address>
         <size>0x18</size>
      </object_component>
      <object_component id="oc-1ef">
         <name>.vtable</name>
         <uninitialized>true</uninitialized>
         <run_address>0x20000000</run_address>
         <size>0x26c</size>
         <input_file_ref idref="fl-1e"/>
      </object_component>
      <object_component id="oc-91">
         <name>.data</name>
         <load_address>0x20007c88</load_address>
         <run_address>0x20007c88</run_address>
         <size>0x34</size>
         <input_file_ref idref="fl-9"/>
      </object_component>
      <object_component id="oc-25b">
         <name>.data</name>
         <load_address>0x20007cd8</load_address>
         <run_address>0x20007cd8</run_address>
         <size>0xc</size>
         <input_file_ref idref="fl-a"/>
      </object_component>
      <object_component id="oc-9e">
         <name>.data</name>
         <load_address>0x20007cec</load_address>
         <run_address>0x20007cec</run_address>
         <size>0x4</size>
         <input_file_ref idref="fl-b"/>
      </object_component>
      <object_component id="oc-243">
         <name>.data</name>
         <load_address>0x20007cbc</load_address>
         <run_address>0x20007cbc</run_address>
         <size>0x10</size>
         <input_file_ref idref="fl-e"/>
      </object_component>
      <object_component id="oc-134">
         <name>.data:$O1$$</name>
         <load_address>0x20007ccc</load_address>
         <run_address>0x20007ccc</run_address>
         <size>0xc</size>
         <input_file_ref idref="fl-f4"/>
      </object_component>
      <object_component id="oc-8c">
         <name>.data</name>
         <load_address>0x20007cf4</load_address>
         <run_address>0x20007cf4</run_address>
         <size>0x4</size>
         <input_file_ref idref="fl-fb"/>
      </object_component>
      <object_component id="oc-137">
         <name>.data:$O1$$</name>
         <load_address>0x20007ce4</load_address>
         <run_address>0x20007ce4</run_address>
         <size>0x8</size>
         <input_file_ref idref="fl-fd"/>
      </object_component>
      <object_component id="oc-37a">
         <name>.data</name>
         <load_address>0x20007cf0</load_address>
         <run_address>0x20007cf0</run_address>
         <size>0x4</size>
         <input_file_ref idref="fl-110"/>
      </object_component>
      <object_component id="oc-155">
         <name>.bss:pxReadyTasksLists</name>
         <uninitialized>true</uninitialized>
         <run_address>0x2000779c</run_address>
         <size>0x140</size>
         <input_file_ref idref="fl-9"/>
      </object_component>
      <object_component id="oc-16a">
         <name>.bss:xDelayedTaskList1</name>
         <uninitialized>true</uninitialized>
         <run_address>0x200079d8</run_address>
         <size>0x14</size>
         <input_file_ref idref="fl-9"/>
      </object_component>
      <object_component id="oc-16d">
         <name>.bss:xDelayedTaskList2</name>
         <uninitialized>true</uninitialized>
         <run_address>0x200079ec</run_address>
         <size>0x14</size>
         <input_file_ref idref="fl-9"/>
      </object_component>
      <object_component id="oc-15b">
         <name>.bss</name>
         <uninitialized>true</uninitialized>
         <run_address>0x20007a3c</run_address>
         <size>0x8</size>
         <input_file_ref idref="fl-9"/>
      </object_component>
      <object_component id="oc-167">
         <name>.bss:xPendingReadyList</name>
         <uninitialized>true</uninitialized>
         <run_address>0x20007a00</run_address>
         <size>0x14</size>
         <input_file_ref idref="fl-9"/>
      </object_component>
      <object_component id="oc-158">
         <name>.bss:xTasksWaitingTermination</name>
         <uninitialized>true</uninitialized>
         <run_address>0x20007a28</run_address>
         <size>0x14</size>
         <input_file_ref idref="fl-9"/>
      </object_component>
      <object_component id="oc-15e">
         <name>.bss:xSuspendedTaskList</name>
         <uninitialized>true</uninitialized>
         <run_address>0x20007a14</run_address>
         <size>0x14</size>
         <input_file_ref idref="fl-9"/>
      </object_component>
      <object_component id="oc-261">
         <name>.bss:xActiveTimerList1</name>
         <uninitialized>true</uninitialized>
         <run_address>0x200079b0</run_address>
         <size>0x14</size>
         <input_file_ref idref="fl-a"/>
      </object_component>
      <object_component id="oc-264">
         <name>.bss:xActiveTimerList2</name>
         <uninitialized>true</uninitialized>
         <run_address>0x200079c4</run_address>
         <size>0x14</size>
         <input_file_ref idref="fl-a"/>
      </object_component>
      <object_component id="oc-25e">
         <name>.bss</name>
         <uninitialized>true</uninitialized>
         <run_address>0x20007a44</run_address>
         <size>0x8</size>
         <input_file_ref idref="fl-a"/>
      </object_component>
      <object_component id="oc-24c">
         <name>.bss:ucHeap</name>
         <uninitialized>true</uninitialized>
         <run_address>0x2000026c</run_address>
         <size>0x7530</size>
         <input_file_ref idref="fl-e"/>
      </object_component>
      <object_component id="oc-249">
         <name>.bss:xStart</name>
         <uninitialized>true</uninitialized>
         <run_address>0x20007a4c</run_address>
         <size>0x8</size>
         <input_file_ref idref="fl-e"/>
      </object_component>
      <object_component id="oc-1ce">
         <name>.common:xQueueRegistry</name>
         <uninitialized>true</uninitialized>
         <run_address>0x20007960</run_address>
         <size>0x50</size>
      </object_component>
      <object_component id="oc-1c2">
         <name>.common:gesture_data_</name>
         <uninitialized>true</uninitialized>
         <run_address>0x200078dc</run_address>
         <size>0x84</size>
      </object_component>
      <object_component id="oc-1c5">
         <name>.common:gesture_ud_delta_</name>
         <uninitialized>true</uninitialized>
         <run_address>0x20007a7c</run_address>
         <size>0x4</size>
      </object_component>
      <object_component id="oc-1c6">
         <name>.common:gesture_lr_delta_</name>
         <uninitialized>true</uninitialized>
         <run_address>0x20007a68</run_address>
         <size>0x4</size>
      </object_component>
      <object_component id="oc-1c7">
         <name>.common:gesture_ud_count_</name>
         <uninitialized>true</uninitialized>
         <run_address>0x20007a78</run_address>
         <size>0x4</size>
      </object_component>
      <object_component id="oc-1c8">
         <name>.common:gesture_lr_count_</name>
         <uninitialized>true</uninitialized>
         <run_address>0x20007a64</run_address>
         <size>0x4</size>
      </object_component>
      <object_component id="oc-1c9">
         <name>.common:gesture_near_count_</name>
         <uninitialized>true</uninitialized>
         <run_address>0x20007a70</run_address>
         <size>0x4</size>
      </object_component>
      <object_component id="oc-1ca">
         <name>.common:gesture_far_count_</name>
         <uninitialized>true</uninitialized>
         <run_address>0x20007a60</run_address>
         <size>0x4</size>
      </object_component>
      <object_component id="oc-1cb">
         <name>.common:gesture_state_</name>
         <uninitialized>true</uninitialized>
         <run_address>0x20007a74</run_address>
         <size>0x4</size>
      </object_component>
      <object_component id="oc-1cc">
         <name>.common:gesture_motion_</name>
         <uninitialized>true</uninitialized>
         <run_address>0x20007a6c</run_address>
         <size>0x4</size>
      </object_component>
      <object_component id="oc-ce">
         <name>.common:int_status</name>
         <uninitialized>true</uninitialized>
         <run_address>0x20007a84</run_address>
         <size>0x1</size>
      </object_component>
      <object_component id="oc-c5">
         <name>.common:g_ui32SysClock</name>
         <uninitialized>true</uninitialized>
         <run_address>0x20007a5c</run_address>
         <size>0x4</size>
      </object_component>
      <object_component id="oc-d0">
         <name>.common:GestureTask</name>
         <uninitialized>true</uninitialized>
         <run_address>0x20007a54</run_address>
         <size>0x4</size>
      </object_component>
      <object_component id="oc-d1">
         <name>.common:taskNotify1</name>
         <uninitialized>true</uninitialized>
         <run_address>0x20007a80</run_address>
         <size>0x4</size>
      </object_component>
      <object_component id="oc-d8">
         <name>.common:uin8bbgSend</name>
         <uninitialized>true</uninitialized>
         <run_address>0x20007a85</run_address>
         <size>0x1</size>
      </object_component>
      <object_component id="oc-d9">
         <name>.common:TermSem</name>
         <uninitialized>true</uninitialized>
         <run_address>0x20007a58</run_address>
         <size>0x4</size>
      </object_component>
      <object_component id="oc-2a">
         <name>.stack</name>
         <uninitialized>true</uninitialized>
         <run_address>0x20007a88</run_address>
         <size>0x0</size>
         <input_file_ref idref="fl-f0"/>
      </object_component>
      <object_component id="oc-3c5">
         <name>.stack</name>
         <uninitialized>true</uninitialized>
         <run_address>0x20007a88</run_address>
         <size>0x0</size>
      </object_component>
      <object_component id="oc-4a">
         <name>.debug_info</name>
         <load_address>0x0</load_address>
         <run_address>0x0</run_address>
         <size>0x363</size>
         <input_file_ref idref="fl-3"/>
      </object_component>
      <object_component id="oc-10">
         <name>.debug_info</name>
         <load_address>0x363</load_address>
         <run_address>0x363</run_address>
         <size>0xea</size>
         <input_file_ref idref="fl-3"/>
      </object_component>
      <object_component id="oc-2d">
         <name>.debug_info</name>
         <load_address>0x44d</load_address>
         <run_address>0x44d</run_address>
         <size>0x269</size>
         <input_file_ref idref="fl-3"/>
      </object_component>
      <object_component id="oc-51">
         <name>.debug_info</name>
         <load_address>0x6b6</load_address>
         <run_address>0x6b6</run_address>
         <size>0x84</size>
         <input_file_ref idref="fl-3"/>
      </object_component>
      <object_component id="oc-e0">
         <name>.debug_info</name>
         <load_address>0x73a</load_address>
         <run_address>0x73a</run_address>
         <size>0x18b</size>
         <input_file_ref idref="fl-3"/>
      </object_component>
      <object_component id="oc-184">
         <name>.debug_info</name>
         <load_address>0x8c5</load_address>
         <run_address>0x8c5</run_address>
         <size>0x1c3</size>
         <input_file_ref idref="fl-4"/>
      </object_component>
      <object_component id="oc-142">
         <name>.debug_info</name>
         <load_address>0xa88</load_address>
         <run_address>0xa88</run_address>
         <size>0x30c</size>
         <input_file_ref idref="fl-4"/>
      </object_component>
      <object_component id="oc-17f">
         <name>.debug_info</name>
         <load_address>0xd94</load_address>
         <run_address>0xd94</run_address>
         <size>0x44c</size>
         <input_file_ref idref="fl-4"/>
      </object_component>
      <object_component id="oc-276">
         <name>.debug_info</name>
         <load_address>0x11e0</load_address>
         <run_address>0x11e0</run_address>
         <size>0xcc</size>
         <input_file_ref idref="fl-4"/>
      </object_component>
      <object_component id="oc-a3">
         <name>.debug_info</name>
         <load_address>0x12ac</load_address>
         <run_address>0x12ac</run_address>
         <size>0x2c</size>
         <input_file_ref idref="fl-4"/>
      </object_component>
      <object_component id="oc-175">
         <name>.debug_info</name>
         <load_address>0x12d8</load_address>
         <run_address>0x12d8</run_address>
         <size>0x46</size>
         <input_file_ref idref="fl-4"/>
      </object_component>
      <object_component id="oc-a8">
         <name>.debug_info</name>
         <load_address>0x131e</load_address>
         <run_address>0x131e</run_address>
         <size>0x53</size>
         <input_file_ref idref="fl-4"/>
      </object_component>
      <object_component id="oc-17a">
         <name>.debug_info</name>
         <load_address>0x1371</load_address>
         <run_address>0x1371</run_address>
         <size>0x14c</size>
         <input_file_ref idref="fl-4"/>
      </object_component>
      <object_component id="oc-2b1">
         <name>.debug_info</name>
         <load_address>0x14bd</load_address>
         <run_address>0x14bd</run_address>
         <size>0x638</size>
         <input_file_ref idref="fl-5"/>
      </object_component>
      <object_component id="oc-1d2">
         <name>.debug_info</name>
         <load_address>0x1af5</load_address>
         <run_address>0x1af5</run_address>
         <size>0x110</size>
         <input_file_ref idref="fl-5"/>
      </object_component>
      <object_component id="oc-23e">
         <name>.debug_info</name>
         <load_address>0x1c05</load_address>
         <run_address>0x1c05</run_address>
         <size>0x44c</size>
         <input_file_ref idref="fl-5"/>
      </object_component>
      <object_component id="oc-35b">
         <name>.debug_info</name>
         <load_address>0x2051</load_address>
         <run_address>0x2051</run_address>
         <size>0x39</size>
         <input_file_ref idref="fl-5"/>
      </object_component>
      <object_component id="oc-234">
         <name>.debug_info</name>
         <load_address>0x208a</load_address>
         <run_address>0x208a</run_address>
         <size>0x46</size>
         <input_file_ref idref="fl-5"/>
      </object_component>
      <object_component id="oc-360">
         <name>.debug_info</name>
         <load_address>0x20d0</load_address>
         <run_address>0x20d0</run_address>
         <size>0x76</size>
         <input_file_ref idref="fl-5"/>
      </object_component>
      <object_component id="oc-252">
         <name>.debug_info</name>
         <load_address>0x2146</load_address>
         <run_address>0x2146</run_address>
         <size>0x34b</size>
         <input_file_ref idref="fl-6"/>
      </object_component>
      <object_component id="oc-150">
         <name>.debug_info</name>
         <load_address>0x2491</load_address>
         <run_address>0x2491</run_address>
         <size>0x48f</size>
         <input_file_ref idref="fl-6"/>
      </object_component>
      <object_component id="oc-1cf">
         <name>.debug_info</name>
         <load_address>0x2920</load_address>
         <run_address>0x2920</run_address>
         <size>0x8d5</size>
         <input_file_ref idref="fl-7"/>
      </object_component>
      <object_component id="oc-d6">
         <name>.debug_info</name>
         <load_address>0x31f5</load_address>
         <run_address>0x31f5</run_address>
         <size>0x33b5</size>
         <input_file_ref idref="fl-7"/>
      </object_component>
      <object_component id="oc-2ac">
         <name>.debug_info</name>
         <load_address>0x65aa</load_address>
         <run_address>0x65aa</run_address>
         <size>0x1cd</size>
         <input_file_ref idref="fl-7"/>
      </object_component>
      <object_component id="oc-1bd">
         <name>.debug_info</name>
         <load_address>0x6777</load_address>
         <run_address>0x6777</run_address>
         <size>0x46</size>
         <input_file_ref idref="fl-7"/>
      </object_component>
      <object_component id="oc-11b">
         <name>.debug_info</name>
         <load_address>0x67bd</load_address>
         <run_address>0x67bd</run_address>
         <size>0x2c</size>
         <input_file_ref idref="fl-8"/>
      </object_component>
      <object_component id="oc-141">
         <name>.debug_info</name>
         <load_address>0x67e9</load_address>
         <run_address>0x67e9</run_address>
         <size>0x803</size>
         <input_file_ref idref="fl-9"/>
      </object_component>
      <object_component id="oc-92">
         <name>.debug_info</name>
         <load_address>0x6fec</load_address>
         <run_address>0x6fec</run_address>
         <size>0x340</size>
         <input_file_ref idref="fl-9"/>
      </object_component>
      <object_component id="oc-156">
         <name>.debug_info</name>
         <load_address>0x732c</load_address>
         <run_address>0x732c</run_address>
         <size>0xe7</size>
         <input_file_ref idref="fl-9"/>
      </object_component>
      <object_component id="oc-16b">
         <name>.debug_info</name>
         <load_address>0x7413</load_address>
         <run_address>0x7413</run_address>
         <size>0xe7</size>
         <input_file_ref idref="fl-9"/>
      </object_component>
      <object_component id="oc-16e">
         <name>.debug_info</name>
         <load_address>0x74fa</load_address>
         <run_address>0x74fa</run_address>
         <size>0xe7</size>
         <input_file_ref idref="fl-9"/>
      </object_component>
      <object_component id="oc-15c">
         <name>.debug_info</name>
         <load_address>0x75e1</load_address>
         <run_address>0x75e1</run_address>
         <size>0x12a</size>
         <input_file_ref idref="fl-9"/>
      </object_component>
      <object_component id="oc-168">
         <name>.debug_info</name>
         <load_address>0x770b</load_address>
         <run_address>0x770b</run_address>
         <size>0xe7</size>
         <input_file_ref idref="fl-9"/>
      </object_component>
      <object_component id="oc-159">
         <name>.debug_info</name>
         <load_address>0x77f2</load_address>
         <run_address>0x77f2</run_address>
         <size>0xf5</size>
         <input_file_ref idref="fl-9"/>
      </object_component>
      <object_component id="oc-15f">
         <name>.debug_info</name>
         <load_address>0x78e7</load_address>
         <run_address>0x78e7</run_address>
         <size>0xe9</size>
         <input_file_ref idref="fl-9"/>
      </object_component>
      <object_component id="oc-98">
         <name>.debug_info</name>
         <load_address>0x79d0</load_address>
         <run_address>0x79d0</run_address>
         <size>0x4991</size>
         <input_file_ref idref="fl-9"/>
      </object_component>
      <object_component id="oc-239">
         <name>.debug_info</name>
         <load_address>0xc361</load_address>
         <run_address>0xc361</run_address>
         <size>0x146</size>
         <input_file_ref idref="fl-9"/>
      </object_component>
      <object_component id="oc-268">
         <name>.debug_info</name>
         <load_address>0xc4a7</load_address>
         <run_address>0xc4a7</run_address>
         <size>0x818</size>
         <input_file_ref idref="fl-a"/>
      </object_component>
      <object_component id="oc-262">
         <name>.debug_info</name>
         <load_address>0xccbf</load_address>
         <run_address>0xccbf</run_address>
         <size>0xe7</size>
         <input_file_ref idref="fl-a"/>
      </object_component>
      <object_component id="oc-265">
         <name>.debug_info</name>
         <load_address>0xcda6</load_address>
         <run_address>0xcda6</run_address>
         <size>0xe7</size>
         <input_file_ref idref="fl-a"/>
      </object_component>
      <object_component id="oc-25f">
         <name>.debug_info</name>
         <load_address>0xce8d</load_address>
         <run_address>0xce8d</run_address>
         <size>0x11f</size>
         <input_file_ref idref="fl-a"/>
      </object_component>
      <object_component id="oc-25c">
         <name>.debug_info</name>
         <load_address>0xcfac</load_address>
         <run_address>0xcfac</run_address>
         <size>0x10b</size>
         <input_file_ref idref="fl-a"/>
      </object_component>
      <object_component id="oc-165">
         <name>.debug_info</name>
         <load_address>0xd0b7</load_address>
         <run_address>0xd0b7</run_address>
         <size>0x1c10</size>
         <input_file_ref idref="fl-a"/>
      </object_component>
      <object_component id="oc-269">
         <name>.debug_info</name>
         <load_address>0xecc7</load_address>
         <run_address>0xecc7</run_address>
         <size>0x1ce</size>
         <input_file_ref idref="fl-a"/>
      </object_component>
      <object_component id="oc-a2">
         <name>.debug_info</name>
         <load_address>0xee95</load_address>
         <run_address>0xee95</run_address>
         <size>0x421</size>
         <input_file_ref idref="fl-b"/>
      </object_component>
      <object_component id="oc-95">
         <name>.debug_info</name>
         <load_address>0xf2b6</load_address>
         <run_address>0xf2b6</run_address>
         <size>0x114</size>
         <input_file_ref idref="fl-b"/>
      </object_component>
      <object_component id="oc-9f">
         <name>.debug_info</name>
         <load_address>0xf3ca</load_address>
         <run_address>0xf3ca</run_address>
         <size>0xfb</size>
         <input_file_ref idref="fl-b"/>
      </object_component>
      <object_component id="oc-38">
         <name>.debug_info</name>
         <load_address>0xf4c5</load_address>
         <run_address>0xf4c5</run_address>
         <size>0x68b</size>
         <input_file_ref idref="fl-b"/>
      </object_component>
      <object_component id="oc-32">
         <name>.debug_info</name>
         <load_address>0xfb50</load_address>
         <run_address>0xfb50</run_address>
         <size>0x24c</size>
         <input_file_ref idref="fl-c"/>
      </object_component>
      <object_component id="oc-250">
         <name>.debug_info</name>
         <load_address>0xfd9c</load_address>
         <run_address>0xfd9c</run_address>
         <size>0x3f4</size>
         <input_file_ref idref="fl-e"/>
      </object_component>
      <object_component id="oc-24d">
         <name>.debug_info</name>
         <load_address>0x10190</load_address>
         <run_address>0x10190</run_address>
         <size>0xe2</size>
         <input_file_ref idref="fl-e"/>
      </object_component>
      <object_component id="oc-247">
         <name>.debug_info</name>
         <load_address>0x10272</load_address>
         <run_address>0x10272</run_address>
         <size>0xf4</size>
         <input_file_ref idref="fl-e"/>
      </object_component>
      <object_component id="oc-24a">
         <name>.debug_info</name>
         <load_address>0x10366</load_address>
         <run_address>0x10366</run_address>
         <size>0xe2</size>
         <input_file_ref idref="fl-e"/>
      </object_component>
      <object_component id="oc-244">
         <name>.debug_info</name>
         <load_address>0x10448</load_address>
         <run_address>0x10448</run_address>
         <size>0x196</size>
         <input_file_ref idref="fl-e"/>
      </object_component>
      <object_component id="oc-14a">
         <name>.debug_info</name>
         <load_address>0x105de</load_address>
         <run_address>0x105de</run_address>
         <size>0x779</size>
         <input_file_ref idref="fl-e"/>
      </object_component>
      <object_component id="oc-33c">
         <name>.debug_info</name>
         <load_address>0x10d57</load_address>
         <run_address>0x10d57</run_address>
         <size>0x62</size>
         <input_file_ref idref="fl-e"/>
      </object_component>
      <object_component id="oc-db">
         <name>.debug_info</name>
         <load_address>0x10db9</load_address>
         <run_address>0x10db9</run_address>
         <size>0x8b</size>
         <input_file_ref idref="fl-f"/>
      </object_component>
      <object_component id="oc-18b">
         <name>.debug_info</name>
         <load_address>0x10e44</load_address>
         <run_address>0x10e44</run_address>
         <size>0x336</size>
         <input_file_ref idref="fl-13"/>
      </object_component>
      <object_component id="oc-1a8">
         <name>.debug_info</name>
         <load_address>0x1117a</load_address>
         <run_address>0x1117a</run_address>
         <size>0x34d</size>
         <input_file_ref idref="fl-1b"/>
      </object_component>
      <object_component id="oc-19c">
         <name>.debug_info</name>
         <load_address>0x114c7</load_address>
         <run_address>0x114c7</run_address>
         <size>0xfa</size>
         <input_file_ref idref="fl-1b"/>
      </object_component>
      <object_component id="oc-19f">
         <name>.debug_info</name>
         <load_address>0x115c1</load_address>
         <run_address>0x115c1</run_address>
         <size>0x148</size>
         <input_file_ref idref="fl-1b"/>
      </object_component>
      <object_component id="oc-1a2">
         <name>.debug_info</name>
         <load_address>0x11709</load_address>
         <run_address>0x11709</run_address>
         <size>0xfc</size>
         <input_file_ref idref="fl-1b"/>
      </object_component>
      <object_component id="oc-1a5">
         <name>.debug_info</name>
         <load_address>0x11805</load_address>
         <run_address>0x11805</run_address>
         <size>0xee</size>
         <input_file_ref idref="fl-1b"/>
      </object_component>
      <object_component id="oc-bb">
         <name>.debug_info</name>
         <load_address>0x118f3</load_address>
         <run_address>0x118f3</run_address>
         <size>0x311d</size>
         <input_file_ref idref="fl-1b"/>
      </object_component>
      <object_component id="oc-186">
         <name>.debug_info</name>
         <load_address>0x14a10</load_address>
         <run_address>0x14a10</run_address>
         <size>0x31a</size>
         <input_file_ref idref="fl-1c"/>
      </object_component>
      <object_component id="oc-b1">
         <name>.debug_info</name>
         <load_address>0x14d2a</load_address>
         <run_address>0x14d2a</run_address>
         <size>0x2ca4</size>
         <input_file_ref idref="fl-1c"/>
      </object_component>
      <object_component id="oc-27d">
         <name>.debug_info</name>
         <load_address>0x179ce</load_address>
         <run_address>0x179ce</run_address>
         <size>0x196</size>
         <input_file_ref idref="fl-1c"/>
      </object_component>
      <object_component id="oc-2a5">
         <name>.debug_info</name>
         <load_address>0x17b64</load_address>
         <run_address>0x17b64</run_address>
         <size>0x33e</size>
         <input_file_ref idref="fl-1d"/>
      </object_component>
      <object_component id="oc-29c">
         <name>.debug_info</name>
         <load_address>0x17ea2</load_address>
         <run_address>0x17ea2</run_address>
         <size>0xe7</size>
         <input_file_ref idref="fl-1d"/>
      </object_component>
      <object_component id="oc-29f">
         <name>.debug_info</name>
         <load_address>0x17f89</load_address>
         <run_address>0x17f89</run_address>
         <size>0x12b</size>
         <input_file_ref idref="fl-1d"/>
      </object_component>
      <object_component id="oc-2a2">
         <name>.debug_info</name>
         <load_address>0x180b4</load_address>
         <run_address>0x180b4</run_address>
         <size>0xf9</size>
         <input_file_ref idref="fl-1d"/>
      </object_component>
      <object_component id="oc-1aa">
         <name>.debug_info</name>
         <load_address>0x181ad</load_address>
         <run_address>0x181ad</run_address>
         <size>0x2b53</size>
         <input_file_ref idref="fl-1d"/>
      </object_component>
      <object_component id="oc-205">
         <name>.debug_info</name>
         <load_address>0x1ad00</load_address>
         <run_address>0x1ad00</run_address>
         <size>0x325</size>
         <input_file_ref idref="fl-1e"/>
      </object_component>
      <object_component id="oc-1f3">
         <name>.debug_info</name>
         <load_address>0x1b025</load_address>
         <run_address>0x1b025</run_address>
         <size>0xe9</size>
         <input_file_ref idref="fl-1e"/>
      </object_component>
      <object_component id="oc-1f6">
         <name>.debug_info</name>
         <load_address>0x1b10e</load_address>
         <run_address>0x1b10e</run_address>
         <size>0xe1</size>
         <input_file_ref idref="fl-1e"/>
      </object_component>
      <object_component id="oc-1f9">
         <name>.debug_info</name>
         <load_address>0x1b1ef</load_address>
         <run_address>0x1b1ef</run_address>
         <size>0xe5</size>
         <input_file_ref idref="fl-1e"/>
      </object_component>
      <object_component id="oc-1fc">
         <name>.debug_info</name>
         <load_address>0x1b2d4</load_address>
         <run_address>0x1b2d4</run_address>
         <size>0xeb</size>
         <input_file_ref idref="fl-1e"/>
      </object_component>
      <object_component id="oc-1ff">
         <name>.debug_info</name>
         <load_address>0x1b3bf</load_address>
         <run_address>0x1b3bf</run_address>
         <size>0xe9</size>
         <input_file_ref idref="fl-1e"/>
      </object_component>
      <object_component id="oc-202">
         <name>.debug_info</name>
         <load_address>0x1b4a8</load_address>
         <run_address>0x1b4a8</run_address>
         <size>0xed</size>
         <input_file_ref idref="fl-1e"/>
      </object_component>
      <object_component id="oc-1f0">
         <name>.debug_info</name>
         <load_address>0x1b595</load_address>
         <run_address>0x1b595</run_address>
         <size>0xea</size>
         <input_file_ref idref="fl-1e"/>
      </object_component>
      <object_component id="oc-f9">
         <name>.debug_info</name>
         <load_address>0x1b67f</load_address>
         <run_address>0x1b67f</run_address>
         <size>0xcea</size>
         <input_file_ref idref="fl-1e"/>
      </object_component>
      <object_component id="oc-19a">
         <name>.debug_info</name>
         <load_address>0x1c369</load_address>
         <run_address>0x1c369</run_address>
         <size>0x3aa</size>
         <input_file_ref idref="fl-27"/>
      </object_component>
      <object_component id="oc-191">
         <name>.debug_info</name>
         <load_address>0x1c713</load_address>
         <run_address>0x1c713</run_address>
         <size>0xe0</size>
         <input_file_ref idref="fl-27"/>
      </object_component>
      <object_component id="oc-197">
         <name>.debug_info</name>
         <load_address>0x1c7f3</load_address>
         <run_address>0x1c7f3</run_address>
         <size>0xec</size>
         <input_file_ref idref="fl-27"/>
      </object_component>
      <object_component id="oc-188">
         <name>.debug_info</name>
         <load_address>0x1c8df</load_address>
         <run_address>0x1c8df</run_address>
         <size>0xe6</size>
         <input_file_ref idref="fl-27"/>
      </object_component>
      <object_component id="oc-194">
         <name>.debug_info</name>
         <load_address>0x1c9c5</load_address>
         <run_address>0x1c9c5</run_address>
         <size>0xf3</size>
         <input_file_ref idref="fl-27"/>
      </object_component>
      <object_component id="oc-b7">
         <name>.debug_info</name>
         <load_address>0x1cab8</load_address>
         <run_address>0x1cab8</run_address>
         <size>0x2b30</size>
         <input_file_ref idref="fl-27"/>
      </object_component>
      <object_component id="oc-28d">
         <name>.debug_info</name>
         <load_address>0x1f5e8</load_address>
         <run_address>0x1f5e8</run_address>
         <size>0x51</size>
         <input_file_ref idref="fl-27"/>
      </object_component>
      <object_component id="oc-1e1">
         <name>.debug_info</name>
         <load_address>0x1f639</load_address>
         <run_address>0x1f639</run_address>
         <size>0x32f</size>
         <input_file_ref idref="fl-2b"/>
      </object_component>
      <object_component id="oc-1d8">
         <name>.debug_info</name>
         <load_address>0x1f968</load_address>
         <run_address>0x1f968</run_address>
         <size>0xea</size>
         <input_file_ref idref="fl-2b"/>
      </object_component>
      <object_component id="oc-1db">
         <name>.debug_info</name>
         <load_address>0x1fa52</load_address>
         <run_address>0x1fa52</run_address>
         <size>0x134</size>
         <input_file_ref idref="fl-2b"/>
      </object_component>
      <object_component id="oc-1de">
         <name>.debug_info</name>
         <load_address>0x1fb86</load_address>
         <run_address>0x1fb86</run_address>
         <size>0xfc</size>
         <input_file_ref idref="fl-2b"/>
      </object_component>
      <object_component id="oc-eb">
         <name>.debug_info</name>
         <load_address>0x1fc82</load_address>
         <run_address>0x1fc82</run_address>
         <size>0x26fc</size>
         <input_file_ref idref="fl-2b"/>
      </object_component>
      <object_component id="oc-1c3">
         <name>.debug_info</name>
         <load_address>0x2237e</load_address>
         <run_address>0x2237e</run_address>
         <size>0x5d8</size>
         <input_file_ref idref="fl-2f"/>
      </object_component>
      <object_component id="oc-c9">
         <name>.debug_info</name>
         <load_address>0x22956</load_address>
         <run_address>0x22956</run_address>
         <size>0x1ce8</size>
         <input_file_ref idref="fl-2f"/>
      </object_component>
      <object_component id="oc-1b8">
         <name>.debug_info</name>
         <load_address>0x2463e</load_address>
         <run_address>0x2463e</run_address>
         <size>0x15e</size>
         <input_file_ref idref="fl-2f"/>
      </object_component>
      <object_component id="oc-1b3">
         <name>.debug_info</name>
         <load_address>0x2479c</load_address>
         <run_address>0x2479c</run_address>
         <size>0x2c</size>
         <input_file_ref idref="fl-2f"/>
      </object_component>
      <object_component id="oc-1b0">
         <name>.debug_info</name>
         <load_address>0x247c8</load_address>
         <run_address>0x247c8</run_address>
         <size>0x5a3</size>
         <input_file_ref idref="fl-30"/>
      </object_component>
      <object_component id="oc-c1">
         <name>.debug_info</name>
         <load_address>0x24d6b</load_address>
         <run_address>0x24d6b</run_address>
         <size>0x7c5</size>
         <input_file_ref idref="fl-30"/>
      </object_component>
      <object_component id="oc-c6">
         <name>.debug_info</name>
         <load_address>0x25530</load_address>
         <run_address>0x25530</run_address>
         <size>0xe36</size>
         <input_file_ref idref="fl-31"/>
      </object_component>
      <object_component id="oc-3d">
         <name>.debug_info</name>
         <load_address>0x26366</load_address>
         <run_address>0x26366</run_address>
         <size>0xe30</size>
         <input_file_ref idref="fl-31"/>
      </object_component>
      <object_component id="oc-1ea">
         <name>.debug_info</name>
         <load_address>0x27196</load_address>
         <run_address>0x27196</run_address>
         <size>0x4e</size>
         <input_file_ref idref="fl-31"/>
      </object_component>
      <object_component id="oc-e5">
         <name>.debug_info</name>
         <load_address>0x271e4</load_address>
         <run_address>0x271e4</run_address>
         <size>0x9e</size>
         <input_file_ref idref="fl-31"/>
      </object_component>
      <object_component id="oc-109">
         <name>.debug_info</name>
         <load_address>0x27282</load_address>
         <run_address>0x27282</run_address>
         <size>0x789</size>
         <input_file_ref idref="fl-32"/>
      </object_component>
      <object_component id="oc-44">
         <name>.debug_info</name>
         <load_address>0x27a0b</load_address>
         <run_address>0x27a0b</run_address>
         <size>0x80c</size>
         <input_file_ref idref="fl-32"/>
      </object_component>
      <object_component id="oc-26">
         <name>.debug_info</name>
         <load_address>0x28217</load_address>
         <run_address>0x28217</run_address>
         <size>0x160</size>
         <input_file_ref idref="fl-f0"/>
      </object_component>
      <object_component id="oc-111">
         <name>.debug_info</name>
         <load_address>0x28377</load_address>
         <run_address>0x28377</run_address>
         <size>0x293</size>
         <input_file_ref idref="fl-f1"/>
      </object_component>
      <object_component id="oc-14">
         <name>.debug_info</name>
         <load_address>0x2860a</load_address>
         <run_address>0x2860a</run_address>
         <size>0x245</size>
         <input_file_ref idref="fl-f1"/>
      </object_component>
      <object_component id="oc-4c">
         <name>.debug_info</name>
         <load_address>0x2884f</load_address>
         <run_address>0x2884f</run_address>
         <size>0x60</size>
         <input_file_ref idref="fl-f1"/>
      </object_component>
      <object_component id="oc-10c">
         <name>.debug_info</name>
         <load_address>0x288af</load_address>
         <run_address>0x288af</run_address>
         <size>0x46</size>
         <input_file_ref idref="fl-f1"/>
      </object_component>
      <object_component id="oc-61">
         <name>.debug_info</name>
         <load_address>0x288f5</load_address>
         <run_address>0x288f5</run_address>
         <size>0x2da</size>
         <input_file_ref idref="fl-f2"/>
      </object_component>
      <object_component id="oc-19">
         <name>.debug_info</name>
         <load_address>0x28bcf</load_address>
         <run_address>0x28bcf</run_address>
         <size>0x1df</size>
         <input_file_ref idref="fl-f2"/>
      </object_component>
      <object_component id="oc-5c">
         <name>.debug_info</name>
         <load_address>0x28dae</load_address>
         <run_address>0x28dae</run_address>
         <size>0x46</size>
         <input_file_ref idref="fl-f2"/>
      </object_component>
      <object_component id="oc-113">
         <name>.debug_info</name>
         <load_address>0x28df4</load_address>
         <run_address>0x28df4</run_address>
         <size>0x2c</size>
         <input_file_ref idref="fl-f2"/>
      </object_component>
      <object_component id="oc-6d">
         <name>.debug_info</name>
         <load_address>0x28e20</load_address>
         <run_address>0x28e20</run_address>
         <size>0x2c9</size>
         <input_file_ref idref="fl-f3"/>
      </object_component>
      <object_component id="oc-1f">
         <name>.debug_info</name>
         <load_address>0x290e9</load_address>
         <run_address>0x290e9</run_address>
         <size>0x1aa</size>
         <input_file_ref idref="fl-f3"/>
      </object_component>
      <object_component id="oc-68">
         <name>.debug_info</name>
         <load_address>0x29293</load_address>
         <run_address>0x29293</run_address>
         <size>0x46</size>
         <input_file_ref idref="fl-f3"/>
      </object_component>
      <object_component id="oc-13b">
         <name>.debug_info</name>
         <load_address>0x292d9</load_address>
         <run_address>0x292d9</run_address>
         <size>0x3ce</size>
         <input_file_ref idref="fl-f4"/>
      </object_component>
      <object_component id="oc-135">
         <name>.debug_info</name>
         <load_address>0x296a7</load_address>
         <run_address>0x296a7</run_address>
         <size>0x185</size>
         <input_file_ref idref="fl-f4"/>
      </object_component>
      <object_component id="oc-87">
         <name>.debug_info</name>
         <load_address>0x2982c</load_address>
         <run_address>0x2982c</run_address>
         <size>0x214</size>
         <input_file_ref idref="fl-f4"/>
      </object_component>
      <object_component id="oc-207">
         <name>.debug_info</name>
         <load_address>0x29a40</load_address>
         <run_address>0x29a40</run_address>
         <size>0x2e6</size>
         <input_file_ref idref="fl-f5"/>
      </object_component>
      <object_component id="oc-fd">
         <name>.debug_info</name>
         <load_address>0x29d26</load_address>
         <run_address>0x29d26</run_address>
         <size>0x1c2</size>
         <input_file_ref idref="fl-f5"/>
      </object_component>
      <object_component id="oc-57">
         <name>.debug_info</name>
         <load_address>0x29ee8</load_address>
         <run_address>0x29ee8</run_address>
         <size>0x111</size>
         <input_file_ref idref="fl-f6"/>
      </object_component>
      <object_component id="oc-64">
         <name>.debug_info</name>
         <load_address>0x29ff9</load_address>
         <run_address>0x29ff9</run_address>
         <size>0x13f</size>
         <input_file_ref idref="fl-f7"/>
      </object_component>
      <object_component id="oc-6f">
         <name>.debug_info</name>
         <load_address>0x2a138</load_address>
         <run_address>0x2a138</run_address>
         <size>0x138</size>
         <input_file_ref idref="fl-f8"/>
      </object_component>
      <object_component id="oc-75">
         <name>.debug_info</name>
         <load_address>0x2a270</load_address>
         <run_address>0x2a270</run_address>
         <size>0x148</size>
         <input_file_ref idref="fl-f9"/>
      </object_component>
      <object_component id="oc-1e9">
         <name>.debug_info</name>
         <load_address>0x2a3b8</load_address>
         <run_address>0x2a3b8</run_address>
         <size>0x355</size>
         <input_file_ref idref="fl-fa"/>
      </object_component>
      <object_component id="oc-f3">
         <name>.debug_info</name>
         <load_address>0x2a70d</load_address>
         <run_address>0x2a70d</run_address>
         <size>0x2e4</size>
[...]
         <value>0x20007a78</value>
      </symbol>
      <symbol id="sm-b8c">
         <name>gesture_lr_count_</name>
         <value>0x20007a64</value>
      </symbol>
      <symbol id="sm-b8d">
         <name>gesture_near_count_</name>
         <value>0x20007a70</value>
      </symbol>
      <symbol id="sm-b8e">
         <name>gesture_far_count_</name>
         <value>0x20007a60</value>
      </symbol>
      <symbol id="sm-b8f">
         <name>gesture_state_</name>
         <value>0x20007a74</value>
      </symbol>
      <symbol id="sm-b90">
         <name>gesture_motion_</name>
         <value>0x20007a6c</value>
      </symbol>
      <symbol id="sm-b91">
         <name>processGestureData</name>
         <value>0x440d</value>
         <object_component_ref idref="oc-c8"/>
      </symbol>
      <symbol id="sm-b92">
         <name>setGestureGain</name>
         <value>0x415f</value>
         <object_component_ref idref="oc-c8"/>
      </symbol>
      <symbol id="sm-b93">
         <name>sensor_init</name>
         <value>0x3ea1</value>
         <object_component_ref idref="oc-c8"/>
      </symbol>
      <symbol id="sm-b94">
         <name>disableGestureSensor</name>
         <value>0x43b1</value>
         <object_component_ref idref="oc-c8"/>
      </symbol>
      <symbol id="sm-b95">
         <name>getGestureMode</name>
         <value>0x40ed</value>
         <object_component_ref idref="oc-c8"/>
      </symbol>
      <symbol id="sm-b96">
         <name>setGestureExitThresh</name>
         <value>0x3dbb</value>
         <object_component_ref idref="oc-c8"/>
      </symbol>
      <symbol id="sm-b97">
         <name>disablePower</name>
         <value>0x48bb</value>
         <object_component_ref idref="oc-c8"/>
      </symbol>
      <symbol id="sm-b98">
         <name>setGestureEnterThresh</name>
         <value>0x3da1</value>
         <object_component_ref idref="oc-c8"/>
      </symbol>
      <symbol id="sm-b99">
         <name>setProxIntLowThresh</name>
         <value>0x3ce5</value>
         <object_component_ref idref="oc-c8"/>
      </symbol>
      <symbol id="sm-b9a">
         <name>setMode</name>
         <value>0x424b</value>
         <object_component_ref idref="oc-c8"/>
      </symbol>
      <symbol id="sm-b9b">
         <name>setAmbientLightGain</name>
         <value>0x3c95</value>
         <object_component_ref idref="oc-c8"/>
      </symbol>
      <symbol id="sm-b9c">
         <name>setGestureWaitTime</name>
         <value>0x3e2f</value>
         <object_component_ref idref="oc-c8"/>
      </symbol>
      <symbol id="sm-b9d">
         <name>isGestureAvailable</name>
         <value>0x43e1</value>
         <object_component_ref idref="oc-c8"/>
      </symbol>
      <symbol id="sm-b9e">
         <name>setGestureLEDDrive</name>
         <value>0x3dd5</value>
         <object_component_ref idref="oc-c8"/>
      </symbol>
      <symbol id="sm-b9f">
         <name>getGestureIntEnable</name>
         <value>0x41b9</value>
         <object_component_ref idref="oc-c8"/>
      </symbol>
      <symbol id="sm-ba0">
         <name>setGestureIntEnable</name>
         <value>0x41db</value>
         <object_component_ref idref="oc-c8"/>
      </symbol>
      <symbol id="sm-ba1">
         <name>decodeGesture</name>
         <value>0x471f</value>
         <object_component_ref idref="oc-c8"/>
      </symbol>
      <symbol id="sm-ba2">
         <name>setGestureMode</name>
         <value>0x410f</value>
         <object_component_ref idref="oc-c8"/>
      </symbol>
      <symbol id="sm-ba3">
         <name>readGesture</name>
         <value>0x4929</value>
         <object_component_ref idref="oc-c8"/>
      </symbol>
      <symbol id="sm-ba4">
         <name>resetGestureParameters</name>
         <value>0x4055</value>
         <object_component_ref idref="oc-c8"/>
      </symbol>
      <symbol id="sm-ba5">
         <name>setLEDBoost</name>
         <value>0x4093</value>
         <object_component_ref idref="oc-c8"/>
      </symbol>
      <symbol id="sm-ba6">
         <name>setLightIntLowThreshold</name>
         <value>0x3d19</value>
         <object_component_ref idref="oc-c8"/>
      </symbol>
      <symbol id="sm-ba7">
         <name>getGestureGain</name>
         <value>0x48d5</value>
         <object_component_ref idref="oc-c8"/>
      </symbol>
      <symbol id="sm-ba8">
         <name>setLightIntHighThreshold</name>
         <value>0x3d5d</value>
         <object_component_ref idref="oc-c8"/>
      </symbol>
      <symbol id="sm-ba9">
         <name>enablePower</name>
         <value>0x48a7</value>
         <object_component_ref idref="oc-c8"/>
      </symbol>
      <symbol id="sm-baa">
         <name>setProxIntHighThresh</name>
         <value>0x3cff</value>
         <object_component_ref idref="oc-c8"/>
      </symbol>
      <symbol id="sm-bab">
         <name>getMode</name>
         <value>0x4235</value>
         <object_component_ref idref="oc-c8"/>
      </symbol>
      <symbol id="sm-bac">
         <name>getGestureWaitTime</name>
         <value>0x3e7f</value>
         <object_component_ref idref="oc-c8"/>
      </symbol>
      <symbol id="sm-bad">
         <name>enableGestureSensor</name>
         <value>0x430d</value>
         <object_component_ref idref="oc-c8"/>
      </symbol>
      <symbol id="sm-bae">
         <name>getGestureLEDDrive</name>
         <value>0x48fd</value>
         <object_component_ref idref="oc-c8"/>
      </symbol>
      <symbol id="sm-baf">
         <name>setLEDDrive</name>
         <value>0x3be1</value>
         <object_component_ref idref="oc-c8"/>
      </symbol>
      <symbol id="sm-bb0">
         <name>setProximityGain</name>
         <value>0x3c3b</value>
         <object_component_ref idref="oc-c8"/>
      </symbol>
      <symbol id="sm-bdc">
         <name>i2c_setup</name>
         <value>0x909f</value>
         <object_component_ref idref="oc-bf"/>
      </symbol>
      <symbol id="sm-bdd">
         <name>ReadDataBlock</name>
         <value>0x90f7</value>
         <object_component_ref idref="oc-bf"/>
      </symbol>
      <symbol id="sm-bde">
         <name>i2c_read</name>
         <value>0x8f81</value>
         <object_component_ref idref="oc-bf"/>
      </symbol>
      <symbol id="sm-bdf">
         <name>i2c_write</name>
         <value>0x904f</value>
         <object_component_ref idref="oc-bf"/>
      </symbol>
      <symbol id="sm-be0">
         <name>i2c_readID</name>
         <value>0x8fe3</value>
         <object_component_ref idref="oc-bf"/>
      </symbol>
      <symbol id="sm-c6d">
         <name>int_status</name>
         <value>0x20007a84</value>
      </symbol>
      <symbol id="sm-c6e">
         <name>g_ui32SysClock</name>
         <value>0x20007a5c</value>
      </symbol>
      <symbol id="sm-c6f">
         <name>GestureTask</name>
         <value>0x20007a54</value>
      </symbol>
      <symbol id="sm-c70">
         <name>taskNotify1</name>
         <value>0x20007a80</value>
      </symbol>
      <symbol id="sm-c71">
         <name>uin8bbgSend</name>
         <value>0x20007a85</value>
      </symbol>
      <symbol id="sm-c72">
         <name>TermSem</name>
         <value>0x20007a58</value>
      </symbol>
      <symbol id="sm-c73">
         <name>vApplicationStackOverflowHook</name>
         <value>0x6d45</value>
         <object_component_ref idref="oc-3c"/>
      </symbol>
      <symbol id="sm-c74">
         <name>StartupTest</name>
         <value>0x6d4f</value>
         <object_component_ref idref="oc-3c"/>
      </symbol>
      <symbol id="sm-c75">
         <name>TimerConfig</name>
         <value>0x6c77</value>
         <object_component_ref idref="oc-3c"/>
      </symbol>
      <symbol id="sm-c76">
         <name>vGestureTask</name>
         <value>0x6ee9</value>
         <object_component_ref idref="oc-3c"/>
      </symbol>
      <symbol id="sm-c77">
         <name>LOG</name>
         <value>0x6c2d</value>
         <object_component_ref idref="oc-3c"/>
      </symbol>
      <symbol id="sm-c78">
         <name>main</name>
         <value>0x7191</value>
         <object_component_ref idref="oc-3c"/>
      </symbol>
      <symbol id="sm-c79">
         <name>vRelayTask</name>
         <value>0x6d75</value>
         <object_component_ref idref="oc-3c"/>
      </symbol>
      <symbol id="sm-c7a">
         <name>CreateTasks</name>
         <value>0x7059</value>
         <object_component_ref idref="oc-3c"/>
      </symbol>
      <symbol id="sm-c7b">
         <name>PortAIntHandler</name>
         <value>0x6c93</value>
         <object_component_ref idref="oc-3c"/>
      </symbol>
      <symbol id="sm-c7c">
         <name>vMainTask</name>
         <value>0x6d6d</value>
         <object_component_ref idref="oc-3c"/>
      </symbol>
      <symbol id="sm-c7d">
         <name>interruptEnable</name>
         <value>0x6ca7</value>
         <object_component_ref idref="oc-3c"/>
      </symbol>
      <symbol id="sm-c7e">
         <name>RelayGPIOEnable</name>
         <value>0x6ce5</value>
         <object_component_ref idref="oc-3c"/>
      </symbol>
      <symbol id="sm-cb1">
         <name>UART_TerminalSend</name>
         <value>0x8ee9</value>
         <object_component_ref idref="oc-42"/>
      </symbol>
      <symbol id="sm-cb2">
         <name>ConfigureUART_BBG</name>
         <value>0x8dab</value>
         <object_component_ref idref="oc-42"/>
      </symbol>
      <symbol id="sm-cb3">
         <name>UART_BBGReceive</name>
         <value>0x8eb9</value>
         <object_component_ref idref="oc-42"/>
      </symbol>
      <symbol id="sm-cb4">
         <name>UARTIntHandler</name>
         <value>0x8d15</value>
         <object_component_ref idref="oc-42"/>
      </symbol>
      <symbol id="sm-cb5">
         <name>UART_BBGSend</name>
         <value>0x8df3</value>
         <object_component_ref idref="oc-42"/>
      </symbol>
      <symbol id="sm-cb6">
         <name>ConfigureUART_terminal</name>
         <value>0x8d71</value>
         <object_component_ref idref="oc-42"/>
      </symbol>
      <symbol id="sm-cc7">
         <name>_c_int00</name>
         <value>0x9fad</value>
         <object_component_ref idref="oc-24"/>
      </symbol>
      <symbol id="sm-cc8">
         <name>__stack</name>
         <value>0x20007a88</value>
         <object_component_ref idref="oc-2a"/>
      </symbol>
      <symbol id="sm-ce6">
         <name>__TI_decompress_lzss</name>
         <value>0x9e81</value>
         <object_component_ref idref="oc-12"/>
      </symbol>
      <symbol id="sm-cfd">
         <name>__TI_decompress_none</name>
         <value>0xa27d</value>
         <object_component_ref idref="oc-18"/>
      </symbol>
      <symbol id="sm-d0f">
         <name>__TI_zero_init</name>
         <value>0xa28b</value>
         <object_component_ref idref="oc-1e"/>
      </symbol>
      <symbol id="sm-d30">
         <name>C$$EXIT</name>
         <value>0xa001</value>
         <object_component_ref idref="oc-86"/>
      </symbol>
      <symbol id="sm-d31">
         <name>abort</name>
         <value>0xa005</value>
         <object_component_ref idref="oc-86"/>
      </symbol>
      <symbol id="sm-d32">
         <name>exit</name>
         <value>0xa00d</value>
         <object_component_ref idref="oc-86"/>
      </symbol>
      <symbol id="sm-d33">
         <name>__TI_dtors_ptr</name>
         <value>0x20007cd0</value>
         <object_component_ref idref="oc-134"/>
      </symbol>
      <symbol id="sm-d34">
         <name>__TI_cleanup_ptr</name>
         <value>0x20007ccc</value>
         <object_component_ref idref="oc-134"/>
      </symbol>
      <symbol id="sm-d35">
         <name>__TI_enable_exit_profile_output</name>
         <value>0x20007cd4</value>
         <object_component_ref idref="oc-134"/>
      </symbol>
      <symbol id="sm-d44">
         <name>ltoa</name>
         <value>0xa055</value>
         <object_component_ref idref="oc-fc"/>
      </symbol>
      <symbol id="sm-d5f">
         <name>memcpy</name>
         <value>0x9bef</value>
         <object_component_ref idref="oc-56"/>
      </symbol>
      <symbol id="sm-d60">
         <name>__aeabi_memcpy</name>
         <value>0x9bef</value>
         <object_component_ref idref="oc-56"/>
      </symbol>
      <symbol id="sm-d61">
         <name>__aeabi_memcpy8</name>
         <value>0x9bef</value>
         <object_component_ref idref="oc-56"/>
      </symbol>
      <symbol id="sm-d62">
         <name>__aeabi_memcpy4</name>
         <value>0x9bef</value>
         <object_component_ref idref="oc-56"/>
      </symbol>
      <symbol id="sm-d71">
         <name>__aeabi_memset</name>
         <value>0x9d99</value>
         <object_component_ref idref="oc-62"/>
      </symbol>
      <symbol id="sm-d72">
         <name>memset</name>
         <value>0x9d9f</value>
         <object_component_ref idref="oc-62"/>
      </symbol>
      <symbol id="sm-d73">
         <name>__aeabi_memset8</name>
         <value>0x9d99</value>
         <object_component_ref idref="oc-62"/>
      </symbol>
      <symbol id="sm-d74">
         <name>__aeabi_memset4</name>
         <value>0x9d99</value>
         <object_component_ref idref="oc-62"/>
      </symbol>
      <symbol id="sm-d75">
         <name>__aeabi_memclr8</name>
         <value>0x9d97</value>
         <object_component_ref idref="oc-62"/>
      </symbol>
      <symbol id="sm-d76">
         <name>__aeabi_memclr4</name>
         <value>0x9d97</value>
         <object_component_ref idref="oc-62"/>
      </symbol>
      <symbol id="sm-d77">
         <name>__aeabi_memclr</name>
         <value>0x9d97</value>
         <object_component_ref idref="oc-62"/>
      </symbol>
      <symbol id="sm-d81">
         <name>__mpu_init</name>
         <value>0x2c57</value>
         <object_component_ref idref="oc-6e"/>
      </symbol>
      <symbol id="sm-d8b">
         <name>_system_pre_init</name>
         <value>0xa2a9</value>
         <object_component_ref idref="oc-74"/>
      </symbol>
      <symbol id="sm-da4">
         <name>sprintf</name>
         <value>0x9f4d</value>
         <object_component_ref idref="oc-f0"/>
      </symbol>
      <symbol id="sm-dac">
         <name>main_func_sp</name>
         <value>0x20007cf4</value>
         <object_component_ref idref="oc-8c"/>
      </symbol>
      <symbol id="sm-dba">
         <name>strlen</name>
         <value>0xa269</value>
         <object_component_ref idref="oc-102"/>
      </symbol>
      <symbol id="sm-dd3">
         <name>_nop</name>
         <value>0xa24f</value>
         <object_component_ref idref="oc-226"/>
      </symbol>
      <symbol id="sm-dd4">
         <name>_lock</name>
         <value>0x20007ce4</value>
         <object_component_ref idref="oc-137"/>
      </symbol>
      <symbol id="sm-dd5">
         <name>_unlock</name>
         <value>0x20007ce8</value>
         <object_component_ref idref="oc-137"/>
      </symbol>
      <symbol id="sm-dd6">
         <name>_register_lock</name>
         <value>0xa247</value>
         <object_component_ref idref="oc-226"/>
      </symbol>
      <symbol id="sm-dd7">
         <name>_register_unlock</name>
         <value>0xa241</value>
         <object_component_ref idref="oc-226"/>
      </symbol>
      <symbol id="sm-ed8">
         <name>__TI_printfi</name>
         <value>0x235d</value>
         <object_component_ref idref="oc-1e2"/>
      </symbol>
      <symbol id="sm-eec">
         <name>_args_main</name>
         <value>0xa211</value>
         <object_component_ref idref="oc-80"/>
      </symbol>
      <symbol id="sm-f02">
         <name>atoi</name>
         <value>0xa0a9</value>
         <object_component_ref idref="oc-2f4"/>
      </symbol>
      <symbol id="sm-f2c">
         <name>__TI_auto_init</name>
         <value>0x9e11</value>
         <object_component_ref idref="oc-7a"/>
      </symbol>
      <symbol id="sm-f46">
         <name>copy_in</name>
         <value>0xa0f5</value>
         <object_component_ref idref="oc-124"/>
      </symbol>
      <symbol id="sm-f51">
         <name>_ctypes_</name>
         <value>0xa45c</value>
         <object_component_ref idref="oc-381"/>
      </symbol>
      <symbol id="sm-f68">
         <name>__aeabi_dsub</name>
         <value>0x93c9</value>
         <object_component_ref idref="oc-2dd"/>
      </symbol>
      <symbol id="sm-f69">
         <name>__aeabi_dadd</name>
         <value>0x93d3</value>
         <object_component_ref idref="oc-2dd"/>
      </symbol>
      <symbol id="sm-f8b">
         <name>__aeabi_cdcmpeq</name>
         <value>0x9c8b</value>
         <object_component_ref idref="oc-2bf"/>
      </symbol>
      <symbol id="sm-f8c">
         <name>__aeabi_cdcmple</name>
         <value>0x9c8b</value>
         <object_component_ref idref="oc-2bf"/>
      </symbol>
      <symbol id="sm-f8d">
         <name>__aeabi_cdrcmple</name>
         <value>0x9d11</value>
         <object_component_ref idref="oc-2ce"/>
      </symbol>
      <symbol id="sm-fa1">
         <name>__aeabi_ddiv</name>
         <value>0x96bd</value>
         <object_component_ref idref="oc-2c9"/>
      </symbol>
      <symbol id="sm-fac">
         <name>__aeabi_dmul</name>
         <value>0x991d</value>
         <object_component_ref idref="oc-2c4"/>
      </symbol>
      <symbol id="sm-fb6">
         <name>__aeabi_d2iz</name>
         <value>0xa141</value>
         <object_component_ref idref="oc-2d3"/>
      </symbol>
      <symbol id="sm-fc0">
         <name>__aeabi_i2d</name>
         <value>0xa1c7</value>
         <object_component_ref idref="oc-2d8"/>
      </symbol>
      <symbol id="sm-fd0">
         <name>memccpy</name>
         <value>0xa1f5</value>
         <object_component_ref idref="oc-2fa"/>
      </symbol>
      <symbol id="sm-feb">
         <name>frexpl</name>
         <value>0x9ee9</value>
         <object_component_ref idref="oc-2e2"/>
      </symbol>
      <symbol id="sm-fec">
         <name>frexp</name>
         <value>0x9ee9</value>
         <object_component_ref idref="oc-2e2"/>
      </symbol>
      <symbol id="sm-1009">
         <name>scalbn</name>
         <value>0x9a19</value>
         <object_component_ref idref="oc-2e8"/>
      </symbol>
      <symbol id="sm-100a">
         <name>scalbnl</name>
         <value>0x9a19</value>
         <object_component_ref idref="oc-2e8"/>
      </symbol>
      <symbol id="sm-100b">
         <name>ldexpl</name>
         <value>0x9a19</value>
         <object_component_ref idref="oc-2e8"/>
      </symbol>
      <symbol id="sm-100c">
         <name>ldexp</name>
         <value>0x9a19</value>
         <object_component_ref idref="oc-2e8"/>
      </symbol>
      <symbol id="sm-1016">
         <name>_system_post_cinit</name>
         <value>0x957f</value>
         <object_component_ref idref="oc-12a"/>
      </symbol>
      <symbol id="sm-1026">
         <name>strchr</name>
         <value>0xa229</value>
         <object_component_ref idref="oc-2ee"/>
      </symbol>
      <symbol id="sm-1042">
         <name>__aeabi_uldivmod</name>
         <value>0x91d5</value>
         <object_component_ref idref="oc-2ba"/>
      </symbol>
      <symbol id="sm-104a">
         <name>errno</name>
         <value>0x20007cf0</value>
         <object_component_ref idref="oc-37a"/>
      </symbol>
      <symbol id="sm-1054">
         <name>copysign</name>
         <value>0xa255</value>
         <object_component_ref idref="oc-374"/>
      </symbol>
      <symbol id="sm-1055">
         <name>copysignl</name>
         <value>0xa255</value>
         <object_component_ref idref="oc-374"/>
      </symbol>
      <symbol id="sm-1056">
         <name>__TI_static_base__</name>
         <value>0x0</value>
      </symbol>
      <symbol id="sm-1059">
         <name>SHT$$INIT_ARRAY$$Limit</name>
         <value>0x0</value>
      </symbol>
      <symbol id="sm-105a">
         <name>SHT$$INIT_ARRAY$$Base</name>
         <value>0x0</value>
      </symbol>
   </symbol_table>
   <title>Link successful</title>
</link_info>
